******************************************************************************
                  TI ARM Linker PC v20.2.4                     
******************************************************************************
>> Linked Thu May 26 17:58:15 2022

OUTPUT FILE NAME:   <lab_1.out>
ENTRY POINT SYMBOL: "_c_int00_noargs"  address: 000025b9


MEMORY CONFIGURATION

         name            origin    length      used     unused   attr    fill
----------------------  --------  ---------  --------  --------  ----  --------
  FLASH                 00000000   00040000  0000290b  0003d6f5  R  X
  SRAM                  20000000   00008000  00000ac9  00007537  RW X


SEGMENT ALLOCATION MAP

run origin  load origin   length   init length attrs members
----------  ----------- ---------- ----------- ----- -------
00000000    00000000    00002910   00002910    r-x
  00000000    00000000    0000026c   0000026c    r-- .intvecs
  0000026c    0000026c    00002534   00002534    r-x .text
  000027a0    000027a0    0000012b   0000012b    r-- .const
  000028d0    000028d0    00000040   00000040    r-- .cinit
20000000    20000000    00000acd   00000000    rw-
  20000000    20000000    0000026c   00000000    rw- .vtable
  20000270    20000270    00000800   00000000    rw- .stack
  20000a70    20000a70    00000058   00000000    rw- .bss
  20000ac8    20000ac8    00000005   00000000    rw- .data


SECTION ALLOCATION MAP

 output                                  attributes/
section   page    origin      length       input sections
--------  ----  ----------  ----------   ----------------
.intvecs   0    00000000    0000026c     
                  00000000    0000026c     tm4c123gh6pm_startup_ccs.obj (.intvecs)

.text      0    0000026c    00002534     
                  0000026c    00000a4e     rtsv7M4_T_le_v4SPD16_eabi.lib : _printfi.c.obj (.text:__TI_printfi)
                  00000cba    00000002                                   : div0.asm.obj (.text)
                  00000cbc    000003b8     lcd.obj (.text)
                  00001074    00000270     rtsv7M4_T_le_v4SPD16_eabi.lib : _printfi.c.obj (.text:_pconv_a)
                  000012e4    00000248     Timer.obj (.text)
                  0000152c    000001d0     rtsv7M4_T_le_v4SPD16_eabi.lib : _printfi.c.obj (.text:_pconv_g)
                  000016fc    000001b6                                   : fd_add_t2.asm.obj (.text)
                  000018b2    00000002     --HOLE-- [fill = 0]
                  000018b4    0000013c                                   : _printfi.c.obj (.text:_pconv_e)
                  000019f0    00000136                                   : fd_div_t2.asm.obj (.text)
                  00001b26    00000002     --HOLE-- [fill = 0]
                  00001b28    00000124                                   : _printfi.c.obj (.text:fcvt)
                  00001c4c    00000110                                   : s_scalbn.c.obj (.text:scalbn)
                  00001d5c    000000fc                                   : fd_mul_t2.asm.obj (.text)
                  00001e58    000000b1                                   : _printfi.c.obj (.text:_ltostr)
                  00001f09    00000001     --HOLE-- [fill = 0]
                  00001f0a    0000009c                                   : memcpy_t2.asm.obj (.text)
                  00001fa6    00000096                                   : ull_div_t2.asm.obj (.text)
                  0000203c    00000086                                   : fd_cmp_t2.asm.obj (.text:__aeabi_cdcmple)
                  000020c2    00000086                                   : fd_cmp_t2.asm.obj (.text:__aeabi_cdrcmple)
                  00002148    0000007a                                   : memset_t2.asm.obj (.text)
                  000021c2    0000006e                                   : _printfi.c.obj (.text:_mcpy)
                  00002230    00000068                                   : copy_decompress_lzss.c.obj (.text:decompress:lzss:__TI_decompress_lzss)
                  00002298    00000064                                   : s_frexp.c.obj (.text:frexp)
                  000022fc    00000056                                   : _printfi.c.obj (.text:_pconv_f)
                  00002352    00000054                                   : _ltoa.c.obj (.text:__TI_ltoa)
                  000023a6    00000052                                   : _printfi.c.obj (.text:_ecpy)
                  000023f8    0000004c                                   : atoi.c.obj (.text:atoi)
                  00002444    00000048                                   : fd_toi_t2.asm.obj (.text)
                  0000248c    00000044                                   : autoinit.c.obj (.text:__TI_auto_init_nobinit_nopinit:__TI_auto_init_nobinit_nopinit)
                  000024d0    00000040                                   : vsnprintf.c.obj (.text:vsnprintf)
                  00002510    0000003e                                   : _printfi.c.obj (.text:_fcpy)
                  0000254e    00000036                                   : strncpy.c.obj (.text:strncpy)
                  00002584    00000034     driverlib.lib : interrupt.obj (.text:IntRegister)
                  000025b8    00000034     rtsv7M4_T_le_v4SPD16_eabi.lib : boot_cortex_m.c.obj (.text:_c_int00_noargs:_c_int00_noargs)
                  000025ec    00000030                                   : vsnprintf.c.obj (.text:_outs)
                  0000261c    0000002e                                   : i_tofd_t2.asm.obj (.text)
                  0000264a    00000002     --HOLE-- [fill = 0]
                  0000264c    00000028     main.obj (.text)
                  00002674    0000001e     rtsv7M4_T_le_v4SPD16_eabi.lib : strcat.c.obj (.text:strcat)
                  00002692    0000001c                                   : copy_zero_init.c.obj (.text:decompress:ZI:__TI_zero_init_nomemset:__TI_zero_init_nomemset)
                  000026ae    0000001c                                   : memccpy.c.obj (.text:memccpy)
                  000026ca    0000001a                                   : s_copysign.c.obj (.text:copysign)
                  000026e4    00000018                                   : vsnprintf.c.obj (.text:_outc)
                  000026fc    00000018                                   : strcmp.c.obj (.text:strcmp)
                  00002714    00000016                                   : strchr.c.obj (.text:strchr)
                  0000272a    00000014                                   : strcpy.c.obj (.text:strcpy)
                  0000273e    00000014                                   : strlen.c.obj (.text:strlen)
                  00002752    00000012                                   : wcslen.c.obj (.text:wcslen)
                  00002764    00000010     lcd.obj (.text:lcd_clear)
                  00002774    0000000e     rtsv7M4_T_le_v4SPD16_eabi.lib : copy_decompress_none.c.obj (.text:decompress:none:__TI_decompress_none)
                  00002782    0000000c     tm4c123gh6pm_startup_ccs.obj (.text)
                  0000278e    00000002     --HOLE-- [fill = 0]
                  00002790    00000008     rtsv7M4_T_le_v4SPD16_eabi.lib : errno.c.obj (.text:__aeabi_errno_addr)
                  00002798    00000004                                   : pre_init.c.obj (.text:_system_pre_init)
                  0000279c    00000004                                   : exit.c.obj (.text:abort:abort)

.const     0    000027a0    0000012b     
                  000027a0    00000101     rtsv7M4_T_le_v4SPD16_eabi.lib : ctype.c.obj (.const:.string:_ctypes_)
                  000028a1    00000022     main.obj (.const:.string:$P$T0$1)
                  000028c3    00000004     lcd.obj (.const:.string:lineAddress$1)
                  000028c7    00000004     lcd.obj (.const:.string:lineAddresses$2)

.cinit     0    000028d0    00000040     
                  000028d0    0000000c     (__TI_handler_table)
                  000028dc    00000004     --HOLE-- [fill = 0]
                  000028e0    00000008     (.cinit..bss.load) [load image, compression = zero_init]
                  000028e8    00000008     (.cinit..vtable.load) [load image, compression = zero_init]
                  000028f0    00000007     (.cinit..data.load) [load image, compression = lzss]
                  000028f7    00000001     --HOLE-- [fill = 0]
                  000028f8    00000018     (__TI_cinit_table)

.init_array 
*          0    00000000    00000000     UNINITIALIZED

.vtable    0    20000000    0000026c     UNINITIALIZED
                  20000000    0000026c     driverlib.lib : interrupt.obj (.vtable)

.bss       0    20000a70    00000058     UNINITIALIZED
                  20000a70    00000054     lcd.obj (.bss:lastbuffer$3)
                  20000ac4    00000004     (.common:_timeout_ticks)

.data      0    20000ac8    00000005     UNINITIALIZED
                  20000ac8    00000004     rtsv7M4_T_le_v4SPD16_eabi.lib : errno.c.obj (.data)
                  20000acc    00000001     Timer.obj (.data)

.stack     0    20000270    00000800     UNINITIALIZED
                  20000270    00000004     rtsv7M4_T_le_v4SPD16_eabi.lib : boot_cortex_m.c.obj (.stack)
                  20000274    000007fc     --HOLE--

__llvm_prf_cnts 
*          0    20000000    00000000     UNINITIALIZED

MODULE SUMMARY

       Module                         code   ro data   rw data
       ------                         ----   -------   -------
    .\
       lcd.obj                        968    8         84     
       tm4c123gh6pm_startup_ccs.obj   12     620       0      
       Timer.obj                      584    0         5      
       main.obj                       40     34        0      
    +--+------------------------------+------+---------+---------+
       Total:                         1604   662       89     
                                                              
    C:/ti/TivaWare_C_Series-2.1.4.178/driverlib/ccs/Debug/driverlib.lib
       interrupt.obj                  52     0         620    
    +--+------------------------------+------+---------+---------+
       Total:                         52     0         620    
                                                              
    C:\ti\ccs1031\ccs\tools\compiler\ti-cgt-arm_20.2.4.LTS\lib\rtsv7M4_T_le_v4SPD16_eabi.lib
       _printfi.c.obj                 4851   0         0      
       fd_add_t2.asm.obj              438    0         0      
       fd_div_t2.asm.obj              310    0         0      
       s_scalbn.c.obj                 272    0         0      
       fd_cmp_t2.asm.obj              268    0         0      
       ctype.c.obj                    0      257       0      
       fd_mul_t2.asm.obj              252    0         0      
       memcpy_t2.asm.obj              156    0         0      
       ull_div_t2.asm.obj             150    0         0      
       vsnprintf.c.obj                136    0         0      
       memset_t2.asm.obj              122    0         0      
       copy_decompress_lzss.c.obj     104    0         0      
       s_frexp.c.obj                  100    0         0      
       _ltoa.c.obj                    84     0         0      
       atoi.c.obj                     76     0         0      
       fd_toi_t2.asm.obj              72     0         0      
       autoinit.c.obj                 68     0         0      
       strncpy.c.obj                  54     0         0      
       boot_cortex_m.c.obj            52     0         0      
       i_tofd_t2.asm.obj              46     0         0      
       strcat.c.obj                   30     0         0      
       copy_zero_init.c.obj           28     0         0      
       memccpy.c.obj                  28     0         0      
       s_copysign.c.obj               26     0         0      
       strcmp.c.obj                   24     0         0      
       strchr.c.obj                   22     0         0      
       strcpy.c.obj                   20     0         0      
       strlen.c.obj                   20     0         0      
       wcslen.c.obj                   18     0         0      
       copy_decompress_none.c.obj     14     0         0      
       errno.c.obj                    8      0         4      
       exit.c.obj                     4      0         0      
       pre_init.c.obj                 4      0         0      
       div0.asm.obj                   2      0         0      
    +--+------------------------------+------+---------+---------+
       Total:                         7859   257       4      
                                                              
       Stack:                         0      0         2048   
       Linker Generated:              0      59        0      
    +--+------------------------------+------+---------+---------+
       Grand Total:                   9515   978       2761   


LINKER GENERATED COPY TABLES

__TI_cinit_table @ 000028f8 records: 3, size/record: 8, table size: 24
	.bss: load addr=000028e0, load size=00000008 bytes, run addr=20000a70, run size=00000058 bytes, compression=zero_init
	.vtable: load addr=000028e8, load size=00000008 bytes, run addr=20000000, run size=0000026c bytes, compression=zero_init
	.data: load addr=000028f0, load size=00000007 bytes, run addr=20000ac8, run size=00000005 bytes, compression=lzss


LINKER GENERATED HANDLER TABLE

__TI_handler_table @ 000028d0 records: 3, size/record: 4, table size: 12
	index: 0, handler: __TI_zero_init
	index: 1, handler: __TI_decompress_lzss
	index: 2, handler: __TI_decompress_none


GLOBAL SYMBOLS: SORTED ALPHABETICALLY BY Name 

address   name                          
-------   ----                          
0000279d  C$$EXIT                       
00002585  IntRegister                   
00002783  ResetISR                      
20000a70  __STACK_END                   
00000800  __STACK_SIZE                  
20000470  __STACK_TOP                   
000028f8  __TI_CINIT_Base               
00002910  __TI_CINIT_Limit              
000028d0  __TI_Handler_Table_Base       
000028dc  __TI_Handler_Table_Limit      
0000248d  __TI_auto_init_nobinit_nopinit
00002231  __TI_decompress_lzss          
00002775  __TI_decompress_none          
00002353  __TI_ltoa                     
ffffffff  __TI_pprof_out_hndl           
0000026d  __TI_printfi                  
ffffffff  __TI_prof_data_size           
ffffffff  __TI_prof_data_start          
00000000  __TI_static_base__            
00002693  __TI_zero_init_nomemset       
0000203d  __aeabi_cdcmpeq               
0000203d  __aeabi_cdcmple               
000020c3  __aeabi_cdrcmple              
00002445  __aeabi_d2iz                  
00001707  __aeabi_dadd                  
000019f1  __aeabi_ddiv                  
00001d5d  __aeabi_dmul                  
000016fd  __aeabi_dsub                  
00002791  __aeabi_errno_addr            
0000261d  __aeabi_i2d                   
00000cbb  __aeabi_idiv0                 
00000cbb  __aeabi_ldiv0                 
00002149  __aeabi_memclr                
00002149  __aeabi_memclr4               
00002149  __aeabi_memclr8               
00001f0b  __aeabi_memcpy                
00001f0b  __aeabi_memcpy4               
00001f0b  __aeabi_memcpy8               
0000214b  __aeabi_memset                
0000214b  __aeabi_memset4               
0000214b  __aeabi_memset8               
00001fa7  __aeabi_uldivmod              
ffffffff  __binit__                     
ffffffff  __c_args__                    
UNDEFED   __mpu_init                    
20000270  __stack                       
20000000  __start___llvm_prf_cnts       
20000000  __stop___llvm_prf_cnts        
000025b9  _c_int00_noargs               
000027a0  _ctypes_                      
20000acc  _running                      
UNDEFED   _system_post_cinit            
00002799  _system_pre_init              
20000ac4  _timeout_ticks                
0000279d  abort                         
000023f9  atoi                          
ffffffff  binit                         
000026cb  copysign                      
000026cb  copysignl                     
20000ac8  errno                         
00002299  frexp                         
00002299  frexpl                        
20000000  g_pfnRAMVectors               
00000000  g_pfnVectors                  
00002765  lcd_clear                     
00000e91  lcd_gotoLine                  
00000cf9  lcd_init                      
00000ef7  lcd_printf                    
00000db9  lcd_putc                      
00000df1  lcd_puts                      
00000cbd  lcd_reverseNibble             
00000e0f  lcd_sendCommand               
00000e4d  lcd_sendNibble                
00000eb9  lcd_setCursorPos              
00001c4d  ldexp                         
00001c4d  ldexpl                        
0000264d  main                          
000026af  memccpy                       
00001f0b  memcpy                        
00002151  memset                        
00000fd5  rotate_banner                 
00001c4d  scalbn                        
00001c4d  scalbnl                       
00002675  strcat                        
00002715  strchr                        
000026fd  strcmp                        
0000272b  strcpy                        
0000273f  strlen                        
0000254f  strncpy                       
00001403  timer_getMicros               
000013ab  timer_getMillis               
000012e5  timer_init                    
00001387  timer_pause                   
00001399  timer_resume                  
0000135d  timer_stop                    
0000145d  timer_waitMicros              
0000148f  timer_waitMillis              
000024d1  vsnprintf                     
00002753  wcslen                        


GLOBAL SYMBOLS: SORTED BY Symbol Address 

address   name                          
-------   ----                          
00000000  __TI_static_base__            
00000000  g_pfnVectors                  
0000026d  __TI_printfi                  
00000800  __STACK_SIZE                  
00000cbb  __aeabi_idiv0                 
00000cbb  __aeabi_ldiv0                 
00000cbd  lcd_reverseNibble             
00000cf9  lcd_init                      
00000db9  lcd_putc                      
00000df1  lcd_puts                      
00000e0f  lcd_sendCommand               
00000e4d  lcd_sendNibble                
00000e91  lcd_gotoLine                  
00000eb9  lcd_setCursorPos              
00000ef7  lcd_printf                    
00000fd5  rotate_banner                 
000012e5  timer_init                    
0000135d  timer_stop                    
00001387  timer_pause                   
00001399  timer_resume                  
000013ab  timer_getMillis               
00001403  timer_getMicros               
0000145d  timer_waitMicros              
0000148f  timer_waitMillis              
000016fd  __aeabi_dsub                  
00001707  __aeabi_dadd                  
000019f1  __aeabi_ddiv                  
00001c4d  ldexp                         
00001c4d  ldexpl                        
00001c4d  scalbn                        
00001c4d  scalbnl                       
00001d5d  __aeabi_dmul                  
00001f0b  __aeabi_memcpy                
00001f0b  __aeabi_memcpy4               
00001f0b  __aeabi_memcpy8               
00001f0b  memcpy                        
00001fa7  __aeabi_uldivmod              
0000203d  __aeabi_cdcmpeq               
0000203d  __aeabi_cdcmple               
000020c3  __aeabi_cdrcmple              
00002149  __aeabi_memclr                
00002149  __aeabi_memclr4               
00002149  __aeabi_memclr8               
0000214b  __aeabi_memset                
0000214b  __aeabi_memset4               
0000214b  __aeabi_memset8               
00002151  memset                        
00002231  __TI_decompress_lzss          
00002299  frexp                         
00002299  frexpl                        
00002353  __TI_ltoa                     
000023f9  atoi                          
00002445  __aeabi_d2iz                  
0000248d  __TI_auto_init_nobinit_nopinit
000024d1  vsnprintf                     
0000254f  strncpy                       
00002585  IntRegister                   
000025b9  _c_int00_noargs               
0000261d  __aeabi_i2d                   
0000264d  main                          
00002675  strcat                        
00002693  __TI_zero_init_nomemset       
000026af  memccpy                       
000026cb  copysign                      
000026cb  copysignl                     
000026fd  strcmp                        
00002715  strchr                        
0000272b  strcpy                        
0000273f  strlen                        
00002753  wcslen                        
00002765  lcd_clear                     
00002775  __TI_decompress_none          
00002783  ResetISR                      
00002791  __aeabi_errno_addr            
00002799  _system_pre_init              
0000279d  C$$EXIT                       
0000279d  abort                         
000027a0  _ctypes_                      
000028d0  __TI_Handler_Table_Base       
000028dc  __TI_Handler_Table_Limit      
000028f8  __TI_CINIT_Base               
00002910  __TI_CINIT_Limit              
20000000  __start___llvm_prf_cnts       
20000000  __stop___llvm_prf_cnts        
20000000  g_pfnRAMVectors               
20000270  __stack                       
20000470  __STACK_TOP                   
20000a70  __STACK_END                   
20000ac4  _timeout_ticks                
20000ac8  errno                         
20000acc  _running                      
ffffffff  __TI_pprof_out_hndl           
ffffffff  __TI_prof_data_size           
ffffffff  __TI_prof_data_start          
ffffffff  __binit__                     
ffffffff  __c_args__                    
ffffffff  binit                         
UNDEFED   __mpu_init                    
UNDEFED   _system_post_cinit            

[99 symbols]
