******************************************************************************
                  TI ARM Linker PC v20.2.4                     
******************************************************************************
>> Linked Tue Jun 21 10:49:47 2022

OUTPUT FILE NAME:   <lab_5.out>
ENTRY POINT SYMBOL: "_c_int00_noargs"  address: 00002af5


MEMORY CONFIGURATION

         name            origin    length      used     unused   attr    fill
----------------------  --------  ---------  --------  --------  ----  --------
  FLASH                 00000000   00040000  00002dfd  0003d203  R  X
  SRAM                  20000000   00008000  00000b0c  000074f4  RW X


SEGMENT ALLOCATION MAP

run origin  load origin   length   init length attrs members
----------  ----------- ---------- ----------- ----- -------
00000000    00000000    00002e00   00002e00    r-x
  00000000    00000000    0000026c   0000026c    r-- .intvecs
  0000026c    0000026c    00002a48   00002a48    r-x .text
  00002cb4    00002cb4    00000109   00000109    r-- .const
  00002dc0    00002dc0    00000040   00000040    r-- .cinit
20000000    20000000    00000b10   00000000    rw-
  20000000    20000000    0000026c   00000000    rw- .vtable
  20000270    20000270    00000800   00000000    rw- .stack
  20000a70    20000a70    0000008c   00000000    rw- .bss
  20000afc    20000afc    00000014   00000000    rw- .data


SECTION ALLOCATION MAP

 output                                  attributes/
section   page    origin      length       input sections
--------  ----  ----------  ----------   ----------------
.intvecs   0    00000000    0000026c     
                  00000000    0000026c     tm4c123gh6pm_startup_ccs.obj (.intvecs)

.text      0    0000026c    00002a48     
                  0000026c    00000a4e     rtsv7M4_T_le_v4SPD16_eabi.lib : _printfi.c.obj (.text:__TI_printfi)
                  00000cba    00000002                                   : div0.asm.obj (.text)
                  00000cbc    00000328     lcd.obj (.text)
                  00000fe4    000002a8     libcybotUART.lib : uart.obj (.text)
                  0000128c    00000270     rtsv7M4_T_le_v4SPD16_eabi.lib : _printfi.c.obj (.text:_pconv_a)
                  000014fc    00000248     Timer.obj (.text)
                  00001744    00000218     lab5_template.obj (.text)
                  0000195c    000001d0     rtsv7M4_T_le_v4SPD16_eabi.lib : _printfi.c.obj (.text:_pconv_g)
                  00001b2c    000001b6                                   : fd_add_t2.asm.obj (.text)
                  00001ce2    00000002     --HOLE-- [fill = 0]
                  00001ce4    0000013c                                   : _printfi.c.obj (.text:_pconv_e)
                  00001e20    00000136                                   : fd_div_t2.asm.obj (.text)
                  00001f56    00000002     --HOLE-- [fill = 0]
                  00001f58    00000124                                   : _printfi.c.obj (.text:fcvt)
                  0000207c    00000110                                   : s_scalbn.c.obj (.text:scalbn)
                  0000218c    00000100     button.obj (.text)
                  0000228c    000000fc     rtsv7M4_T_le_v4SPD16_eabi.lib : fd_mul_t2.asm.obj (.text)
                  00002388    000000b1                                   : _printfi.c.obj (.text:_ltostr)
                  00002439    00000001     --HOLE-- [fill = 0]
                  0000243a    0000009c                                   : memcpy_t2.asm.obj (.text)
                  000024d6    00000096                                   : ull_div_t2.asm.obj (.text)
                  0000256c    00000086                                   : fd_cmp_t2.asm.obj (.text:__aeabi_cdcmple)
                  000025f2    00000086                                   : fd_cmp_t2.asm.obj (.text:__aeabi_cdrcmple)
                  00002678    0000007a                                   : memset_t2.asm.obj (.text)
                  000026f2    0000006e                                   : _printfi.c.obj (.text:_mcpy)
                  00002760    00000068                                   : copy_decompress_lzss.c.obj (.text:decompress:lzss:__TI_decompress_lzss)
                  000027c8    00000064                                   : s_frexp.c.obj (.text:frexp)
                  0000282c    00000056                                   : _printfi.c.obj (.text:_pconv_f)
                  00002882    00000054                                   : _ltoa.c.obj (.text:__TI_ltoa)
                  000028d6    00000052                                   : _printfi.c.obj (.text:_ecpy)
                  00002928    0000004c                                   : atoi.c.obj (.text:atoi)
                  00002974    00000048                                   : fd_toi_t2.asm.obj (.text)
                  000029bc    00000044                                   : autoinit.c.obj (.text:__TI_auto_init_nobinit_nopinit:__TI_auto_init_nobinit_nopinit)
                  00002a00    00000040                                   : sprintf.c.obj (.text:sprintf)
                  00002a40    00000040                                   : vsnprintf.c.obj (.text:vsnprintf)
                  00002a80    0000003e                                   : _printfi.c.obj (.text:_fcpy)
                  00002abe    00000002     --HOLE-- [fill = 0]
                  00002ac0    00000034     driverlib.lib : interrupt.obj (.text:IntRegister)
                  00002af4    00000034     rtsv7M4_T_le_v4SPD16_eabi.lib : boot_cortex_m.c.obj (.text:_c_int00_noargs:_c_int00_noargs)
                  00002b28    00000030                                   : vsnprintf.c.obj (.text:_outs)
                  00002b58    0000002e                                   : i_tofd_t2.asm.obj (.text)
                  00002b86    0000001c                                   : copy_zero_init.c.obj (.text:decompress:ZI:__TI_zero_init_nomemset:__TI_zero_init_nomemset)
                  00002ba2    0000001c                                   : memccpy.c.obj (.text:memccpy)
                  00002bbe    0000001a                                   : s_copysign.c.obj (.text:copysign)
                  00002bd8    00000018                                   : vsnprintf.c.obj (.text:_outc)
                  00002bf0    00000018                                   : sprintf.c.obj (.text:_outs)
                  00002c08    00000018                                   : strcmp.c.obj (.text:strcmp)
                  00002c20    00000016                                   : strchr.c.obj (.text:strchr)
                  00002c36    00000014                                   : strcpy.c.obj (.text:strcpy)
                  00002c4a    00000014                                   : strlen.c.obj (.text:strlen)
                  00002c5e    00000012                                   : wcslen.c.obj (.text:wcslen)
                  00002c70    00000010     lcd.obj (.text:lcd_clear)
                  00002c80    0000000e     rtsv7M4_T_le_v4SPD16_eabi.lib : copy_decompress_none.c.obj (.text:decompress:none:__TI_decompress_none)
                  00002c8e    0000000c     tm4c123gh6pm_startup_ccs.obj (.text)
                  00002c9a    0000000a     rtsv7M4_T_le_v4SPD16_eabi.lib : sprintf.c.obj (.text:_outc)
                  00002ca4    00000008                                   : errno.c.obj (.text:__aeabi_errno_addr)
                  00002cac    00000004                                   : pre_init.c.obj (.text:_system_pre_init)
                  00002cb0    00000004                                   : exit.c.obj (.text:abort:abort)

.const     0    00002cb4    00000109     
                  00002cb4    00000101     rtsv7M4_T_le_v4SPD16_eabi.lib : ctype.c.obj (.const:.string:_ctypes_)
                  00002db5    00000004     lcd.obj (.const:.string:lineAddress$1)
                  00002db9    00000004     lcd.obj (.const:.string:lineAddresses$2)

.cinit     0    00002dc0    00000040     
                  00002dc0    0000000c     (__TI_handler_table)
                  00002dcc    00000004     --HOLE-- [fill = 0]
                  00002dd0    00000008     (.cinit..bss.load) [load image, compression = zero_init]
                  00002dd8    00000008     (.cinit..data.load) [load image, compression = lzss]
                  00002de0    00000008     (.cinit..vtable.load) [load image, compression = zero_init]
                  00002de8    00000018     (__TI_cinit_table)

.init_array 
*          0    00000000    00000000     UNINITIALIZED

.vtable    0    20000000    0000026c     UNINITIALIZED
                  20000000    0000026c     driverlib.lib : interrupt.obj (.vtable)

.bss       0    20000a70    0000008c     UNINITIALIZED
                  20000a70    00000054     lcd.obj (.bss:lastbuffer$3)
                  20000ac4    00000034     (.common:isr_char_buffer)
                  20000af8    00000004     (.common:_timeout_ticks)

.data      0    20000afc    00000014     UNINITIALIZED
                  20000afc    00000009     button.obj (.data)
                  20000b05    00000001     Timer.obj (.data)
                  20000b06    00000002     --HOLE--
                  20000b08    00000004     libcybotUART.lib : uart.obj (.data)
                  20000b0c    00000004     rtsv7M4_T_le_v4SPD16_eabi.lib : errno.c.obj (.data)

.stack     0    20000270    00000800     UNINITIALIZED
                  20000270    00000004     rtsv7M4_T_le_v4SPD16_eabi.lib : boot_cortex_m.c.obj (.stack)
                  20000274    000007fc     --HOLE--

__llvm_prf_cnts 
*          0    20000000    00000000     UNINITIALIZED

MODULE SUMMARY

       Module                         code    ro data   rw data
       ------                         ----    -------   -------
    .\
       lcd.obj                        824     8         84     
       tm4c123gh6pm_startup_ccs.obj   12      620       0      
       Timer.obj                      584     0         5      
       lab5_template.obj              536     0         0      
       button.obj                     256     0         9      
    +--+------------------------------+-------+---------+---------+
       Total:                         2212    628       98     
                                                               
    ../libcybotUART.lib
       uart.obj                       680     0         56     
    +--+------------------------------+-------+---------+---------+
       Total:                         680     0         56     
                                                               
    C:/ti/TivaWare_C_Series-2.1.4.178/driverlib/ccs/Debug/driverlib.lib
       interrupt.obj                  52      0         620    
    +--+------------------------------+-------+---------+---------+
       Total:                         52      0         620    
                                                               
    C:\ti\ccs1031\ccs\tools\compiler\ti-cgt-arm_20.2.4.LTS\lib\rtsv7M4_T_le_v4SPD16_eabi.lib
       _printfi.c.obj                 4851    0         0      
       fd_add_t2.asm.obj              438     0         0      
       fd_div_t2.asm.obj              310     0         0      
       s_scalbn.c.obj                 272     0         0      
       fd_cmp_t2.asm.obj              268     0         0      
       ctype.c.obj                    0       257       0      
       fd_mul_t2.asm.obj              252     0         0      
       memcpy_t2.asm.obj              156     0         0      
       ull_div_t2.asm.obj             150     0         0      
       vsnprintf.c.obj                136     0         0      
       memset_t2.asm.obj              122     0         0      
       copy_decompress_lzss.c.obj     104     0         0      
       s_frexp.c.obj                  100     0         0      
       sprintf.c.obj                  98      0         0      
       _ltoa.c.obj                    84      0         0      
       atoi.c.obj                     76      0         0      
       fd_toi_t2.asm.obj              72      0         0      
       autoinit.c.obj                 68      0         0      
       boot_cortex_m.c.obj            52      0         0      
       i_tofd_t2.asm.obj              46      0         0      
       copy_zero_init.c.obj           28      0         0      
       memccpy.c.obj                  28      0         0      
       s_copysign.c.obj               26      0         0      
       strcmp.c.obj                   24      0         0      
       strchr.c.obj                   22      0         0      
       strcpy.c.obj                   20      0         0      
       strlen.c.obj                   20      0         0      
       wcslen.c.obj                   18      0         0      
       copy_decompress_none.c.obj     14      0         0      
       errno.c.obj                    8       0         4      
       exit.c.obj                     4       0         0      
       pre_init.c.obj                 4       0         0      
       div0.asm.obj                   2       0         0      
    +--+------------------------------+-------+---------+---------+
       Total:                         7873    257       4      
                                                               
       Stack:                         0       0         2048   
       Linker Generated:              0       60        0      
    +--+------------------------------+-------+---------+---------+
       Grand Total:                   10817   945       2826   


LINKER GENERATED COPY TABLES

__TI_cinit_table @ 00002de8 records: 3, size/record: 8, table size: 24
	.bss: load addr=00002dd0, load size=00000008 bytes, run addr=20000a70, run size=0000008c bytes, compression=zero_init
	.data: load addr=00002dd8, load size=00000008 bytes, run addr=20000afc, run size=00000014 bytes, compression=lzss
	.vtable: load addr=00002de0, load size=00000008 bytes, run addr=20000000, run size=0000026c bytes, compression=zero_init


LINKER GENERATED HANDLER TABLE

__TI_handler_table @ 00002dc0 records: 3, size/record: 4, table size: 12
	index: 0, handler: __TI_zero_init
	index: 1, handler: __TI_decompress_lzss
	index: 2, handler: __TI_decompress_none


GLOBAL SYMBOLS: SORTED ALPHABETICALLY BY Name 

address   name                          
-------   ----                          
00002cb1  C$$EXIT                       
00002ac1  IntRegister                   
00002c8f  ResetISR                      
20000a70  __STACK_END                   
00000800  __STACK_SIZE                  
20000470  __STACK_TOP                   
00002de8  __TI_CINIT_Base               
00002e00  __TI_CINIT_Limit              
00002dc0  __TI_Handler_Table_Base       
00002dcc  __TI_Handler_Table_Limit      
000029bd  __TI_auto_init_nobinit_nopinit
00002761  __TI_decompress_lzss          
00002c81  __TI_decompress_none          
00002883  __TI_ltoa                     
ffffffff  __TI_pprof_out_hndl           
0000026d  __TI_printfi                  
ffffffff  __TI_prof_data_size           
ffffffff  __TI_prof_data_start          
00000000  __TI_static_base__            
00002b87  __TI_zero_init_nomemset       
0000256d  __aeabi_cdcmpeq               
0000256d  __aeabi_cdcmple               
000025f3  __aeabi_cdrcmple              
00002975  __aeabi_d2iz                  
00001b37  __aeabi_dadd                  
00001e21  __aeabi_ddiv                  
0000228d  __aeabi_dmul                  
00001b2d  __aeabi_dsub                  
00002ca5  __aeabi_errno_addr            
00002b59  __aeabi_i2d                   
00000cbb  __aeabi_idiv0                 
00000cbb  __aeabi_ldiv0                 
00002679  __aeabi_memclr                
00002679  __aeabi_memclr4               
00002679  __aeabi_memclr8               
0000243b  __aeabi_memcpy                
0000243b  __aeabi_memcpy4               
0000243b  __aeabi_memcpy8               
0000267b  __aeabi_memset                
0000267b  __aeabi_memset4               
0000267b  __aeabi_memset8               
000024d7  __aeabi_uldivmod              
ffffffff  __binit__                     
ffffffff  __c_args__                    
UNDEFED   __mpu_init                    
20000270  __stack                       
20000000  __start___llvm_prf_cnts       
20000000  __stop___llvm_prf_cnts        
00002af5  _c_int00_noargs               
00002cb4  _ctypes_                      
20000b05  _running                      
UNDEFED   _system_post_cinit            
00002cad  _system_pre_init              
20000af8  _timeout_ticks                
00002cb1  abort                         
00002929  atoi                          
ffffffff  binit                         
20000afc  button_event                  
00002223  button_getButton              
0000218d  button_init                   
20000b00  button_num                    
00002bbf  copysign                      
00002bbf  copysignl                     
00001231  cyBot_UART1_Handler           
00001223  cyBot_getByte_blocking        
00001203  cyBot_getByte_nonblocking     
00000fe5  cyBot_sendByte                
000011e9  cyBot_uart_flush              
00001153  cyBot_uart_init               
000010f3  cyBot_uart_init_PHJ_first_half
0000109b  cyBot_uart_init_clean         
00001023  cyBot_uart_init_last_half     
0000100b  cyBot_uart_sendBuffer         
00000ff1  cyBot_uart_sendStr            
20000b0c  errno                         
000027c9  frexp                         
000027c9  frexpl                        
20000000  g_pfnRAMVectors               
00000000  g_pfnVectors                  
0000220b  gpioe_handler                 
000021c7  init_button_interrupts        
20000ac4  isr_char_buffer               
20000b08  isr_counter                   
00002c71  lcd_clear                     
00000e91  lcd_gotoLine                  
00000cf9  lcd_init                      
00000ef7  lcd_printf                    
00000db9  lcd_putc                      
00000df1  lcd_puts                      
00000cbd  lcd_reverseNibble             
00000e0f  lcd_sendCommand               
00000e4d  lcd_sendNibble                
00000eb9  lcd_setCursorPos              
0000207d  ldexp                         
0000207d  ldexpl                        
00001745  main                          
00002ba3  memccpy                       
0000243b  memcpy                        
00002681  memset                        
0000207d  scalbn                        
0000207d  scalbnl                       
00002a01  sprintf                       
00002c21  strchr                        
00002c09  strcmp                        
00002c37  strcpy                        
00002c4b  strlen                        
0000161b  timer_getMicros               
000015c3  timer_getMillis               
000014fd  timer_init                    
0000159f  timer_pause                   
000015b1  timer_resume                  
00001575  timer_stop                    
00001675  timer_waitMicros              
000016a7  timer_waitMillis              
00002a41  vsnprintf                     
00002c5f  wcslen                        


GLOBAL SYMBOLS: SORTED BY Symbol Address 

address   name                          
-------   ----                          
00000000  __TI_static_base__            
00000000  g_pfnVectors                  
0000026d  __TI_printfi                  
00000800  __STACK_SIZE                  
00000cbb  __aeabi_idiv0                 
00000cbb  __aeabi_ldiv0                 
00000cbd  lcd_reverseNibble             
00000cf9  lcd_init                      
00000db9  lcd_putc                      
00000df1  lcd_puts                      
00000e0f  lcd_sendCommand               
00000e4d  lcd_sendNibble                
00000e91  lcd_gotoLine                  
00000eb9  lcd_setCursorPos              
00000ef7  lcd_printf                    
00000fe5  cyBot_sendByte                
00000ff1  cyBot_uart_sendStr            
0000100b  cyBot_uart_sendBuffer         
00001023  cyBot_uart_init_last_half     
0000109b  cyBot_uart_init_clean         
000010f3  cyBot_uart_init_PHJ_first_half
00001153  cyBot_uart_init               
000011e9  cyBot_uart_flush              
00001203  cyBot_getByte_nonblocking     
00001223  cyBot_getByte_blocking        
00001231  cyBot_UART1_Handler           
000014fd  timer_init                    
00001575  timer_stop                    
0000159f  timer_pause                   
000015b1  timer_resume                  
000015c3  timer_getMillis               
0000161b  timer_getMicros               
00001675  timer_waitMicros              
000016a7  timer_waitMillis              
00001745  main                          
00001b2d  __aeabi_dsub                  
00001b37  __aeabi_dadd                  
00001e21  __aeabi_ddiv                  
0000207d  ldexp                         
0000207d  ldexpl                        
0000207d  scalbn                        
0000207d  scalbnl                       
0000218d  button_init                   
000021c7  init_button_interrupts        
0000220b  gpioe_handler                 
00002223  button_getButton              
0000228d  __aeabi_dmul                  
0000243b  __aeabi_memcpy                
0000243b  __aeabi_memcpy4               
0000243b  __aeabi_memcpy8               
0000243b  memcpy                        
000024d7  __aeabi_uldivmod              
0000256d  __aeabi_cdcmpeq               
0000256d  __aeabi_cdcmple               
000025f3  __aeabi_cdrcmple              
00002679  __aeabi_memclr                
00002679  __aeabi_memclr4               
00002679  __aeabi_memclr8               
0000267b  __aeabi_memset                
0000267b  __aeabi_memset4               
0000267b  __aeabi_memset8               
00002681  memset                        
00002761  __TI_decompress_lzss          
000027c9  frexp                         
000027c9  frexpl                        
00002883  __TI_ltoa                     
00002929  atoi                          
00002975  __aeabi_d2iz                  
000029bd  __TI_auto_init_nobinit_nopinit
00002a01  sprintf                       
00002a41  vsnprintf                     
00002ac1  IntRegister                   
00002af5  _c_int00_noargs               
00002b59  __aeabi_i2d                   
00002b87  __TI_zero_init_nomemset       
00002ba3  memccpy                       
00002bbf  copysign                      
00002bbf  copysignl                     
00002c09  strcmp                        
00002c21  strchr                        
00002c37  strcpy                        
00002c4b  strlen                        
00002c5f  wcslen                        
00002c71  lcd_clear                     
00002c81  __TI_decompress_none          
00002c8f  ResetISR                      
00002ca5  __aeabi_errno_addr            
00002cad  _system_pre_init              
00002cb1  C$$EXIT                       
00002cb1  abort                         
00002cb4  _ctypes_                      
00002dc0  __TI_Handler_Table_Base       
00002dcc  __TI_Handler_Table_Limit      
00002de8  __TI_CINIT_Base               
00002e00  __TI_CINIT_Limit              
20000000  __start___llvm_prf_cnts       
20000000  __stop___llvm_prf_cnts        
20000000  g_pfnRAMVectors               
20000270  __stack                       
20000470  __STACK_TOP                   
20000a70  __STACK_END                   
20000ac4  isr_char_buffer               
20000af8  _timeout_ticks                
20000afc  button_event                  
20000b00  button_num                    
20000b05  _running                      
20000b08  isr_counter                   
20000b0c  errno                         
ffffffff  __TI_pprof_out_hndl           
ffffffff  __TI_prof_data_size           
ffffffff  __TI_prof_data_start          
ffffffff  __binit__                     
ffffffff  __c_args__                    
ffffffff  binit                         
UNDEFED   __mpu_init                    
UNDEFED   _system_post_cinit            

[116 symbols]
