******************************************************************************
                  TI ARM Linker PC v20.2.4                     
******************************************************************************
>> Linked Wed Jun 15 19:49:36 2022

OUTPUT FILE NAME:   <lab_8.out>
ENTRY POINT SYMBOL: "_c_int00_noargs"  address: 000031c5


MEMORY CONFIGURATION

         name            origin    length      used     unused   attr    fill
----------------------  --------  ---------  --------  --------  ----  --------
  FLASH                 00000000   00040000  000034e0  0003cb20  R  X
  SRAM                  20000000   00008000  00000ae1  0000751f  RW X


SEGMENT ALLOCATION MAP

run origin  load origin   length   init length attrs members
----------  ----------- ---------- ----------- ----- -------
00000000    00000000    000034e8   000034e8    r-x
  00000000    00000000    0000026c   0000026c    r-- .intvecs
  0000026c    0000026c    000030f8   000030f8    r-x .text
  00003368    00003368    0000013c   0000013c    r-- .const
  000034a8    000034a8    00000040   00000040    r-- .cinit
20000000    20000000    00000ae5   00000000    rw-
  20000000    20000000    0000026c   00000000    rw- .vtable
  20000270    20000270    00000800   00000000    rw- .stack
  20000a70    20000a70    00000058   00000000    rw- .bss
  20000ac8    20000ac8    0000001d   00000000    rw- .data


SECTION ALLOCATION MAP

 output                                  attributes/
section   page    origin      length       input sections
--------  ----  ----------  ----------   ----------------
.intvecs   0    00000000    0000026c     
                  00000000    0000026c     tm4c123gh6pm_startup_ccs.obj (.intvecs)

.text      0    0000026c    000030f8     
                  0000026c    00000a4e     rtsv7M4_T_le_v4SPD16_eabi.lib : _printfi.c.obj (.text:__TI_printfi)
                  00000cba    00000002                                   : div0.asm.obj (.text)
                  00000cbc    000009c0                                   : e_pow.c.obj (.text:pow)
                  0000167c    00000328     lcd.obj (.text)
                  000019a4    00000270     rtsv7M4_T_le_v4SPD16_eabi.lib : _printfi.c.obj (.text:_pconv_a)
                  00001c14    00000248     Timer.obj (.text)
                  00001e5c    000001d0     rtsv7M4_T_le_v4SPD16_eabi.lib : _printfi.c.obj (.text:_pconv_g)
                  0000202c    000001b6                                   : fd_add_t2.asm.obj (.text)
                  000021e2    00000002     --HOLE-- [fill = 0]
                  000021e4    00000158                                   : e_sqrt.c.obj (.text:sqrt)
                  0000233c    0000013c                                   : _printfi.c.obj (.text:_pconv_e)
                  00002478    00000136                                   : fd_div_t2.asm.obj (.text)
                  000025ae    00000002     --HOLE-- [fill = 0]
                  000025b0    00000124                                   : _printfi.c.obj (.text:fcvt)
                  000026d4    00000110                                   : s_scalbn.c.obj (.text:scalbn)
                  000027e4    000000fc     adc.obj (.text)
                  000028e0    000000fc     rtsv7M4_T_le_v4SPD16_eabi.lib : fd_mul_t2.asm.obj (.text)
                  000029dc    000000bc     main.obj (.text)
                  00002a98    000000b1     rtsv7M4_T_le_v4SPD16_eabi.lib : _printfi.c.obj (.text:_ltostr)
                  00002b49    00000001     --HOLE-- [fill = 0]
                  00002b4a    0000009c                                   : memcpy_t2.asm.obj (.text)
                  00002be6    00000096                                   : ull_div_t2.asm.obj (.text)
                  00002c7c    00000086                                   : fd_cmp_t2.asm.obj (.text:__aeabi_cdcmple)
                  00002d02    00000086                                   : fd_cmp_t2.asm.obj (.text:__aeabi_cdrcmple)
                  00002d88    0000007a                                   : memset_t2.asm.obj (.text)
                  00002e02    0000006e                                   : _printfi.c.obj (.text:_mcpy)
                  00002e70    00000068                                   : copy_decompress_lzss.c.obj (.text:decompress:lzss:__TI_decompress_lzss)
                  00002ed8    00000064                                   : s_frexp.c.obj (.text:frexp)
                  00002f3c    00000056                                   : _printfi.c.obj (.text:_pconv_f)
                  00002f92    00000054                                   : _ltoa.c.obj (.text:__TI_ltoa)
                  00002fe6    00000052                                   : _printfi.c.obj (.text:_ecpy)
                  00003038    0000004c                                   : atoi.c.obj (.text:atoi)
                  00003084    00000048                                   : fd_toi_t2.asm.obj (.text)
                  000030cc    00000044                                   : autoinit.c.obj (.text:__TI_auto_init_nobinit_nopinit:__TI_auto_init_nobinit_nopinit)
                  00003110    00000040                                   : vsnprintf.c.obj (.text:vsnprintf)
                  00003150    0000003e                                   : _printfi.c.obj (.text:_fcpy)
                  0000318e    00000002     --HOLE-- [fill = 0]
                  00003190    00000034     driverlib.lib : interrupt.obj (.text:IntRegister)
                  000031c4    00000034     rtsv7M4_T_le_v4SPD16_eabi.lib : boot_cortex_m.c.obj (.text:_c_int00_noargs:_c_int00_noargs)
                  000031f8    00000030                                   : vsnprintf.c.obj (.text:_outs)
                  00003228    0000002e                                   : i_tofd_t2.asm.obj (.text)
                  00003256    0000001c                                   : copy_zero_init.c.obj (.text:decompress:ZI:__TI_zero_init_nomemset:__TI_zero_init_nomemset)
                  00003272    0000001c                                   : memccpy.c.obj (.text:memccpy)
                  0000328e    0000001a                                   : s_copysign.c.obj (.text:copysign)
                  000032a8    00000018                                   : vsnprintf.c.obj (.text:_outc)
                  000032c0    00000018                                   : strcmp.c.obj (.text:strcmp)
                  000032d8    00000016                                   : strchr.c.obj (.text:strchr)
                  000032ee    00000014                                   : strcpy.c.obj (.text:strcpy)
                  00003302    00000014                                   : strlen.c.obj (.text:strlen)
                  00003316    00000012                                   : wcslen.c.obj (.text:wcslen)
                  00003328    00000010     lcd.obj (.text:lcd_clear)
                  00003338    0000000e     rtsv7M4_T_le_v4SPD16_eabi.lib : copy_decompress_none.c.obj (.text:decompress:none:__TI_decompress_none)
                  00003346    0000000c     tm4c123gh6pm_startup_ccs.obj (.text)
                  00003352    00000002     --HOLE-- [fill = 0]
                  00003354    00000008     rtsv7M4_T_le_v4SPD16_eabi.lib : errno.c.obj (.text:__aeabi_errno_addr)
                  0000335c    00000004                                   : pre_init.c.obj (.text:_system_pre_init)
                  00003360    00000004                                   : exit.c.obj (.text:abort:abort)

.const     0    00003368    0000013c     
                  00003368    00000101     rtsv7M4_T_le_v4SPD16_eabi.lib : ctype.c.obj (.const:.string:_ctypes_)
                  00003469    00000004     lcd.obj (.const:.string:lineAddress$1)
                  0000346d    00000003     --HOLE-- [fill = 0]
                  00003470    00000030     rtsv7M4_T_le_v4SPD16_eabi.lib : e_pow.c.obj (.const:$O1$$)
                  000034a0    00000004     lcd.obj (.const:.string:lineAddresses$2)

.cinit     0    000034a8    00000040     
                  000034a8    0000000c     (.cinit..data.load) [load image, compression = lzss]
                  000034b4    0000000c     (__TI_handler_table)
                  000034c0    00000008     (.cinit..bss.load) [load image, compression = zero_init]
                  000034c8    00000008     (.cinit..vtable.load) [load image, compression = zero_init]
                  000034d0    00000018     (__TI_cinit_table)

.init_array 
*          0    00000000    00000000     UNINITIALIZED

.vtable    0    20000000    0000026c     UNINITIALIZED
                  20000000    0000026c     driverlib.lib : interrupt.obj (.vtable)

.bss       0    20000a70    00000058     UNINITIALIZED
                  20000a70    00000054     lcd.obj (.bss:lastbuffer$3)
                  20000ac4    00000004     (.common:_timeout_ticks)

.data      0    20000ac8    0000001d     UNINITIALIZED
                  20000ac8    00000018     main.obj (.data)
                  20000ae0    00000004     rtsv7M4_T_le_v4SPD16_eabi.lib : errno.c.obj (.data)
                  20000ae4    00000001     Timer.obj (.data)

.stack     0    20000270    00000800     UNINITIALIZED
                  20000270    00000004     rtsv7M4_T_le_v4SPD16_eabi.lib : boot_cortex_m.c.obj (.stack)
                  20000274    000007fc     --HOLE--

__llvm_prf_cnts 
*          0    20000000    00000000     UNINITIALIZED

MODULE SUMMARY

       Module                         code    ro data   rw data
       ------                         ----    -------   -------
    .\
       lcd.obj                        824     8         84     
       tm4c123gh6pm_startup_ccs.obj   12      620       0      
       Timer.obj                      584     0         5      
       adc.obj                        252     0         0      
       main.obj                       188     0         24     
    +--+------------------------------+-------+---------+---------+
       Total:                         1860    628       113    
                                                               
    C:/ti/TivaWare_C_Series-2.1.4.178/driverlib/ccs/Debug/driverlib.lib
       interrupt.obj                  52      0         620    
    +--+------------------------------+-------+---------+---------+
       Total:                         52      0         620    
                                                               
    C:\ti\ccs1031\ccs\tools\compiler\ti-cgt-arm_20.2.4.LTS\lib\rtsv7M4_T_le_v4SPD16_eabi.lib
       _printfi.c.obj                 4851    0         0      
       e_pow.c.obj                    2496    48        0      
       fd_add_t2.asm.obj              438     0         0      
       e_sqrt.c.obj                   344     0         0      
       fd_div_t2.asm.obj              310     0         0      
       s_scalbn.c.obj                 272     0         0      
       fd_cmp_t2.asm.obj              268     0         0      
       ctype.c.obj                    0       257       0      
       fd_mul_t2.asm.obj              252     0         0      
       memcpy_t2.asm.obj              156     0         0      
       ull_div_t2.asm.obj             150     0         0      
       vsnprintf.c.obj                136     0         0      
       memset_t2.asm.obj              122     0         0      
       copy_decompress_lzss.c.obj     104     0         0      
       s_frexp.c.obj                  100     0         0      
       _ltoa.c.obj                    84      0         0      
       atoi.c.obj                     76      0         0      
       fd_toi_t2.asm.obj              72      0         0      
       autoinit.c.obj                 68      0         0      
       boot_cortex_m.c.obj            52      0         0      
       i_tofd_t2.asm.obj              46      0         0      
       copy_zero_init.c.obj           28      0         0      
       memccpy.c.obj                  28      0         0      
       s_copysign.c.obj               26      0         0      
       strcmp.c.obj                   24      0         0      
       strchr.c.obj                   22      0         0      
       strcpy.c.obj                   20      0         0      
       strlen.c.obj                   20      0         0      
       wcslen.c.obj                   18      0         0      
       copy_decompress_none.c.obj     14      0         0      
       errno.c.obj                    8       0         4      
       exit.c.obj                     4       0         0      
       pre_init.c.obj                 4       0         0      
       div0.asm.obj                   2       0         0      
    +--+------------------------------+-------+---------+---------+
       Total:                         10615   305       4      
                                                               
       Stack:                         0       0         2048   
       Linker Generated:              0       64        0      
    +--+------------------------------+-------+---------+---------+
       Grand Total:                   12527   997       2785   


LINKER GENERATED COPY TABLES

__TI_cinit_table @ 000034d0 records: 3, size/record: 8, table size: 24
	.data: load addr=000034a8, load size=0000000c bytes, run addr=20000ac8, run size=0000001d bytes, compression=lzss
	.bss: load addr=000034c0, load size=00000008 bytes, run addr=20000a70, run size=00000058 bytes, compression=zero_init
	.vtable: load addr=000034c8, load size=00000008 bytes, run addr=20000000, run size=0000026c bytes, compression=zero_init


LINKER GENERATED HANDLER TABLE

__TI_handler_table @ 000034b4 records: 3, size/record: 4, table size: 12
	index: 0, handler: __TI_zero_init
	index: 1, handler: __TI_decompress_lzss
	index: 2, handler: __TI_decompress_none


GLOBAL SYMBOLS: SORTED ALPHABETICALLY BY Name 

address   name                          
-------   ----                          
00003361  C$$EXIT                       
20000ac8  IR_raw_val                    
00003191  IntRegister                   
00003347  ResetISR                      
20000a70  __STACK_END                   
00000800  __STACK_SIZE                  
20000470  __STACK_TOP                   
000034d0  __TI_CINIT_Base               
000034e8  __TI_CINIT_Limit              
000034b4  __TI_Handler_Table_Base       
000034c0  __TI_Handler_Table_Limit      
000030cd  __TI_auto_init_nobinit_nopinit
00002e71  __TI_decompress_lzss          
00003339  __TI_decompress_none          
00002f93  __TI_ltoa                     
ffffffff  __TI_pprof_out_hndl           
0000026d  __TI_printfi                  
ffffffff  __TI_prof_data_size           
ffffffff  __TI_prof_data_start          
00000000  __TI_static_base__            
00003257  __TI_zero_init_nomemset       
00002c7d  __aeabi_cdcmpeq               
00002c7d  __aeabi_cdcmple               
00002d03  __aeabi_cdrcmple              
00003085  __aeabi_d2iz                  
00002037  __aeabi_dadd                  
00002479  __aeabi_ddiv                  
000028e1  __aeabi_dmul                  
0000202d  __aeabi_dsub                  
00003355  __aeabi_errno_addr            
00003229  __aeabi_i2d                   
00000cbb  __aeabi_idiv0                 
00000cbb  __aeabi_ldiv0                 
00002d89  __aeabi_memclr                
00002d89  __aeabi_memclr4               
00002d89  __aeabi_memclr8               
00002b4b  __aeabi_memcpy                
00002b4b  __aeabi_memcpy4               
00002b4b  __aeabi_memcpy8               
00002d8b  __aeabi_memset                
00002d8b  __aeabi_memset4               
00002d8b  __aeabi_memset8               
00002be7  __aeabi_uldivmod              
ffffffff  __binit__                     
ffffffff  __c_args__                    
UNDEFED   __mpu_init                    
20000270  __stack                       
20000000  __start___llvm_prf_cnts       
20000000  __stop___llvm_prf_cnts        
000031c5  _c_int00_noargs               
00003368  _ctypes_                      
20000ae4  _running                      
UNDEFED   _system_post_cinit            
0000335d  _system_pre_init              
20000ac4  _timeout_ticks                
00003361  abort                         
000027e5  adc_init                      
00002869  adc_read                      
00003039  atoi                          
20000adc  avg                           
ffffffff  binit                         
0000328f  copysign                      
0000328f  copysignl                     
20000ae0  errno                         
20000acc  est_dist                      
00002ed9  frexp                         
00002ed9  frexpl                        
20000000  g_pfnRAMVectors               
00000000  g_pfnVectors                  
20000ad0  i                             
20000ad4  index                         
00003329  lcd_clear                     
00001851  lcd_gotoLine                  
000016b9  lcd_init                      
000018b7  lcd_printf                    
00001779  lcd_putc                      
000017b1  lcd_puts                      
0000167d  lcd_reverseNibble             
000017cf  lcd_sendCommand               
0000180d  lcd_sendNibble                
00001879  lcd_setCursorPos              
000026d5  ldexp                         
000026d5  ldexpl                        
000029dd  main                          
00003273  memccpy                       
00002b4b  memcpy                        
00002d91  memset                        
00000cbd  pow                           
00000cbd  powl                          
000026d5  scalbn                        
000026d5  scalbnl                       
000021e5  sqrt                          
000021e5  sqrtl                         
000032d9  strchr                        
000032c1  strcmp                        
000032ef  strcpy                        
00003303  strlen                        
20000ad8  sum                           
00001d33  timer_getMicros               
00001cdb  timer_getMillis               
00001c15  timer_init                    
00001cb7  timer_pause                   
00001cc9  timer_resume                  
00001c8d  timer_stop                    
00001d8d  timer_waitMicros              
00001dbf  timer_waitMillis              
00003111  vsnprintf                     
00003317  wcslen                        


GLOBAL SYMBOLS: SORTED BY Symbol Address 

address   name                          
-------   ----                          
00000000  __TI_static_base__            
00000000  g_pfnVectors                  
0000026d  __TI_printfi                  
00000800  __STACK_SIZE                  
00000cbb  __aeabi_idiv0                 
00000cbb  __aeabi_ldiv0                 
00000cbd  pow                           
00000cbd  powl                          
0000167d  lcd_reverseNibble             
000016b9  lcd_init                      
00001779  lcd_putc                      
000017b1  lcd_puts                      
000017cf  lcd_sendCommand               
0000180d  lcd_sendNibble                
00001851  lcd_gotoLine                  
00001879  lcd_setCursorPos              
000018b7  lcd_printf                    
00001c15  timer_init                    
00001c8d  timer_stop                    
00001cb7  timer_pause                   
00001cc9  timer_resume                  
00001cdb  timer_getMillis               
00001d33  timer_getMicros               
00001d8d  timer_waitMicros              
00001dbf  timer_waitMillis              
0000202d  __aeabi_dsub                  
00002037  __aeabi_dadd                  
000021e5  sqrt                          
000021e5  sqrtl                         
00002479  __aeabi_ddiv                  
000026d5  ldexp                         
000026d5  ldexpl                        
000026d5  scalbn                        
000026d5  scalbnl                       
000027e5  adc_init                      
00002869  adc_read                      
000028e1  __aeabi_dmul                  
000029dd  main                          
00002b4b  __aeabi_memcpy                
00002b4b  __aeabi_memcpy4               
00002b4b  __aeabi_memcpy8               
00002b4b  memcpy                        
00002be7  __aeabi_uldivmod              
00002c7d  __aeabi_cdcmpeq               
00002c7d  __aeabi_cdcmple               
00002d03  __aeabi_cdrcmple              
00002d89  __aeabi_memclr                
00002d89  __aeabi_memclr4               
00002d89  __aeabi_memclr8               
00002d8b  __aeabi_memset                
00002d8b  __aeabi_memset4               
00002d8b  __aeabi_memset8               
00002d91  memset                        
00002e71  __TI_decompress_lzss          
00002ed9  frexp                         
00002ed9  frexpl                        
00002f93  __TI_ltoa                     
00003039  atoi                          
00003085  __aeabi_d2iz                  
000030cd  __TI_auto_init_nobinit_nopinit
00003111  vsnprintf                     
00003191  IntRegister                   
000031c5  _c_int00_noargs               
00003229  __aeabi_i2d                   
00003257  __TI_zero_init_nomemset       
00003273  memccpy                       
0000328f  copysign                      
0000328f  copysignl                     
000032c1  strcmp                        
000032d9  strchr                        
000032ef  strcpy                        
00003303  strlen                        
00003317  wcslen                        
00003329  lcd_clear                     
00003339  __TI_decompress_none          
00003347  ResetISR                      
00003355  __aeabi_errno_addr            
0000335d  _system_pre_init              
00003361  C$$EXIT                       
00003361  abort                         
00003368  _ctypes_                      
000034b4  __TI_Handler_Table_Base       
000034c0  __TI_Handler_Table_Limit      
000034d0  __TI_CINIT_Base               
000034e8  __TI_CINIT_Limit              
20000000  __start___llvm_prf_cnts       
20000000  __stop___llvm_prf_cnts        
20000000  g_pfnRAMVectors               
20000270  __stack                       
20000470  __STACK_TOP                   
20000a70  __STACK_END                   
20000ac4  _timeout_ticks                
20000ac8  IR_raw_val                    
20000acc  est_dist                      
20000ad0  i                             
20000ad4  index                         
20000ad8  sum                           
20000adc  avg                           
20000ae0  errno                         
20000ae4  _running                      
ffffffff  __TI_pprof_out_hndl           
ffffffff  __TI_prof_data_size           
ffffffff  __TI_prof_data_start          
ffffffff  __binit__                     
ffffffff  __c_args__                    
ffffffff  binit                         
UNDEFED   __mpu_init                    
UNDEFED   _system_post_cinit            

[108 symbols]
