<?xml version="1.0" encoding="ISO-8859-1" ?>
<link_info>
   <banner>TI ARM Linker PC v20.2.4.LTS</banner>
   <copyright>Copyright (c) 1996-2018 Texas Instruments Incorporated</copyright>
   <link_time>0x62c79d63</link_time>
   <link_errors>0x0</link_errors>
   <output_file>lab_2.out</output_file>
   <entry_point>
      <name>_c_int00_noargs</name>
      <address>0x3675</address>
   </entry_point>
   <input_file_list>
      <input_file id="fl-2">
         <path>.\</path>
         <kind>object</kind>
         <file>Timer.obj</file>
         <name>Timer.obj</name>
      </input_file>
      <input_file id="fl-3">
         <path>.\</path>
         <kind>object</kind>
         <file>lcd.obj</file>
         <name>lcd.obj</name>
      </input_file>
      <input_file id="fl-4">
         <path>.\</path>
         <kind>object</kind>
         <file>main.obj</file>
         <name>main.obj</name>
      </input_file>
      <input_file id="fl-5">
         <path>.\</path>
         <kind>object</kind>
         <file>movement.obj</file>
         <name>movement.obj</name>
      </input_file>
      <input_file id="fl-6">
         <path>.\</path>
         <kind>object</kind>
         <file>open_interface.obj</file>
         <name>open_interface.obj</name>
      </input_file>
      <input_file id="fl-7">
         <path>.\</path>
         <kind>object</kind>
         <file>tm4c123gh6pm_startup_ccs.obj</file>
         <name>tm4c123gh6pm_startup_ccs.obj</name>
      </input_file>
      <input_file id="fl-c">
         <kind>object</kind>
         <file>&lt;internal&gt;</file>
         <name>&lt;internal&gt;</name>
      </input_file>
      <input_file id="fl-c2">
         <path>C:\ti\ccs1031\ccs\tools\compiler\ti-cgt-arm_20.2.4.LTS\lib\</path>
         <kind>archive</kind>
         <file>rtsv7M4_T_le_v4SPD16_eabi.lib</file>
         <name>vsnprintf.c.obj</name>
      </input_file>
      <input_file id="fl-c3">
         <path>C:\ti\ccs1031\ccs\tools\compiler\ti-cgt-arm_20.2.4.LTS\lib\</path>
         <kind>archive</kind>
         <file>rtsv7M4_T_le_v4SPD16_eabi.lib</file>
         <name>fd_add_t2.asm.obj</name>
      </input_file>
      <input_file id="fl-c4">
         <path>C:\ti\ccs1031\ccs\tools\compiler\ti-cgt-arm_20.2.4.LTS\lib\</path>
         <kind>archive</kind>
         <file>rtsv7M4_T_le_v4SPD16_eabi.lib</file>
         <name>fd_cmp_t2.asm.obj</name>
      </input_file>
      <input_file id="fl-c5">
         <path>C:\ti\ccs1031\ccs\tools\compiler\ti-cgt-arm_20.2.4.LTS\lib\</path>
         <kind>archive</kind>
         <file>rtsv7M4_T_le_v4SPD16_eabi.lib</file>
         <name>fd_div_t2.asm.obj</name>
      </input_file>
      <input_file id="fl-c6">
         <path>C:\ti\ccs1031\ccs\tools\compiler\ti-cgt-arm_20.2.4.LTS\lib\</path>
         <kind>archive</kind>
         <file>rtsv7M4_T_le_v4SPD16_eabi.lib</file>
         <name>fd_mul_t2.asm.obj</name>
      </input_file>
      <input_file id="fl-c7">
         <path>C:\ti\ccs1031\ccs\tools\compiler\ti-cgt-arm_20.2.4.LTS\lib\</path>
         <kind>archive</kind>
         <file>rtsv7M4_T_le_v4SPD16_eabi.lib</file>
         <name>fd_tos_t2.asm.obj</name>
      </input_file>
      <input_file id="fl-c8">
         <path>C:\ti\ccs1031\ccs\tools\compiler\ti-cgt-arm_20.2.4.LTS\lib\</path>
         <kind>archive</kind>
         <file>rtsv7M4_T_le_v4SPD16_eabi.lib</file>
         <name>fs_tod_t2.asm.obj</name>
      </input_file>
      <input_file id="fl-c9">
         <path>C:\ti\ccs1031\ccs\tools\compiler\ti-cgt-arm_20.2.4.LTS\lib\</path>
         <kind>archive</kind>
         <file>rtsv7M4_T_le_v4SPD16_eabi.lib</file>
         <name>i_tofd_t2.asm.obj</name>
      </input_file>
      <input_file id="fl-ca">
         <path>C:\ti\ccs1031\ccs\tools\compiler\ti-cgt-arm_20.2.4.LTS\lib\</path>
         <kind>archive</kind>
         <file>rtsv7M4_T_le_v4SPD16_eabi.lib</file>
         <name>memcpy_t2.asm.obj</name>
      </input_file>
      <input_file id="fl-cb">
         <path>C:\ti\ccs1031\ccs\tools\compiler\ti-cgt-arm_20.2.4.LTS\lib\</path>
         <kind>archive</kind>
         <file>rtsv7M4_T_le_v4SPD16_eabi.lib</file>
         <name>copy_zero_init.c.obj</name>
      </input_file>
      <input_file id="fl-cc">
         <path>C:\ti\ccs1031\ccs\tools\compiler\ti-cgt-arm_20.2.4.LTS\lib\</path>
         <kind>archive</kind>
         <file>rtsv7M4_T_le_v4SPD16_eabi.lib</file>
         <name>copy_decompress_none.c.obj</name>
      </input_file>
      <input_file id="fl-cd">
         <path>C:\ti\ccs1031\ccs\tools\compiler\ti-cgt-arm_20.2.4.LTS\lib\</path>
         <kind>archive</kind>
         <file>rtsv7M4_T_le_v4SPD16_eabi.lib</file>
         <name>copy_decompress_lzss.c.obj</name>
      </input_file>
      <input_file id="fl-ce">
         <path>C:\ti\ccs1031\ccs\tools\compiler\ti-cgt-arm_20.2.4.LTS\lib\</path>
         <kind>archive</kind>
         <file>rtsv7M4_T_le_v4SPD16_eabi.lib</file>
         <name>memory.c.obj</name>
      </input_file>
      <input_file id="fl-cf">
         <path>C:\ti\ccs1031\ccs\tools\compiler\ti-cgt-arm_20.2.4.LTS\lib\</path>
         <kind>archive</kind>
         <file>rtsv7M4_T_le_v4SPD16_eabi.lib</file>
         <name>strcmp.c.obj</name>
      </input_file>
      <input_file id="fl-d0">
         <path>C:\ti\ccs1031\ccs\tools\compiler\ti-cgt-arm_20.2.4.LTS\lib\</path>
         <kind>archive</kind>
         <file>rtsv7M4_T_le_v4SPD16_eabi.lib</file>
         <name>strcpy.c.obj</name>
      </input_file>
      <input_file id="fl-d1">
         <path>C:\ti\ccs1031\ccs\tools\compiler\ti-cgt-arm_20.2.4.LTS\lib\</path>
         <kind>archive</kind>
         <file>rtsv7M4_T_le_v4SPD16_eabi.lib</file>
         <name>boot_cortex_m.c.obj</name>
      </input_file>
      <input_file id="fl-d2">
         <path>C:\ti\ccs1031\ccs\tools\compiler\ti-cgt-arm_20.2.4.LTS\lib\</path>
         <kind>archive</kind>
         <file>rtsv7M4_T_le_v4SPD16_eabi.lib</file>
         <name>_printfi.c.obj</name>
      </input_file>
      <input_file id="fl-d3">
         <path>C:\ti\ccs1031\ccs\tools\compiler\ti-cgt-arm_20.2.4.LTS\lib\</path>
         <kind>archive</kind>
         <file>rtsv7M4_T_le_v4SPD16_eabi.lib</file>
         <name>s_frexp.c.obj</name>
      </input_file>
      <input_file id="fl-d4">
         <path>C:\ti\ccs1031\ccs\tools\compiler\ti-cgt-arm_20.2.4.LTS\lib\</path>
         <kind>archive</kind>
         <file>rtsv7M4_T_le_v4SPD16_eabi.lib</file>
         <name>s_scalbn.c.obj</name>
      </input_file>
      <input_file id="fl-d5">
         <path>C:\ti\ccs1031\ccs\tools\compiler\ti-cgt-arm_20.2.4.LTS\lib\</path>
         <kind>archive</kind>
         <file>rtsv7M4_T_le_v4SPD16_eabi.lib</file>
         <name>s_copysign.c.obj</name>
      </input_file>
      <input_file id="fl-d6">
         <path>C:\ti\ccs1031\ccs\tools\compiler\ti-cgt-arm_20.2.4.LTS\lib\</path>
         <kind>archive</kind>
         <file>rtsv7M4_T_le_v4SPD16_eabi.lib</file>
         <name>ull_div_t2.asm.obj</name>
      </input_file>
      <input_file id="fl-d7">
         <path>C:\ti\ccs1031\ccs\tools\compiler\ti-cgt-arm_20.2.4.LTS\lib\</path>
         <kind>archive</kind>
         <file>rtsv7M4_T_le_v4SPD16_eabi.lib</file>
         <name>memset_t2.asm.obj</name>
      </input_file>
      <input_file id="fl-d8">
         <path>C:\ti\ccs1031\ccs\tools\compiler\ti-cgt-arm_20.2.4.LTS\lib\</path>
         <kind>archive</kind>
         <file>rtsv7M4_T_le_v4SPD16_eabi.lib</file>
         <name>fd_toi_t2.asm.obj</name>
      </input_file>
      <input_file id="fl-d9">
         <path>C:\ti\ccs1031\ccs\tools\compiler\ti-cgt-arm_20.2.4.LTS\lib\</path>
         <kind>archive</kind>
         <file>rtsv7M4_T_le_v4SPD16_eabi.lib</file>
         <name>autoinit.c.obj</name>
      </input_file>
      <input_file id="fl-da">
         <path>C:\ti\ccs1031\ccs\tools\compiler\ti-cgt-arm_20.2.4.LTS\lib\</path>
         <kind>archive</kind>
         <file>rtsv7M4_T_le_v4SPD16_eabi.lib</file>
         <name>pre_init.c.obj</name>
      </input_file>
      <input_file id="fl-db">
         <path>C:\ti\ccs1031\ccs\tools\compiler\ti-cgt-arm_20.2.4.LTS\lib\</path>
         <kind>archive</kind>
         <file>rtsv7M4_T_le_v4SPD16_eabi.lib</file>
         <name>cpy_tbl.c.obj</name>
      </input_file>
      <input_file id="fl-dc">
         <path>C:\ti\ccs1031\ccs\tools\compiler\ti-cgt-arm_20.2.4.LTS\lib\</path>
         <kind>archive</kind>
         <file>rtsv7M4_T_le_v4SPD16_eabi.lib</file>
         <name>exit.c.obj</name>
      </input_file>
      <input_file id="fl-dd">
         <path>C:\ti\ccs1031\ccs\tools\compiler\ti-cgt-arm_20.2.4.LTS\lib\</path>
         <kind>archive</kind>
         <file>rtsv7M4_T_le_v4SPD16_eabi.lib</file>
         <name>_lock.c.obj</name>
      </input_file>
      <input_file id="fl-de">
         <path>C:\ti\ccs1031\ccs\tools\compiler\ti-cgt-arm_20.2.4.LTS\lib\</path>
         <kind>archive</kind>
         <file>rtsv7M4_T_le_v4SPD16_eabi.lib</file>
         <name>_ltoa.c.obj</name>
      </input_file>
      <input_file id="fl-df">
         <path>C:\ti\ccs1031\ccs\tools\compiler\ti-cgt-arm_20.2.4.LTS\lib\</path>
         <kind>archive</kind>
         <file>rtsv7M4_T_le_v4SPD16_eabi.lib</file>
         <name>args_main.c.obj</name>
      </input_file>
      <input_file id="fl-e0">
         <path>C:\ti\ccs1031\ccs\tools\compiler\ti-cgt-arm_20.2.4.LTS\lib\</path>
         <kind>archive</kind>
         <file>rtsv7M4_T_le_v4SPD16_eabi.lib</file>
         <name>atoi.c.obj</name>
      </input_file>
      <input_file id="fl-e1">
         <path>C:\ti\ccs1031\ccs\tools\compiler\ti-cgt-arm_20.2.4.LTS\lib\</path>
         <kind>archive</kind>
         <file>rtsv7M4_T_le_v4SPD16_eabi.lib</file>
         <name>ctype.c.obj</name>
      </input_file>
      <input_file id="fl-e2">
         <path>C:\ti\ccs1031\ccs\tools\compiler\ti-cgt-arm_20.2.4.LTS\lib\</path>
         <kind>archive</kind>
         <file>rtsv7M4_T_le_v4SPD16_eabi.lib</file>
         <name>memccpy.c.obj</name>
      </input_file>
      <input_file id="fl-e3">
         <path>C:\ti\ccs1031\ccs\tools\compiler\ti-cgt-arm_20.2.4.LTS\lib\</path>
         <kind>archive</kind>
         <file>rtsv7M4_T_le_v4SPD16_eabi.lib</file>
         <name>strchr.c.obj</name>
      </input_file>
      <input_file id="fl-e4">
         <path>C:\ti\ccs1031\ccs\tools\compiler\ti-cgt-arm_20.2.4.LTS\lib\</path>
         <kind>archive</kind>
         <file>rtsv7M4_T_le_v4SPD16_eabi.lib</file>
         <name>strlen.c.obj</name>
      </input_file>
      <input_file id="fl-e5">
         <path>C:\ti\ccs1031\ccs\tools\compiler\ti-cgt-arm_20.2.4.LTS\lib\</path>
         <kind>archive</kind>
         <file>rtsv7M4_T_le_v4SPD16_eabi.lib</file>
         <name>errno.c.obj</name>
      </input_file>
      <input_file id="fl-e6">
         <path>C:\ti\ccs1031\ccs\tools\compiler\ti-cgt-arm_20.2.4.LTS\lib\</path>
         <kind>archive</kind>
         <file>rtsv7M4_T_le_v4SPD16_eabi.lib</file>
         <name>wcslen.c.obj</name>
      </input_file>
      <input_file id="fl-e7">
         <path>C:\ti\ccs1031\ccs\tools\compiler\ti-cgt-arm_20.2.4.LTS\lib\</path>
         <kind>archive</kind>
         <file>rtsv7M4_T_le_v4SPD16_eabi.lib</file>
         <name>div0.asm.obj</name>
      </input_file>
      <input_file id="fl-e8">
         <path>C:\ti\TivaWare_C_Series-2.1.4.178\driverlib\ccs\Debug\</path>
         <kind>archive</kind>
         <file>driverlib.lib</file>
         <name>interrupt.obj</name>
      </input_file>
      <input_file id="fl-e9">
         <path>C:\ti\TivaWare_C_Series-2.1.4.178\driverlib\ccs\Debug\</path>
         <kind>archive</kind>
         <file>driverlib.lib</file>
         <name>cpu.obj</name>
      </input_file>
   </input_file_list>
   <object_component_list>
      <object_component id="oc-12">
         <name>.intvecs</name>
         <load_address>0x0</load_address>
         <run_address>0x0</run_address>
         <size>0x26c</size>
         <input_file_ref idref="fl-7"/>
      </object_component>
      <object_component id="oc-e3">
         <name>.text</name>
         <load_address>0x26c</load_address>
         <run_address>0x26c</run_address>
         <size>0xc20</size>
         <input_file_ref idref="fl-6"/>
      </object_component>
      <object_component id="oc-1e8">
         <name>.text:__TI_printfi</name>
         <load_address>0xe8c</load_address>
         <run_address>0xe8c</run_address>
         <size>0xa4e</size>
         <input_file_ref idref="fl-d2"/>
      </object_component>
      <object_component id="oc-23e">
         <name>.text:_nop</name>
         <load_address>0x18da</load_address>
         <run_address>0x18da</run_address>
         <size>0x2</size>
         <input_file_ref idref="fl-dd"/>
      </object_component>
      <object_component id="oc-dd">
         <name>.text</name>
         <load_address>0x18dc</load_address>
         <run_address>0x18dc</run_address>
         <size>0x328</size>
         <input_file_ref idref="fl-3"/>
      </object_component>
      <object_component id="oc-285">
         <name>.text:_pconv_a</name>
         <load_address>0x1c04</load_address>
         <run_address>0x1c04</run_address>
         <size>0x270</size>
         <input_file_ref idref="fl-d2"/>
      </object_component>
      <object_component id="oc-d7">
         <name>.text</name>
         <load_address>0x1e74</load_address>
         <run_address>0x1e74</run_address>
         <size>0x248</size>
         <input_file_ref idref="fl-2"/>
      </object_component>
      <object_component id="oc-e9">
         <name>.text</name>
         <load_address>0x20bc</load_address>
         <run_address>0x20bc</run_address>
         <size>0x1ec</size>
         <input_file_ref idref="fl-5"/>
      </object_component>
      <object_component id="oc-273">
         <name>.text:_pconv_g</name>
         <load_address>0x22a8</load_address>
         <run_address>0x22a8</run_address>
         <size>0x1d0</size>
         <input_file_ref idref="fl-d2"/>
      </object_component>
      <object_component id="oc-18a">
         <name>.text</name>
         <load_address>0x2478</load_address>
         <run_address>0x2478</run_address>
         <size>0x1b6</size>
         <input_file_ref idref="fl-c3"/>
      </object_component>
      <object_component id="oc-33d">
         <name>.text</name>
         <load_address>0x262e</load_address>
         <run_address>0x262e</run_address>
         <size>0x2</size>
         <input_file_ref idref="fl-e7"/>
      </object_component>
      <object_component id="oc-27f">
         <name>.text:_pconv_e</name>
         <load_address>0x2630</load_address>
         <run_address>0x2630</run_address>
         <size>0x13c</size>
         <input_file_ref idref="fl-d2"/>
      </object_component>
      <object_component id="oc-180">
         <name>.text</name>
         <load_address>0x276c</load_address>
         <run_address>0x276c</run_address>
         <size>0x136</size>
         <input_file_ref idref="fl-c5"/>
      </object_component>
      <object_component id="oc-2f2">
         <name>.text:fcvt</name>
         <load_address>0x28a4</load_address>
         <run_address>0x28a4</run_address>
         <size>0x124</size>
         <input_file_ref idref="fl-d2"/>
      </object_component>
      <object_component id="oc-306">
         <name>.text:scalbn</name>
         <load_address>0x29c8</load_address>
         <run_address>0x29c8</run_address>
         <size>0x110</size>
         <input_file_ref idref="fl-d4"/>
      </object_component>
      <object_component id="oc-2b1">
         <name>.text:aligned_alloc</name>
         <load_address>0x2ad8</load_address>
         <run_address>0x2ad8</run_address>
         <size>0x100</size>
         <input_file_ref idref="fl-ce"/>
      </object_component>
      <object_component id="oc-17b">
         <name>.text</name>
         <load_address>0x2bd8</load_address>
         <run_address>0x2bd8</run_address>
         <size>0xfc</size>
         <input_file_ref idref="fl-c6"/>
      </object_component>
      <object_component id="oc-165">
         <name>.text:free</name>
         <load_address>0x2cd4</load_address>
         <run_address>0x2cd4</run_address>
         <size>0xe4</size>
         <input_file_ref idref="fl-ce"/>
      </object_component>
      <object_component id="oc-26d">
         <name>.text:_ltostr</name>
         <load_address>0x2db8</load_address>
         <run_address>0x2db8</run_address>
         <size>0xb1</size>
         <input_file_ref idref="fl-d2"/>
      </object_component>
      <object_component id="oc-3e">
         <name>.text</name>
         <load_address>0x2e6a</load_address>
         <run_address>0x2e6a</run_address>
         <size>0x9c</size>
         <input_file_ref idref="fl-ca"/>
      </object_component>
      <object_component id="oc-2d4">
         <name>.text</name>
         <load_address>0x2f06</load_address>
         <run_address>0x2f06</run_address>
         <size>0x96</size>
         <input_file_ref idref="fl-d6"/>
      </object_component>
      <object_component id="oc-1a4">
         <name>.text:__aeabi_cdcmple</name>
         <load_address>0x2f9c</load_address>
         <run_address>0x2f9c</run_address>
         <size>0x86</size>
         <input_file_ref idref="fl-c4"/>
      </object_component>
      <object_component id="oc-1a9">
         <name>.text:__aeabi_cdrcmple</name>
         <load_address>0x3022</load_address>
         <run_address>0x3022</run_address>
         <size>0x86</size>
         <input_file_ref idref="fl-c4"/>
      </object_component>
      <object_component id="oc-96">
         <name>.text</name>
         <load_address>0x30a8</load_address>
         <run_address>0x30a8</run_address>
         <size>0x7a</size>
         <input_file_ref idref="fl-d7"/>
      </object_component>
      <object_component id="oc-32d">
         <name>.text:split</name>
         <load_address>0x3124</load_address>
         <run_address>0x3124</run_address>
         <size>0x70</size>
         <input_file_ref idref="fl-ce"/>
      </object_component>
      <object_component id="oc-2eb">
         <name>.text:_mcpy</name>
         <load_address>0x3194</load_address>
         <run_address>0x3194</run_address>
         <size>0x6e</size>
         <input_file_ref idref="fl-d2"/>
      </object_component>
      <object_component id="oc-192">
         <name>.text</name>
         <load_address>0x3202</load_address>
         <run_address>0x3202</run_address>
         <size>0x6e</size>
         <input_file_ref idref="fl-c7"/>
      </object_component>
      <object_component id="oc-15">
         <name>.text:decompress:lzss:__TI_decompress_lzss</name>
         <load_address>0x3270</load_address>
         <run_address>0x3270</run_address>
         <size>0x68</size>
         <input_file_ref idref="fl-cd"/>
      </object_component>
      <object_component id="oc-300">
         <name>.text:frexp</name>
         <load_address>0x32d8</load_address>
         <run_address>0x32d8</run_address>
         <size>0x64</size>
         <input_file_ref idref="fl-d3"/>
      </object_component>
      <object_component id="oc-279">
         <name>.text:_pconv_f</name>
         <load_address>0x333c</load_address>
         <run_address>0x333c</run_address>
         <size>0x56</size>
         <input_file_ref idref="fl-d2"/>
      </object_component>
      <object_component id="oc-2df">
         <name>.text:__TI_ltoa</name>
         <load_address>0x3392</load_address>
         <run_address>0x3392</run_address>
         <size>0x54</size>
         <input_file_ref idref="fl-de"/>
      </object_component>
      <object_component id="oc-2e5">
         <name>.text:_ecpy</name>
         <load_address>0x33e6</load_address>
         <run_address>0x33e6</run_address>
         <size>0x52</size>
         <input_file_ref idref="fl-d2"/>
      </object_component>
      <object_component id="oc-267">
         <name>.text:atoi</name>
         <load_address>0x3438</load_address>
         <run_address>0x3438</run_address>
         <size>0x4c</size>
         <input_file_ref idref="fl-e0"/>
      </object_component>
      <object_component id="oc-2da">
         <name>.text</name>
         <load_address>0x3484</load_address>
         <run_address>0x3484</run_address>
         <size>0x48</size>
         <input_file_ref idref="fl-d8"/>
      </object_component>
      <object_component id="oc-fd">
         <name>.text:__TI_auto_init_nobinit_nopinit:__TI_auto_init_nobinit_nopinit</name>
         <load_address>0x34cc</load_address>
         <run_address>0x34cc</run_address>
         <size>0x44</size>
         <input_file_ref idref="fl-d9"/>
      </object_component>
      <object_component id="oc-a2">
         <name>.text</name>
         <load_address>0x3510</load_address>
         <run_address>0x3510</run_address>
         <size>0x40</size>
         <input_file_ref idref="fl-4"/>
      </object_component>
      <object_component id="oc-143">
         <name>.text:vsnprintf</name>
         <load_address>0x3550</load_address>
         <run_address>0x3550</run_address>
         <size>0x40</size>
         <input_file_ref idref="fl-c2"/>
      </object_component>
      <object_component id="oc-2f8">
         <name>.text:_fcpy</name>
         <load_address>0x3590</load_address>
         <run_address>0x3590</run_address>
         <size>0x3e</size>
         <input_file_ref idref="fl-d2"/>
      </object_component>
      <object_component id="oc-15f">
         <name>.text:calloc</name>
         <load_address>0x35d0</load_address>
         <run_address>0x35d0</run_address>
         <size>0x38</size>
         <input_file_ref idref="fl-ce"/>
      </object_component>
      <object_component id="oc-197">
         <name>.text</name>
         <load_address>0x3608</load_address>
         <run_address>0x3608</run_address>
         <size>0x38</size>
         <input_file_ref idref="fl-c8"/>
      </object_component>
      <object_component id="oc-131">
         <name>.text:IntRegister</name>
         <load_address>0x3640</load_address>
         <run_address>0x3640</run_address>
         <size>0x34</size>
         <input_file_ref idref="fl-e8"/>
      </object_component>
      <object_component id="oc-5c">
         <name>.text:_c_int00_noargs:_c_int00_noargs</name>
         <load_address>0x3674</load_address>
         <run_address>0x3674</run_address>
         <size>0x34</size>
         <input_file_ref idref="fl-d1"/>
      </object_component>
      <object_component id="oc-1ee">
         <name>.text:_outs</name>
         <load_address>0x36a8</load_address>
         <run_address>0x36a8</run_address>
         <size>0x30</size>
         <input_file_ref idref="fl-c2"/>
      </object_component>
      <object_component id="oc-185">
         <name>.text</name>
         <load_address>0x36d8</load_address>
         <run_address>0x36d8</run_address>
         <size>0x2e</size>
         <input_file_ref idref="fl-c9"/>
      </object_component>
      <object_component id="oc-21e">
         <name>.text:free_list_insert</name>
         <load_address>0x3708</load_address>
         <run_address>0x3708</run_address>
         <size>0x28</size>
         <input_file_ref idref="fl-ce"/>
      </object_component>
      <object_component id="oc-4a">
         <name>.text:decompress:ZI:__TI_zero_init_nomemset:__TI_zero_init_nomemset</name>
         <load_address>0x3730</load_address>
         <run_address>0x3730</run_address>
         <size>0x1c</size>
         <input_file_ref idref="fl-cb"/>
      </object_component>
      <object_component id="oc-218">
         <name>.text:free_list_remove</name>
         <load_address>0x374c</load_address>
         <run_address>0x374c</run_address>
         <size>0x1c</size>
         <input_file_ref idref="fl-ce"/>
      </object_component>
      <object_component id="oc-28b">
         <name>.text:memccpy</name>
         <load_address>0x3768</load_address>
         <run_address>0x3768</run_address>
         <size>0x1c</size>
         <input_file_ref idref="fl-e2"/>
      </object_component>
      <object_component id="oc-351">
         <name>.text:copysign</name>
         <load_address>0x3784</load_address>
         <run_address>0x3784</run_address>
         <size>0x1a</size>
         <input_file_ref idref="fl-d5"/>
      </object_component>
      <object_component id="oc-1f4">
         <name>.text:_outc</name>
         <load_address>0x379e</load_address>
         <run_address>0x379e</run_address>
         <size>0x18</size>
         <input_file_ref idref="fl-c2"/>
      </object_component>
      <object_component id="oc-16b">
         <name>.text:oi_parseInt</name>
         <load_address>0x37b6</load_address>
         <run_address>0x37b6</run_address>
         <size>0x18</size>
         <input_file_ref idref="fl-6"/>
      </object_component>
      <object_component id="oc-149">
         <name>.text:strcmp</name>
         <load_address>0x37ce</load_address>
         <run_address>0x37ce</run_address>
         <size>0x18</size>
         <input_file_ref idref="fl-cf"/>
      </object_component>
      <object_component id="oc-30c">
         <name>.text:strchr</name>
         <load_address>0x37e6</load_address>
         <run_address>0x37e6</run_address>
         <size>0x16</size>
         <input_file_ref idref="fl-e3"/>
      </object_component>
      <object_component id="oc-14f">
         <name>.text:strcpy</name>
         <load_address>0x37fc</load_address>
         <run_address>0x37fc</run_address>
         <size>0x14</size>
         <input_file_ref idref="fl-d0"/>
      </object_component>
      <object_component id="oc-261">
         <name>.text:strlen</name>
         <load_address>0x3810</load_address>
         <run_address>0x3810</run_address>
         <size>0x14</size>
         <input_file_ref idref="fl-e4"/>
      </object_component>
      <object_component id="oc-291">
         <name>.text:wcslen</name>
         <load_address>0x3824</load_address>
         <run_address>0x3824</run_address>
         <size>0x12</size>
         <input_file_ref idref="fl-e6"/>
      </object_component>
      <object_component id="oc-172">
         <name>.text:IntMasterEnable</name>
         <load_address>0x3836</load_address>
         <run_address>0x3836</run_address>
         <size>0x10</size>
         <input_file_ref idref="fl-e8"/>
      </object_component>
      <object_component id="oc-13c">
         <name>.text:lcd_clear</name>
         <load_address>0x3846</load_address>
         <run_address>0x3846</run_address>
         <size>0x10</size>
         <input_file_ref idref="fl-3"/>
      </object_component>
      <object_component id="oc-1b">
         <name>.text:decompress:none:__TI_decompress_none</name>
         <load_address>0x3856</load_address>
         <run_address>0x3856</run_address>
         <size>0xe</size>
         <input_file_ref idref="fl-cc"/>
      </object_component>
      <object_component id="oc-225">
         <name>.text:CPUcpsie</name>
         <load_address>0x3864</load_address>
         <run_address>0x3864</run_address>
         <size>0xc</size>
         <input_file_ref idref="fl-e9"/>
      </object_component>
      <object_component id="oc-2a">
         <name>.text</name>
         <load_address>0x3870</load_address>
         <run_address>0x3870</run_address>
         <size>0xc</size>
         <input_file_ref idref="fl-7"/>
      </object_component>
      <object_component id="oc-297">
         <name>.text:__aeabi_errno_addr</name>
         <load_address>0x387c</load_address>
         <run_address>0x387c</run_address>
         <size>0x8</size>
         <input_file_ref idref="fl-e5"/>
      </object_component>
      <object_component id="oc-211">
         <name>.text:malloc</name>
         <load_address>0x3884</load_address>
         <run_address>0x3884</run_address>
         <size>0x8</size>
         <input_file_ref idref="fl-ce"/>
      </object_component>
      <object_component id="oc-9c">
         <name>.text:_system_pre_init</name>
         <load_address>0x388c</load_address>
         <run_address>0x388c</run_address>
         <size>0x4</size>
         <input_file_ref idref="fl-da"/>
      </object_component>
      <object_component id="oc-f1">
         <name>.text:abort:abort</name>
         <load_address>0x3890</load_address>
         <run_address>0x3890</run_address>
         <size>0x4</size>
         <input_file_ref idref="fl-dc"/>
      </object_component>
      <object_component id="oc-2cf">
         <name>.const:.string:_ctypes_</name>
         <load_address>0x3894</load_address>
         <run_address>0x3894</run_address>
         <size>0x101</size>
         <input_file_ref idref="fl-e1"/>
      </object_component>
      <object_component id="oc-18f">
         <name>.const:.string:$P$T0$3</name>
         <load_address>0x3995</load_address>
         <run_address>0x3995</run_address>
         <size>0xf</size>
         <input_file_ref idref="fl-6"/>
      </object_component>
      <object_component id="oc-155">
         <name>.const:.string:lineAddress$1</name>
         <load_address>0x39a4</load_address>
         <run_address>0x39a4</run_address>
         <size>0x4</size>
         <input_file_ref idref="fl-3"/>
      </object_component>
      <object_component id="oc-156">
         <name>.const:.string:lineAddresses$2</name>
         <load_address>0x39a8</load_address>
         <run_address>0x39a8</run_address>
         <size>0x4</size>
         <input_file_ref idref="fl-3"/>
      </object_component>
      <object_component id="oc-3ab">
         <name>.cinit..data.load</name>
         <load_address>0x39b0</load_address>
         <run_address>0x39b0</run_address>
         <size>0x18</size>
      </object_component>
      <object_component id="oc-3a8">
         <name>__TI_handler_table</name>
         <load_address>0x39c8</load_address>
         <run_address>0x39c8</run_address>
         <size>0xc</size>
      </object_component>
      <object_component id="oc-3ac">
         <name>.cinit..bss.load</name>
         <load_address>0x39d8</load_address>
         <run_address>0x39d8</run_address>
         <size>0x8</size>
      </object_component>
      <object_component id="oc-3aa">
         <name>.cinit..vtable.load</name>
         <load_address>0x39e0</load_address>
         <run_address>0x39e0</run_address>
         <size>0x8</size>
      </object_component>
      <object_component id="oc-3a9">
         <name>__TI_cinit_table</name>
         <load_address>0x39e8</load_address>
         <run_address>0x39e8</run_address>
         <size>0x18</size>
      </object_component>
      <object_component id="oc-1dc">
         <name>.vtable</name>
         <uninitialized>true</uninitialized>
         <run_address>0x20000000</run_address>
         <size>0x26c</size>
         <input_file_ref idref="fl-e8"/>
      </object_component>
      <object_component id="oc-137">
         <name>.data</name>
         <load_address>0x20000f14</load_address>
         <run_address>0x20000f14</run_address>
         <size>0x1</size>
         <input_file_ref idref="fl-2"/>
      </object_component>
      <object_component id="oc-178">
         <name>.data</name>
         <load_address>0x20000ee0</load_address>
         <run_address>0x20000ee0</run_address>
         <size>0x20</size>
         <input_file_ref idref="fl-6"/>
      </object_component>
      <object_component id="oc-2b8">
         <name>.data:$O1$$</name>
         <load_address>0x20000f08</load_address>
         <run_address>0x20000f08</run_address>
         <size>0x8</size>
         <input_file_ref idref="fl-ce"/>
      </object_component>
      <object_component id="oc-1c0">
         <name>.data:$O1$$</name>
         <load_address>0x20000f00</load_address>
         <run_address>0x20000f00</run_address>
         <size>0x8</size>
         <input_file_ref idref="fl-dd"/>
      </object_component>
      <object_component id="oc-31c">
         <name>.data</name>
         <load_address>0x20000f10</load_address>
         <run_address>0x20000f10</run_address>
         <size>0x4</size>
         <input_file_ref idref="fl-e5"/>
      </object_component>
      <object_component id="oc-157">
         <name>.bss:lastbuffer$3</name>
         <uninitialized>true</uninitialized>
         <run_address>0x20000e70</run_address>
         <size>0x54</size>
         <input_file_ref idref="fl-3"/>
      </object_component>
      <object_component id="oc-19c">
         <name>.bss:firmware$2</name>
         <uninitialized>true</uninitialized>
         <run_address>0x20000ec4</run_address>
         <size>0x18</size>
         <input_file_ref idref="fl-6"/>
      </object_component>
      <object_component id="oc-13a">
         <name>.common:_timeout_ticks</name>
         <uninitialized>true</uninitialized>
         <run_address>0x20000edc</run_address>
         <size>0x4</size>
      </object_component>
      <object_component id="oc-24">
         <name>.sysmem</name>
         <uninitialized>true</uninitialized>
         <run_address>0x20000a70</run_address>
         <size>0x10</size>
         <input_file_ref idref="fl-ce"/>
      </object_component>
      <object_component id="oc-3af">
         <name>.sysmem</name>
         <uninitialized>true</uninitialized>
         <run_address>0x20000a70</run_address>
         <size>0x0</size>
      </object_component>
      <object_component id="oc-27">
         <name>.stack</name>
         <uninitialized>true</uninitialized>
         <run_address>0x20000270</run_address>
         <size>0x4</size>
         <input_file_ref idref="fl-d1"/>
      </object_component>
      <object_component id="oc-3ae">
         <name>.stack</name>
         <uninitialized>true</uninitialized>
         <run_address>0x20000270</run_address>
         <size>0x0</size>
      </object_component>
      <object_component id="oc-c5">
         <name>.debug_info</name>
         <load_address>0x0</load_address>
         <run_address>0x0</run_address>
         <size>0x2a9</size>
         <input_file_ref idref="fl-2"/>
      </object_component>
      <object_component id="oc-138">
         <name>.debug_info</name>
         <load_address>0x2a9</load_address>
         <run_address>0x2a9</run_address>
         <size>0xb7</size>
         <input_file_ref idref="fl-2"/>
      </object_component>
      <object_component id="oc-d8">
         <name>.debug_info</name>
         <load_address>0x360</load_address>
         <run_address>0x360</run_address>
         <size>0x4ff</size>
         <input_file_ref idref="fl-2"/>
      </object_component>
      <object_component id="oc-77">
         <name>.debug_info</name>
         <load_address>0x85f</load_address>
         <run_address>0x85f</run_address>
         <size>0x26b</size>
         <input_file_ref idref="fl-2"/>
      </object_component>
      <object_component id="oc-39">
         <name>.debug_info</name>
         <load_address>0xaca</load_address>
         <run_address>0xaca</run_address>
         <size>0x84</size>
         <input_file_ref idref="fl-2"/>
      </object_component>
      <object_component id="oc-c0">
         <name>.debug_info</name>
         <load_address>0xb4e</load_address>
         <run_address>0xb4e</run_address>
         <size>0x2a4</size>
         <input_file_ref idref="fl-2"/>
      </object_component>
      <object_component id="oc-7c">
         <name>.debug_info</name>
         <load_address>0xdf2</load_address>
         <run_address>0xdf2</run_address>
         <size>0xbb</size>
         <input_file_ref idref="fl-2"/>
      </object_component>
      <object_component id="oc-159">
         <name>.debug_info</name>
         <load_address>0xead</load_address>
         <run_address>0xead</run_address>
         <size>0x371</size>
         <input_file_ref idref="fl-3"/>
      </object_component>
      <object_component id="oc-13e">
         <name>.debug_info</name>
         <load_address>0x121e</load_address>
         <run_address>0x121e</run_address>
         <size>0x10c</size>
         <input_file_ref idref="fl-3"/>
      </object_component>
      <object_component id="oc-de">
         <name>.debug_info</name>
         <load_address>0x132a</load_address>
         <run_address>0x132a</run_address>
         <size>0x898</size>
         <input_file_ref idref="fl-3"/>
      </object_component>
      <object_component id="oc-20c">
         <name>.debug_info</name>
         <load_address>0x1bc2</load_address>
         <run_address>0x1bc2</run_address>
         <size>0xcc</size>
         <input_file_ref idref="fl-3"/>
      </object_component>
      <object_component id="oc-15a">
         <name>.debug_info</name>
         <load_address>0x1c8e</load_address>
         <run_address>0x1c8e</run_address>
         <size>0x2c</size>
         <input_file_ref idref="fl-3"/>
      </object_component>
      <object_component id="oc-f0">
         <name>.debug_info</name>
         <load_address>0x1cba</load_address>
         <run_address>0x1cba</run_address>
         <size>0x34c</size>
         <input_file_ref idref="fl-4"/>
      </object_component>
      <object_component id="oc-a4">
         <name>.debug_info</name>
         <load_address>0x2006</load_address>
         <run_address>0x2006</run_address>
         <size>0x1f9</size>
         <input_file_ref idref="fl-4"/>
      </object_component>
      <object_component id="oc-1b2">
         <name>.debug_info</name>
         <load_address>0x21ff</load_address>
         <run_address>0x21ff</run_address>
         <size>0x5aa</size>
         <input_file_ref idref="fl-4"/>
      </object_component>
      <object_component id="oc-1b7">
         <name>.debug_info</name>
         <load_address>0x27a9</load_address>
         <run_address>0x27a9</run_address>
         <size>0x35</size>
         <input_file_ref idref="fl-4"/>
      </object_component>
      <object_component id="oc-1af">
         <name>.debug_info</name>
         <load_address>0x27de</load_address>
         <run_address>0x27de</run_address>
         <size>0x304</size>
         <input_file_ref idref="fl-5"/>
      </object_component>
      <object_component id="oc-ea">
         <name>.debug_info</name>
         <load_address>0x2ae2</load_address>
         <run_address>0x2ae2</run_address>
         <size>0x5b0</size>
         <input_file_ref idref="fl-5"/>
      </object_component>
      <object_component id="oc-19e">
         <name>.debug_info</name>
         <load_address>0x3092</load_address>
         <run_address>0x3092</run_address>
         <size>0x3ee</size>
         <input_file_ref idref="fl-6"/>
      </object_component>
      <object_component id="oc-179">
         <name>.debug_info</name>
         <load_address>0x3480</load_address>
         <run_address>0x3480</run_address>
         <size>0x109</size>
         <input_file_ref idref="fl-6"/>
      </object_component>
      <object_component id="oc-190">
         <name>.debug_info</name>
         <load_address>0x3589</load_address>
         <run_address>0x3589</run_address>
         <size>0xbe</size>
         <input_file_ref idref="fl-6"/>
      </object_component>
      <object_component id="oc-16d">
         <name>.debug_info</name>
         <load_address>0x3647</load_address>
         <run_address>0x3647</run_address>
         <size>0x136</size>
         <input_file_ref idref="fl-6"/>
      </object_component>
      <object_component id="oc-e5">
         <name>.debug_info</name>
         <load_address>0x377d</load_address>
         <run_address>0x377d</run_address>
         <size>0x1980</size>
         <input_file_ref idref="fl-6"/>
      </object_component>
      <object_component id="oc-19f">
         <name>.debug_info</name>
         <load_address>0x50fd</load_address>
         <run_address>0x50fd</run_address>
         <size>0x8b</size>
         <input_file_ref idref="fl-6"/>
      </object_component>
      <object_component id="oc-32">
         <name>.debug_info</name>
         <load_address>0x5188</load_address>
         <run_address>0x5188</run_address>
         <size>0x293</size>
         <input_file_ref idref="fl-7"/>
      </object_component>
      <object_component id="oc-13">
         <name>.debug_info</name>
         <load_address>0x541b</load_address>
         <run_address>0x541b</run_address>
         <size>0xd2</size>
         <input_file_ref idref="fl-7"/>
      </object_component>
      <object_component id="oc-2d">
         <name>.debug_info</name>
         <load_address>0x54ed</load_address>
         <run_address>0x54ed</run_address>
         <size>0x24e</size>
         <input_file_ref idref="fl-7"/>
      </object_component>
      <object_component id="oc-1fb">
         <name>.debug_info</name>
         <load_address>0x573b</load_address>
         <run_address>0x573b</run_address>
         <size>0x340</size>
         <input_file_ref idref="fl-c2"/>
      </object_component>
      <object_component id="oc-145">
         <name>.debug_info</name>
         <load_address>0x5a7b</load_address>
         <run_address>0x5a7b</run_address>
         <size>0x208</size>
         <input_file_ref idref="fl-c2"/>
      </object_component>
      <object_component id="oc-1f0">
         <name>.debug_info</name>
         <load_address>0x5c83</load_address>
         <run_address>0x5c83</run_address>
         <size>0x1c6</size>
         <input_file_ref idref="fl-c2"/>
      </object_component>
      <object_component id="oc-1f5">
         <name>.debug_info</name>
         <load_address>0x5e49</load_address>
         <run_address>0x5e49</run_address>
         <size>0x179</size>
         <input_file_ref idref="fl-c2"/>
      </object_component>
      <object_component id="oc-1fc">
         <name>.debug_info</name>
         <load_address>0x5fc2</load_address>
         <run_address>0x5fc2</run_address>
         <size>0x2c</size>
         <input_file_ref idref="fl-c2"/>
      </object_component>
      <object_component id="oc-201">
         <name>.debug_info</name>
         <load_address>0x5fee</load_address>
         <run_address>0x5fee</run_address>
         <size>0x69</size>
         <input_file_ref idref="fl-c2"/>
      </object_component>
      <object_component id="oc-18b">
         <name>.debug_info</name>
         <load_address>0x6057</load_address>
         <run_address>0x6057</run_address>
         <size>0x14c</size>
         <input_file_ref idref="fl-c3"/>
      </object_component>
      <object_component id="oc-1a6">
         <name>.debug_info</name>
         <load_address>0x61a3</load_address>
         <run_address>0x61a3</run_address>
         <size>0x128</size>
         <input_file_ref idref="fl-c4"/>
      </object_component>
      <object_component id="oc-1aa">
         <name>.debug_info</name>
         <load_address>0x62cb</load_address>
         <run_address>0x62cb</run_address>
         <size>0x12a</size>
         <input_file_ref idref="fl-c4"/>
      </object_component>
      <object_component id="oc-182">
         <name>.debug_info</name>
         <load_address>0x63f5</load_address>
         <run_address>0x63f5</run_address>
         <size>0x13a</size>
         <input_file_ref idref="fl-c5"/>
      </object_component>
      <object_component id="oc-17d">
         <name>.debug_info</name>
         <load_address>0x652f</load_address>
         <run_address>0x652f</run_address>
         <size>0x13a</size>
         <input_file_ref idref="fl-c6"/>
      </object_component>
      <object_component id="oc-193">
         <name>.debug_info</name>
         <load_address>0x6669</load_address>
         <run_address>0x6669</run_address>
         <size>0x13e</size>
         <input_file_ref idref="fl-c7"/>
      </object_component>
      <object_component id="oc-19a">
         <name>.debug_info</name>
         <load_address>0x67a7</load_address>
         <run_address>0x67a7</run_address>
         <size>0x12c</size>
         <input_file_ref idref="fl-c8"/>
      </object_component>
      <object_component id="oc-188">
         <name>.debug_info</name>
         <load_address>0x68d3</load_address>
         <run_address>0x68d3</run_address>
         <size>0x12c</size>
         <input_file_ref idref="fl-c9"/>
      </object_component>
      <object_component id="oc-41">
         <name>.debug_info</name>
         <load_address>0x69ff</load_address>
         <run_address>0x69ff</run_address>
         <size>0x119</size>
         <input_file_ref idref="fl-ca"/>
      </object_component>
      <object_component id="oc-95">
         <name>.debug_info</name>
         <load_address>0x6b18</load_address>
         <run_address>0x6b18</run_address>
         <size>0x2d4</size>
         <input_file_ref idref="fl-cb"/>
      </object_component>
      <object_component id="oc-4c">
         <name>.debug_info</name>
         <load_address>0x6dec</load_address>
         <run_address>0x6dec</run_address>
         <size>0x1d2</size>
         <input_file_ref idref="fl-cb"/>
      </object_component>
      <object_component id="oc-90">
         <name>.debug_info</name>
         <load_address>0x6fbe</load_address>
         <run_address>0x6fbe</run_address>
         <size>0x46</size>
         <input_file_ref idref="fl-cb"/>
      </object_component>
      <object_component id="oc-ce">
         <name>.debug_info</name>
         <load_address>0x7004</load_address>
         <run_address>0x7004</run_address>
         <size>0x2c</size>
         <input_file_ref idref="fl-cb"/>
      </object_component>
      <object_component id="oc-49">
         <name>.debug_info</name>
         <load_address>0x7030</load_address>
         <run_address>0x7030</run_address>
         <size>0x2a8</size>
         <input_file_ref idref="fl-cc"/>
      </object_component>
      <object_component id="oc-1d">
         <name>.debug_info</name>
         <load_address>0x72d8</load_address>
         <run_address>0x72d8</run_address>
         <size>0x1ea</size>
         <input_file_ref idref="fl-cc"/>
      </object_component>
      <object_component id="oc-44">
         <name>.debug_info</name>
         <load_address>0x74c2</load_address>
         <run_address>0x74c2</run_address>
         <size>0x46</size>
         <input_file_ref idref="fl-cc"/>
      </object_component>
      <object_component id="oc-88">
         <name>.debug_info</name>
         <load_address>0x7508</load_address>
         <run_address>0x7508</run_address>
         <size>0x2c</size>
         <input_file_ref idref="fl-cc"/>
      </object_component>
      <object_component id="oc-86">
         <name>.debug_info</name>
         <load_address>0x7534</load_address>
         <run_address>0x7534</run_address>
         <size>0x29e</size>
         <input_file_ref idref="fl-cd"/>
      </object_component>
      <object_component id="oc-16">
         <name>.debug_info</name>
         <load_address>0x77d2</load_address>
         <run_address>0x77d2</run_address>
         <size>0x250</size>
         <input_file_ref idref="fl-cd"/>
      </object_component>
      <object_component id="oc-34">
         <name>.debug_info</name>
         <load_address>0x7a22</load_address>
         <run_address>0x7a22</run_address>
         <size>0x60</size>
         <input_file_ref idref="fl-cd"/>
      </object_component>
      <object_component id="oc-c7">
         <name>.debug_info</name>
         <load_address>0x7a82</load_address>
         <run_address>0x7a82</run_address>
         <size>0x46</size>
         <input_file_ref idref="fl-cd"/>
      </object_component>
      <object_component id="oc-81">
         <name>.debug_info</name>
         <load_address>0x7ac8</load_address>
         <run_address>0x7ac8</run_address>
         <size>0x39</size>
         <input_file_ref idref="fl-cd"/>
      </object_component>
      <object_component id="oc-70">
         <name>.debug_info</name>
         <load_address>0x7b01</load_address>
         <run_address>0x7b01</run_address>
         <size>0x3b2</size>
         <input_file_ref idref="fl-ce"/>
      </object_component>
      <object_component id="oc-25">
         <name>.debug_info</name>
         <load_address>0x7eb3</load_address>
         <run_address>0x7eb3</run_address>
         <size>0x10c</size>
         <input_file_ref idref="fl-ce"/>
      </object_component>
      <object_component id="oc-2b9">
         <name>.debug_info</name>
         <load_address>0x7fbf</load_address>
         <run_address>0x7fbf</run_address>
         <size>0x13f</size>
         <input_file_ref idref="fl-ce"/>
      </object_component>
      <object_component id="oc-212">
         <name>.debug_info</name>
         <load_address>0x80fe</load_address>
         <run_address>0x80fe</run_address>
         <size>0x168</size>
         <input_file_ref idref="fl-ce"/>
      </object_component>
      <object_component id="oc-21a">
         <name>.debug_info</name>
         <load_address>0x8266</load_address>
         <run_address>0x8266</run_address>
         <size>0x18e</size>
         <input_file_ref idref="fl-ce"/>
      </object_component>
      <object_component id="oc-220">
         <name>.debug_info</name>
         <load_address>0x83f4</load_address>
         <run_address>0x83f4</run_address>
         <size>0x19f</size>
         <input_file_ref idref="fl-ce"/>
      </object_component>
      <object_component id="oc-167">
         <name>.debug_info</name>
         <load_address>0x8593</load_address>
         <run_address>0x8593</run_address>
         <size>0x203</size>
         <input_file_ref idref="fl-ce"/>
      </object_component>
      <object_component id="oc-330">
         <name>.debug_info</name>
         <load_address>0x8796</load_address>
         <run_address>0x8796</run_address>
         <size>0x1db</size>
         <input_file_ref idref="fl-ce"/>
      </object_component>
      <object_component id="oc-160">
         <name>.debug_info</name>
         <load_address>0x8971</load_address>
         <run_address>0x8971</run_address>
         <size>0x1a5</size>
         <input_file_ref idref="fl-ce"/>
      </object_component>
      <object_component id="oc-2b3">
         <name>.debug_info</name>
         <load_address>0x8b16</load_address>
         <run_address>0x8b16</run_address>
         <size>0x299</size>
         <input_file_ref idref="fl-ce"/>
      </object_component>
      <object_component id="oc-bb">
         <name>.debug_info</name>
         <load_address>0x8daf</load_address>
         <run_address>0x8daf</run_address>
         <size>0xb2</size>
         <input_file_ref idref="fl-ce"/>
      </object_component>
      <object_component id="oc-b6">
         <name>.debug_info</name>
         <load_address>0x8e61</load_address>
         <run_address>0x8e61</run_address>
         <size>0x2c</size>
         <input_file_ref idref="fl-ce"/>
      </object_component>
      <object_component id="oc-207">
         <name>.debug_info</name>
         <load_address>0x8e8d</load_address>
         <run_address>0x8e8d</run_address>
         <size>0x28a</size>
         <input_file_ref idref="fl-cf"/>
      </object_component>
      <object_component id="oc-14c">
         <name>.debug_info</name>
         <load_address>0x9117</load_address>
         <run_address>0x9117</run_address>
         <size>0x273</size>
         <input_file_ref idref="fl-cf"/>
      </object_component>
      <object_component id="oc-209">
         <name>.debug_info</name>
         <load_address>0x938a</load_address>
         <run_address>0x938a</run_address>
         <size>0x2a4</size>
         <input_file_ref idref="fl-d0"/>
      </object_component>
      <object_component id="oc-152">
         <name>.debug_info</name>
         <load_address>0x962e</load_address>
         <run_address>0x962e</run_address>
         <size>0x24d</size>
         <input_file_ref idref="fl-d0"/>
      </object_component>
      <object_component id="oc-28">
         <name>.debug_info</name>
         <load_address>0x987b</load_address>
         <run_address>0x987b</run_address>
         <size>0x10b</size>
         <input_file_ref idref="fl-d1"/>
      </object_component>
      <object_component id="oc-60">
         <name>.debug_info</name>
         <load_address>0x9986</load_address>
         <run_address>0x9986</run_address>
         <size>0x1a9</size>
         <input_file_ref idref="fl-d1"/>
      </object_component>
      <object_component id="oc-29e">
         <name>.debug_info</name>
         <load_address>0x9b2f</load_address>
         <run_address>0x9b2f</run_address>
         <size>0x590</size>
         <input_file_ref idref="fl-d2"/>
      </object_component>
      <object_component id="oc-271">
         <name>.debug_info</name>
         <load_address>0xa0bf</load_address>
         <run_address>0xa0bf</run_address>
         <size>0x21e</size>
         <input_file_ref idref="fl-d2"/>
      </object_component>
      <object_component id="oc-2e9">
         <name>.debug_info</name>
         <load_address>0xa2dd</load_address>
         <run_address>0xa2dd</run_address>
         <size>0x1b3</size>
         <input_file_ref idref="fl-d2"/>
      </object_component>
      <object_component id="oc-2ef">
         <name>.debug_info</name>
         <load_address>0xa490</load_address>
         <run_address>0xa490</run_address>
         <size>0x21b</size>
         <input_file_ref idref="fl-d2"/>
      </object_component>
      <object_component id="oc-277">
         <name>.debug_info</name>
         <load_address>0xa6ab</load_address>
         <run_address>0xa6ab</run_address>
         <size>0x3c0</size>
         <input_file_ref idref="fl-d2"/>
      </object_component>
      <object_component id="oc-2f6">
         <name>.debug_info</name>
         <load_address>0xaa6b</load_address>
         <run_address>0xaa6b</run_address>
         <size>0x30a</size>
         <input_file_ref idref="fl-d2"/>
      </object_component>
      <object_component id="oc-2fc">
         <name>.debug_info</name>
         <load_address>0xad75</load_address>
         <run_address>0xad75</run_address>
         <size>0x215</size>
         <input_file_ref idref="fl-d2"/>
      </object_component>
      <object_component id="oc-27d">
         <name>.debug_info</name>
         <load_address>0xaf8a</load_address>
         <run_address>0xaf8a</run_address>
         <size>0x215</size>
         <input_file_ref idref="fl-d2"/>
      </object_component>
      <object_component id="oc-283">
         <name>.debug_info</name>
         <load_address>0xb19f</load_address>
         <run_address>0xb19f</run_address>
         <size>0x304</size>
         <input_file_ref idref="fl-d2"/>
      </object_component>
      <object_component id="oc-289">
         <name>.debug_info</name>
         <load_address>0xb4a3</load_address>
         <run_address>0xb4a3</run_address>
         <size>0x4b5</size>
         <input_file_ref idref="fl-d2"/>
      </object_component>
      <object_component id="oc-1ec">
         <name>.debug_info</name>
         <load_address>0xb958</load_address>
         <run_address>0xb958</run_address>
         <size>0x5f4</size>
         <input_file_ref idref="fl-d2"/>
      </object_component>
      <object_component id="oc-29f">
         <name>.debug_info</name>
         <load_address>0xbf4c</load_address>
         <run_address>0xbf4c</run_address>
         <size>0x86</size>
         <input_file_ref idref="fl-d2"/>
      </object_component>
      <object_component id="oc-323">
         <name>.debug_info</name>
         <load_address>0xbfd2</load_address>
         <run_address>0xbfd2</run_address>
         <size>0x39</size>
         <input_file_ref idref="fl-d2"/>
      </object_component>
      <object_component id="oc-368">
         <name>.debug_info</name>
         <load_address>0xc00b</load_address>
         <run_address>0xc00b</run_address>
         <size>0xb6</size>
         <input_file_ref idref="fl-d2"/>
      </object_component>
      <object_component id="oc-328">
         <name>.debug_info</name>
         <load_address>0xc0c1</load_address>
         <run_address>0xc0c1</run_address>
         <size>0x46</size>
         <input_file_ref idref="fl-d2"/>
      </object_component>
      <object_component id="oc-2a4">
         <name>.debug_info</name>
         <load_address>0xc107</load_address>
         <run_address>0xc107</run_address>
         <size>0x46</size>
         <input_file_ref idref="fl-d2"/>
      </object_component>
      <object_component id="oc-34b">
         <name>.debug_info</name>
         <load_address>0xc14d</load_address>
         <run_address>0xc14d</run_address>
         <size>0x29a</size>
         <input_file_ref idref="fl-d3"/>
      </object_component>
      <object_component id="oc-303">
         <name>.debug_info</name>
         <load_address>0xc3e7</load_address>
         <run_address>0xc3e7</run_address>
         <size>0x195</size>
         <input_file_ref idref="fl-d3"/>
      </object_component>
      <object_component id="oc-375">
         <name>.debug_info</name>
         <load_address>0xc57c</load_address>
         <run_address>0xc57c</run_address>
         <size>0x39</size>
         <input_file_ref idref="fl-d3"/>
      </object_component>
      <object_component id="oc-34c">
         <name>.debug_info</name>
         <load_address>0xc5b5</load_address>
         <run_address>0xc5b5</run_address>
         <size>0x2c</size>
         <input_file_ref idref="fl-d3"/>
      </object_component>
      <object_component id="oc-358">
         <name>.debug_info</name>
         <load_address>0xc5e1</load_address>
         <run_address>0xc5e1</run_address>
         <size>0x2fd</size>
         <input_file_ref idref="fl-d4"/>
      </object_component>
      <object_component id="oc-307">
         <name>.debug_info</name>
         <load_address>0xc8de</load_address>
         <run_address>0xc8de</run_address>
         <size>0x225</size>
         <input_file_ref idref="fl-d4"/>
      </object_component>
      <object_component id="oc-352">
         <name>.debug_info</name>
         <load_address>0xcb03</load_address>
         <run_address>0xcb03</run_address>
         <size>0x161</size>
         <input_file_ref idref="fl-d5"/>
      </object_component>
      <object_component id="oc-2d5">
         <name>.debug_info</name>
         <load_address>0xcc64</load_address>
         <run_address>0xcc64</run_address>
         <size>0x134</size>
         <input_file_ref idref="fl-d6"/>
      </object_component>
      <object_component id="oc-99">
         <name>.debug_info</name>
         <load_address>0xcd98</load_address>
         <run_address>0xcd98</run_address>
         <size>0x147</size>
         <input_file_ref idref="fl-d7"/>
      </object_component>
      <object_component id="oc-2dc">
         <name>.debug_info</name>
         <load_address>0xcedf</load_address>
         <run_address>0xcedf</run_address>
         <size>0x12e</size>
         <input_file_ref idref="fl-d8"/>
      </object_component>
      <object_component id="oc-1c7">
         <name>.debug_info</name>
         <load_address>0xd00d</load_address>
         <run_address>0xd00d</run_address>
         <size>0x4b3</size>
         <input_file_ref idref="fl-d9"/>
      </object_component>
      <object_component id="oc-ff">
         <name>.debug_info</name>
         <load_address>0xd4c0</load_address>
         <run_address>0xd4c0</run_address>
         <size>0x1a6</size>
         <input_file_ref idref="fl-d9"/>
      </object_component>
      <object_component id="oc-24c">
         <name>.debug_info</name>
         <load_address>0xd666</load_address>
         <run_address>0xd666</run_address>
         <size>0x39</size>
         <input_file_ref idref="fl-d9"/>
      </object_component>
      <object_component id="oc-2c1">
         <name>.debug_info</name>
         <load_address>0xd69f</load_address>
         <run_address>0xd69f</run_address>
         <size>0x39</size>
         <input_file_ref idref="fl-d9"/>
      </object_component>
      <object_component id="oc-251">
         <name>.debug_info</name>
         <load_address>0xd6d8</load_address>
         <run_address>0xd6d8</run_address>
         <size>0x39</size>
         <input_file_ref idref="fl-d9"/>
      </object_component>
      <object_component id="oc-256">
         <name>.debug_info</name>
         <load_address>0xd711</load_address>
         <run_address>0xd711</run_address>
         <size>0xcd</size>
         <input_file_ref idref="fl-d9"/>
      </object_component>
      <object_component id="oc-9f">
         <name>.debug_info</name>
         <load_address>0xd7de</load_address>
         <run_address>0xd7de</run_address>
         <size>0x153</size>
         <input_file_ref idref="fl-da"/>
      </object_component>
      <object_component id="oc-f4">
         <name>.debug_info</name>
         <load_address>0xd931</load_address>
         <run_address>0xd931</run_address>
         <size>0x122</size>
         <input_file_ref idref="fl-dc"/>
      </object_component>
      <object_component id="oc-246">
         <name>.debug_info</name>
         <load_address>0xda53</load_address>
         <run_address>0xda53</run_address>
         <size>0x2c9</size>
         <input_file_ref idref="fl-dd"/>
      </object_component>
      <object_component id="oc-1c1">
         <name>.debug_info</name>
         <load_address>0xdd1c</load_address>
         <run_address>0xdd1c</run_address>
         <size>0x11e</size>
         <input_file_ref idref="fl-dd"/>
      </object_component>
      <object_component id="oc-23f">
         <name>.debug_info</name>
         <load_address>0xde3a</load_address>
         <run_address>0xde3a</run_address>
         <size>0x12e</size>
         <input_file_ref idref="fl-dd"/>
      </object_component>
      <object_component id="oc-345">
         <name>.debug_info</name>
         <load_address>0xdf68</load_address>
         <run_address>0xdf68</run_address>
         <size>0x29c</size>
         <input_file_ref idref="fl-de"/>
      </object_component>
      <object_component id="oc-2e0">
         <name>.debug_info</name>
         <load_address>0xe204</load_address>
         <run_address>0xe204</run_address>
         <size>0x1da</size>
         <input_file_ref idref="fl-de"/>
      </object_component>
      <object_component id="oc-2d3">
         <name>.debug_info</name>
         <load_address>0xe3de</load_address>
         <run_address>0xe3de</run_address>
         <size>0x2b9</size>
         <input_file_ref idref="fl-e0"/>
      </object_component>
      <object_component id="oc-26b">
         <name>.debug_info</name>
         <load_address>0xe697</load_address>
         <run_address>0xe697</run_address>
         <size>0x17c</size>
         <input_file_ref idref="fl-e0"/>
      </object_component>
      <object_component id="oc-33a">
         <name>.debug_info</name>
         <load_address>0xe813</load_address>
         <run_address>0xe813</run_address>
         <size>0xf9</size>
         <input_file_ref idref="fl-e1"/>
      </object_component>
      <object_component id="oc-2d0">
         <name>.debug_info</name>
         <load_address>0xe90c</load_address>
         <run_address>0xe90c</run_address>
         <size>0x105</size>
         <input_file_ref idref="fl-e1"/>
      </object_component>
      <object_component id="oc-314">
         <name>.debug_info</name>
         <load_address>0xea11</load_address>
         <run_address>0xea11</run_address>
         <size>0x2a7</size>
         <input_file_ref idref="fl-e2"/>
      </object_component>
      <object_component id="oc-28e">
         <name>.debug_info</name>
         <load_address>0xecb8</load_address>
         <run_address>0xecb8</run_address>
         <size>0x1b8</size>
         <input_file_ref idref="fl-e2"/>
      </object_component>
      <object_component id="oc-35a">
         <name>.debug_info</name>
         <load_address>0xee70</load_address>
         <run_address>0xee70</run_address>
         <size>0x29a</size>
         <input_file_ref idref="fl-e3"/>
      </object_component>
      <object_component id="oc-30f">
         <name>.debug_info</name>
         <load_address>0xf10a</load_address>
         <run_address>0xf10a</run_address>
         <size>0x262</size>
         <input_file_ref idref="fl-e3"/>
      </object_component>
      <object_component id="oc-2ce">
         <name>.debug_info</name>
         <load_address>0xf36c</load_address>
         <run_address>0xf36c</run_address>
         <size>0x28f</size>
         <input_file_ref idref="fl-e4"/>
      </object_component>
      <object_component id="oc-262">
         <name>.debug_info</name>
         <load_address>0xf5fb</load_address>
         <run_address>0xf5fb</run_address>
         <size>0x245</size>
         <input_file_ref idref="fl-e4"/>
      </object_component>
      <object_component id="oc-320">
         <name>.debug_info</name>
         <load_address>0xf840</load_address>
         <run_address>0xf840</run_address>
         <size>0x289</size>
         <input_file_ref idref="fl-e5"/>
      </object_component>
      <object_component id="oc-31d">
         <name>.debug_info</name>
         <load_address>0xfac9</load_address>
         <run_address>0xfac9</run_address>
         <size>0x10e</size>
         <input_file_ref idref="fl-e5"/>
      </object_component>
      <object_component id="oc-298">
         <name>.debug_info</name>
         <load_address>0xfbd7</load_address>
         <run_address>0xfbd7</run_address>
         <size>0x14e</size>
         <input_file_ref idref="fl-e5"/>
      </object_component>
      <object_component id="oc-31b">
         <name>.debug_info</name>
         <load_address>0xfd25</load_address>
         <run_address>0xfd25</run_address>
         <size>0x28f</size>
         <input_file_ref idref="fl-e6"/>
      </object_component>
      <object_component id="oc-293">
         <name>.debug_info</name>
         <load_address>0xffb4</load_address>
         <run_address>0xffb4</run_address>
         <size>0x15a</size>
         <input_file_ref idref="fl-e6"/>
      </object_component>
      <object_component id="oc-35d">
         <name>.debug_info</name>
         <load_address>0x1010e</load_address>
         <run_address>0x1010e</run_address>
         <size>0x46</size>
         <input_file_ref idref="fl-e6"/>
      </object_component>
      <object_component id="oc-316">
         <name>.debug_info</name>
         <load_address>0x10154</load_address>
         <run_address>0x10154</run_address>
         <size>0x39</size>
         <input_file_ref idref="fl-e6"/>
      </object_component>
      <object_component id="oc-340">
         <name>.debug_info</name>
         <load_address>0x1018d</load_address>
         <run_address>0x1018d</run_address>
         <size>0x115</size>
         <input_file_ref idref="fl-e7"/>
      </object_component>
      <object_component id="oc-1e5">
         <name>.debug_info</name>
         <load_address>0x102a2</load_address>
         <run_address>0x102a2</run_address>
         <size>0x20e</size>
         <input_file_ref idref="fl-e8"/>
      </object_component>
      <object_component id="oc-1dd">
         <name>.debug_info</name>
         <load_address>0x104b0</load_address>
         <run_address>0x104b0</run_address>
         <size>0x157</size>
         <input_file_ref idref="fl-e8"/>
      </object_component>
      <object_component id="oc-132">
         <name>.debug_info</name>
         <load_address>0x10607</load_address>
         <run_address>0x10607</run_address>
         <size>0x2c1</size>
         <input_file_ref idref="fl-e8"/>
      </object_component>
      <object_component id="oc-173">
         <name>.debug_info</name>
         <load_address>0x108c8</load_address>
         <run_address>0x108c8</run_address>
         <size>0x23e</size>
         <input_file_ref idref="fl-e8"/>
      </object_component>
      <object_component id="oc-1e0">
         <name>.debug_info</name>
         <load_address>0x10b06</load_address>
         <run_address>0x10b06</run_address>
         <size>0x18b</size>
         <input_file_ref idref="fl-e8"/>
      </object_component>
      <object_component id="oc-226">
         <name>.debug_info</name>
         <load_address>0x10c91</load_address>
         <run_address>0x10c91</run_address>
         <size>0x212</size>
         <input_file_ref idref="fl-e9"/>
      </object_component>
      <object_component id="oc-3b0">
         <name>.debug_info</name>
         <load_address>0x10ea3</load_address>
         <run_address>0x10ea3</run_address>
         <size>0x85</size>
      </object_component>
      <object_component id="oc-130">
         <name>.debug_line</name>
         <load_address>0x0</load_address>
         <run_address>0x0</run_address>
         <size>0x69</size>
         <input_file_ref idref="fl-2"/>
      </object_component>
      <object_component id="oc-1e7">
         <name>.debug_line</name>
         <load_address>0x69</load_address>
         <run_address>0x69</run_address>
         <size>0x2e</size>
         <input_file_ref idref="fl-2"/>
      </object_component>
      <object_component id="oc-db">
         <name>.debug_line</name>
         <load_address>0x97</load_address>
         <run_address>0x97</run_address>
         <size>0x179</size>
         <input_file_ref idref="fl-2"/>
      </object_component>
      <object_component id="oc-7a">
         <name>.debug_line</name>
         <load_address>0x210</load_address>
         <run_address>0x210</run_address>
         <size>0x6f</size>
         <input_file_ref idref="fl-2"/>
      </object_component>
      <object_component id="oc-3c">
         <name>.debug_line</name>
         <load_address>0x27f</load_address>
         <run_address>0x27f</run_address>
         <size>0x20</size>
         <input_file_ref idref="fl-2"/>
      </object_component>
      <object_component id="oc-c3">
         <name>.debug_line</name>
         <load_address>0x29f</load_address>
         <run_address>0x29f</run_address>
         <size>0x73</size>
         <input_file_ref idref="fl-2"/>
      </object_component>
      <object_component id="oc-7f">
         <name>.debug_line</name>
         <load_address>0x312</load_address>
         <run_address>0x312</run_address>
         <size>0x70</size>
         <input_file_ref idref="fl-2"/>
      </object_component>
      <object_component id="oc-20b">
         <name>.debug_line</name>
         <load_address>0x382</load_address>
         <run_address>0x382</run_address>
         <size>0xc3</size>
         <input_file_ref idref="fl-3"/>
      </object_component>
      <object_component id="oc-13d">
         <name>.debug_line</name>
         <load_address>0x445</load_address>
         <run_address>0x445</run_address>
         <size>0x45</size>
         <input_file_ref idref="fl-3"/>
      </object_component>
      <object_component id="oc-e1">
         <name>.debug_line</name>
         <load_address>0x48a</load_address>
         <run_address>0x48a</run_address>
         <size>0x19c</size>
         <input_file_ref idref="fl-3"/>
      </object_component>
      <object_component id="oc-20f">
         <name>.debug_line</name>
         <load_address>0x626</load_address>
         <run_address>0x626</run_address>
         <size>0x6a</size>
         <input_file_ref idref="fl-3"/>
      </object_component>
      <object_component id="oc-15d">
         <name>.debug_line</name>
         <load_address>0x690</load_address>
         <run_address>0x690</run_address>
         <size>0x6b</size>
         <input_file_ref idref="fl-3"/>
      </object_component>
      <object_component id="oc-1b1">
         <name>.debug_line</name>
         <load_address>0x6fb</load_address>
         <run_address>0x6fb</run_address>
         <size>0x62</size>
         <input_file_ref idref="fl-4"/>
      </object_component>
      <object_component id="oc-a3">
         <name>.debug_line</name>
         <load_address>0x75d</load_address>
         <run_address>0x75d</run_address>
         <size>0x6f</size>
         <input_file_ref idref="fl-4"/>
      </object_component>
      <object_component id="oc-1b5">
         <name>.debug_line</name>
         <load_address>0x7cc</load_address>
         <run_address>0x7cc</run_address>
         <size>0x37</size>
         <input_file_ref idref="fl-4"/>
      </object_component>
      <object_component id="oc-1ba">
         <name>.debug_line</name>
         <load_address>0x803</load_address>
         <run_address>0x803</run_address>
         <size>0x72</size>
         <input_file_ref idref="fl-4"/>
      </object_component>
      <object_component id="oc-23b">
         <name>.debug_line</name>
         <load_address>0x875</load_address>
         <run_address>0x875</run_address>
         <size>0x43</size>
         <input_file_ref idref="fl-5"/>
      </object_component>
      <object_component id="oc-ed">
         <name>.debug_line</name>
         <load_address>0x8b8</load_address>
         <run_address>0x8b8</run_address>
         <size>0xd9</size>
         <input_file_ref idref="fl-5"/>
      </object_component>
      <object_component id="oc-237">
         <name>.debug_line</name>
         <load_address>0x991</load_address>
         <run_address>0x991</run_address>
         <size>0xff</size>
         <input_file_ref idref="fl-6"/>
      </object_component>
      <object_component id="oc-22d">
         <name>.debug_line</name>
         <load_address>0xa90</load_address>
         <run_address>0xa90</run_address>
         <size>0x37</size>
         <input_file_ref idref="fl-6"/>
      </object_component>
      <object_component id="oc-233">
         <name>.debug_line</name>
         <load_address>0xac7</load_address>
         <run_address>0xac7</run_address>
         <size>0x37</size>
         <input_file_ref idref="fl-6"/>
      </object_component>
      <object_component id="oc-16c">
         <name>.debug_line</name>
         <load_address>0xafe</load_address>
         <run_address>0xafe</run_address>
         <size>0x4f</size>
         <input_file_ref idref="fl-6"/>
      </object_component>
      <object_component id="oc-e4">
         <name>.debug_line</name>
         <load_address>0xb4d</load_address>
         <run_address>0xb4d</run_address>
         <size>0x440</size>
         <input_file_ref idref="fl-6"/>
      </object_component>
      <object_component id="oc-1a2">
         <name>.debug_line</name>
         <load_address>0xf8d</load_address>
         <run_address>0xf8d</run_address>
         <size>0x20</size>
         <input_file_ref idref="fl-6"/>
      </object_component>
      <object_component id="oc-76">
         <name>.debug_line</name>
         <load_address>0xfad</load_address>
         <run_address>0xfad</run_address>
         <size>0x41</size>
         <input_file_ref idref="fl-7"/>
      </object_component>
      <object_component id="oc-31">
         <name>.debug_line</name>
         <load_address>0xfee</load_address>
         <run_address>0xfee</run_address>
         <size>0x41</size>
         <input_file_ref idref="fl-7"/>
      </object_component>
      <object_component id="oc-2f">
         <name>.debug_line</name>
         <load_address>0x102f</load_address>
         <run_address>0x102f</run_address>
         <size>0xa1</size>
         <input_file_ref idref="fl-7"/>
      </object_component>
      <object_component id="oc-2ac">
         <name>.debug_line</name>
         <load_address>0x10d0</load_address>
         <run_address>0x10d0</run_address>
         <size>0x2f</size>
         <input_file_ref idref="fl-c2"/>
      </object_component>
      <object_component id="oc-144">
         <name>.debug_line</name>
         <load_address>0x10ff</load_address>
         <run_address>0x10ff</run_address>
         <size>0x55</size>
         <input_file_ref idref="fl-c2"/>
      </object_component>
      <object_component id="oc-1ef">
         <name>.debug_line</name>
         <load_address>0x1154</load_address>
         <run_address>0x1154</run_address>
         <size>0x59</size>
         <input_file_ref idref="fl-c2"/>
      </object_component>
      <object_component id="oc-1f9">
         <name>.debug_line</name>
         <load_address>0x11ad</load_address>
         <run_address>0x11ad</run_address>
         <size>0x47</size>
         <input_file_ref idref="fl-c2"/>
      </object_component>
      <object_component id="oc-1ff">
         <name>.debug_line</name>
         <load_address>0x11f4</load_address>
         <run_address>0x11f4</run_address>
         <size>0x91</size>
         <input_file_ref idref="fl-c2"/>
      </object_component>
      <object_component id="oc-204">
         <name>.debug_line</name>
         <load_address>0x1285</load_address>
         <run_address>0x1285</run_address>
         <size>0x2f</size>
         <input_file_ref idref="fl-c2"/>
      </object_component>
      <object_component id="oc-18e">
         <name>.debug_line</name>
         <load_address>0x12b4</load_address>
         <run_address>0x12b4</run_address>
         <size>0xd2</size>
         <input_file_ref idref="fl-c3"/>
      </object_component>
      <object_component id="oc-1a5">
         <name>.debug_line</name>
         <load_address>0x1386</load_address>
         <run_address>0x1386</run_address>
         <size>0x77</size>
         <input_file_ref idref="fl-c4"/>
      </object_component>
      <object_component id="oc-1ad">
         <name>.debug_line</name>
         <load_address>0x13fd</load_address>
         <run_address>0x13fd</run_address>
         <size>0x77</size>
         <input_file_ref idref="fl-c4"/>
      </object_component>
      <object_component id="oc-184">
         <name>.debug_line</name>
         <load_address>0x1474</load_address>
         <run_address>0x1474</run_address>
         <size>0xa8</size>
         <input_file_ref idref="fl-c5"/>
      </object_component>
      <object_component id="oc-17c">
         <name>.debug_line</name>
         <load_address>0x151c</load_address>
         <run_address>0x151c</run_address>
         <size>0x8e</size>
         <input_file_ref idref="fl-c6"/>
      </object_component>
      <object_component id="oc-196">
         <name>.debug_line</name>
         <load_address>0x15aa</load_address>
         <run_address>0x15aa</run_address>
         <size>0x67</size>
         <input_file_ref idref="fl-c7"/>
      </object_component>
      <object_component id="oc-198">
         <name>.debug_line</name>
         <load_address>0x1611</load_address>
         <run_address>0x1611</run_address>
         <size>0x57</size>
         <input_file_ref idref="fl-c8"/>
      </object_component>
      <object_component id="oc-186">
         <name>.debug_line</name>
         <load_address>0x1668</load_address>
         <run_address>0x1668</run_address>
         <size>0x50</size>
         <input_file_ref idref="fl-c9"/>
      </object_component>
      <object_component id="oc-3f">
         <name>.debug_line</name>
         <load_address>0x16b8</load_address>
         <run_address>0x16b8</run_address>
         <size>0x88</size>
         <input_file_ref idref="fl-ca"/>
      </object_component>
      <object_component id="oc-d4">
         <name>.debug_line</name>
         <load_address>0x1740</load_address>
         <run_address>0x1740</run_address>
         <size>0x92</size>
         <input_file_ref idref="fl-cb"/>
      </object_component>
      <object_component id="oc-4e">
         <name>.debug_line</name>
         <load_address>0x17d2</load_address>
         <run_address>0x17d2</run_address>
         <size>0x56</size>
         <input_file_ref idref="fl-cb"/>
      </object_component>
      <object_component id="oc-93">
         <name>.debug_line</name>
         <load_address>0x1828</load_address>
         <run_address>0x1828</run_address>
         <size>0x34</size>
         <input_file_ref idref="fl-cb"/>
      </object_component>
      <object_component id="oc-d1">
         <name>.debug_line</name>
         <load_address>0x185c</load_address>
         <run_address>0x185c</run_address>
         <size>0x92</size>
         <input_file_ref idref="fl-cb"/>
      </object_component>
      <object_component id="oc-8e">
         <name>.debug_line</name>
[...]
      </symbol>
      <symbol id="sm-c">
         <name>__SYSMEM_SIZE</name>
         <value>0x400</value>
      </symbol>
      <symbol id="sm-d">
         <name>__c_args__</name>
         <value>0xffffffff</value>
      </symbol>
      <symbol id="sm-e">
         <name>__TI_pprof_out_hndl</name>
         <value>0xffffffff</value>
      </symbol>
      <symbol id="sm-f">
         <name>__TI_prof_data_start</name>
         <value>0xffffffff</value>
      </symbol>
      <symbol id="sm-10">
         <name>__TI_prof_data_size</name>
         <value>0xffffffff</value>
      </symbol>
      <symbol id="sm-76">
         <name>_timeout_ticks</name>
         <value>0x20000edc</value>
      </symbol>
      <symbol id="sm-77">
         <name>timer_pause</name>
         <value>0x1f17</value>
         <object_component_ref idref="oc-d7"/>
      </symbol>
      <symbol id="sm-78">
         <name>timer_resume</name>
         <value>0x1f29</value>
         <object_component_ref idref="oc-d7"/>
      </symbol>
      <symbol id="sm-79">
         <name>timer_getMillis</name>
         <value>0x1f3b</value>
         <object_component_ref idref="oc-d7"/>
      </symbol>
      <symbol id="sm-7a">
         <name>_running</name>
         <value>0x20000f14</value>
         <object_component_ref idref="oc-137"/>
      </symbol>
      <symbol id="sm-7b">
         <name>timer_init</name>
         <value>0x1e75</value>
         <object_component_ref idref="oc-d7"/>
      </symbol>
      <symbol id="sm-7c">
         <name>timer_stop</name>
         <value>0x1eed</value>
         <object_component_ref idref="oc-d7"/>
      </symbol>
      <symbol id="sm-7d">
         <name>timer_getMicros</name>
         <value>0x1f93</value>
         <object_component_ref idref="oc-d7"/>
      </symbol>
      <symbol id="sm-7e">
         <name>timer_waitMillis</name>
         <value>0x201f</value>
         <object_component_ref idref="oc-d7"/>
      </symbol>
      <symbol id="sm-7f">
         <name>timer_waitMicros</name>
         <value>0x1fed</value>
         <object_component_ref idref="oc-d7"/>
      </symbol>
      <symbol id="sm-c6">
         <name>lcd_sendCommand</name>
         <value>0x1a2f</value>
         <object_component_ref idref="oc-dd"/>
      </symbol>
      <symbol id="sm-c7">
         <name>lcd_sendNibble</name>
         <value>0x1a6d</value>
         <object_component_ref idref="oc-dd"/>
      </symbol>
      <symbol id="sm-c8">
         <name>lcd_clear</name>
         <value>0x3847</value>
         <object_component_ref idref="oc-13c"/>
      </symbol>
      <symbol id="sm-c9">
         <name>lcd_printf</name>
         <value>0x1b17</value>
         <object_component_ref idref="oc-dd"/>
      </symbol>
      <symbol id="sm-ca">
         <name>lcd_setCursorPos</name>
         <value>0x1ad9</value>
         <object_component_ref idref="oc-dd"/>
      </symbol>
      <symbol id="sm-cb">
         <name>lcd_init</name>
         <value>0x1919</value>
         <object_component_ref idref="oc-dd"/>
      </symbol>
      <symbol id="sm-cc">
         <name>lcd_puts</name>
         <value>0x1a11</value>
         <object_component_ref idref="oc-dd"/>
      </symbol>
      <symbol id="sm-cd">
         <name>lcd_putc</name>
         <value>0x19d9</value>
         <object_component_ref idref="oc-dd"/>
      </symbol>
      <symbol id="sm-ce">
         <name>lcd_reverseNibble</name>
         <value>0x18dd</value>
         <object_component_ref idref="oc-dd"/>
      </symbol>
      <symbol id="sm-cf">
         <name>lcd_gotoLine</name>
         <value>0x1ab1</value>
         <object_component_ref idref="oc-dd"/>
      </symbol>
      <symbol id="sm-ea">
         <name>collision_detection</name>
         <value>0x3511</value>
         <object_component_ref idref="oc-a2"/>
      </symbol>
      <symbol id="sm-eb">
         <name>main</name>
         <value>0x3523</value>
         <object_component_ref idref="oc-a2"/>
      </symbol>
      <symbol id="sm-10c">
         <name>moveBackward</name>
         <value>0x2125</value>
         <object_component_ref idref="oc-e9"/>
      </symbol>
      <symbol id="sm-10d">
         <name>turnLeft</name>
         <value>0x220f</value>
         <object_component_ref idref="oc-e9"/>
      </symbol>
      <symbol id="sm-10e">
         <name>turnRight</name>
         <value>0x2199</value>
         <object_component_ref idref="oc-e9"/>
      </symbol>
      <symbol id="sm-10f">
         <name>moveForward</name>
         <value>0x20bd</value>
         <object_component_ref idref="oc-e9"/>
      </symbol>
      <symbol id="sm-1dd">
         <name>go_charge</name>
         <value>0x97f</value>
         <object_component_ref idref="oc-e3"/>
      </symbol>
      <symbol id="sm-1de">
         <name>GPIOF_Handler</name>
         <value>0xbc3</value>
         <object_component_ref idref="oc-e3"/>
      </symbol>
      <symbol id="sm-1df">
         <name>oi_free</name>
         <value>0x279</value>
         <object_component_ref idref="oc-e3"/>
      </symbol>
      <symbol id="sm-1e0">
         <name>oi_getMotorCalibrationRight</name>
         <value>0xe01</value>
         <object_component_ref idref="oc-e3"/>
      </symbol>
      <symbol id="sm-1e1">
         <name>oi_uartReceive</name>
         <value>0xa31</value>
         <object_component_ref idref="oc-e3"/>
      </symbol>
      <symbol id="sm-1e2">
         <name>oi_setWheels</name>
         <value>0x88f</value>
         <object_component_ref idref="oc-e3"/>
      </symbol>
      <symbol id="sm-1e3">
         <name>oi_shutoff_init</name>
         <value>0xb51</value>
         <object_component_ref idref="oc-e3"/>
      </symbol>
      <symbol id="sm-1e4">
         <name>motor_cal_factor_L</name>
         <value>0x20000ee0</value>
         <object_component_ref idref="oc-178"/>
      </symbol>
      <symbol id="sm-1e5">
         <name>motor_cal_factor_R</name>
         <value>0x20000ee4</value>
         <object_component_ref idref="oc-178"/>
      </symbol>
      <symbol id="sm-1e6">
         <name>oi_parseInt</name>
         <value>0x37b7</value>
         <object_component_ref idref="oc-16b"/>
      </symbol>
      <symbol id="sm-1e7">
         <name>oi_setMotorCalibration</name>
         <value>0xdb1</value>
         <object_component_ref idref="oc-e3"/>
      </symbol>
      <symbol id="sm-1e8">
         <name>oi_uartSendStr</name>
         <value>0xa59</value>
         <object_component_ref idref="oc-e3"/>
      </symbol>
      <symbol id="sm-1e9">
         <name>oi_close</name>
         <value>0x2c7</value>
         <object_component_ref idref="oc-e3"/>
      </symbol>
      <symbol id="sm-1ea">
         <name>oi_uartSendBuff</name>
         <value>0xa77</value>
         <object_component_ref idref="oc-e3"/>
      </symbol>
      <symbol id="sm-1eb">
         <name>oi_checkFirmware</name>
         <value>0xaa9</value>
         <object_component_ref idref="oc-e3"/>
      </symbol>
      <symbol id="sm-1ec">
         <name>oi_init_noupdate</name>
         <value>0x289</value>
         <object_component_ref idref="oc-e3"/>
      </symbol>
      <symbol id="sm-1ed">
         <name>oi_uartSendChar</name>
         <value>0xa15</value>
         <object_component_ref idref="oc-e3"/>
      </symbol>
      <symbol id="sm-1ee">
         <name>oi_alloc</name>
         <value>0x26d</value>
         <object_component_ref idref="oc-e3"/>
      </symbol>
      <symbol id="sm-1ef">
         <name>oi_getMotorCalibrationLeft</name>
         <value>0xded</value>
         <object_component_ref idref="oc-e3"/>
      </symbol>
      <symbol id="sm-1f0">
         <name>oi_loadSong</name>
         <value>0x915</value>
         <object_component_ref idref="oc-e3"/>
      </symbol>
      <symbol id="sm-1f1">
         <name>oi_play_song</name>
         <value>0x96b</value>
         <object_component_ref idref="oc-e3"/>
      </symbol>
      <symbol id="sm-1f2">
         <name>oi_parsePacket</name>
         <value>0x32b</value>
         <object_component_ref idref="oc-e3"/>
      </symbol>
      <symbol id="sm-1f3">
         <name>oi_setLeds</name>
         <value>0x84b</value>
         <object_component_ref idref="oc-e3"/>
      </symbol>
      <symbol id="sm-1f4">
         <name>oi_init</name>
         <value>0x2b1</value>
         <object_component_ref idref="oc-e3"/>
      </symbol>
      <symbol id="sm-1f5">
         <name>oi_update</name>
         <value>0x2d9</value>
         <object_component_ref idref="oc-e3"/>
      </symbol>
      <symbol id="sm-1f6">
         <name>oi_uartInit</name>
         <value>0x98d</value>
         <object_component_ref idref="oc-e3"/>
      </symbol>
      <symbol id="sm-212">
         <name>ResetISR</name>
         <value>0x3871</value>
         <object_component_ref idref="oc-2a"/>
      </symbol>
      <symbol id="sm-213">
         <name>g_pfnVectors</name>
         <value>0x0</value>
         <object_component_ref idref="oc-12"/>
      </symbol>
      <symbol id="sm-242">
         <name>vsnprintf</name>
         <value>0x3551</value>
         <object_component_ref idref="oc-143"/>
      </symbol>
      <symbol id="sm-259">
         <name>__aeabi_dsub</name>
         <value>0x2479</value>
         <object_component_ref idref="oc-18a"/>
      </symbol>
      <symbol id="sm-25a">
         <name>__aeabi_dadd</name>
         <value>0x2483</value>
         <object_component_ref idref="oc-18a"/>
      </symbol>
      <symbol id="sm-27c">
         <name>__aeabi_cdcmpeq</name>
         <value>0x2f9d</value>
         <object_component_ref idref="oc-1a4"/>
      </symbol>
      <symbol id="sm-27d">
         <name>__aeabi_cdcmple</name>
         <value>0x2f9d</value>
         <object_component_ref idref="oc-1a4"/>
      </symbol>
      <symbol id="sm-27e">
         <name>__aeabi_cdrcmple</name>
         <value>0x3023</value>
         <object_component_ref idref="oc-1a9"/>
      </symbol>
      <symbol id="sm-292">
         <name>__aeabi_ddiv</name>
         <value>0x276d</value>
         <object_component_ref idref="oc-180"/>
      </symbol>
      <symbol id="sm-29d">
         <name>__aeabi_dmul</name>
         <value>0x2bd9</value>
         <object_component_ref idref="oc-17b"/>
      </symbol>
      <symbol id="sm-2a9">
         <name>__aeabi_d2f</name>
         <value>0x3203</value>
         <object_component_ref idref="oc-192"/>
      </symbol>
      <symbol id="sm-2b4">
         <name>__aeabi_f2d</name>
         <value>0x3609</value>
         <object_component_ref idref="oc-197"/>
      </symbol>
      <symbol id="sm-2be">
         <name>__aeabi_i2d</name>
         <value>0x36d9</value>
         <object_component_ref idref="oc-185"/>
      </symbol>
      <symbol id="sm-2d9">
         <name>memcpy</name>
         <value>0x2e6b</value>
         <object_component_ref idref="oc-3e"/>
      </symbol>
      <symbol id="sm-2da">
         <name>__aeabi_memcpy</name>
         <value>0x2e6b</value>
         <object_component_ref idref="oc-3e"/>
      </symbol>
      <symbol id="sm-2db">
         <name>__aeabi_memcpy8</name>
         <value>0x2e6b</value>
         <object_component_ref idref="oc-3e"/>
      </symbol>
      <symbol id="sm-2dc">
         <name>__aeabi_memcpy4</name>
         <value>0x2e6b</value>
         <object_component_ref idref="oc-3e"/>
      </symbol>
      <symbol id="sm-2f5">
         <name>__TI_zero_init_nomemset</name>
         <value>0x3731</value>
         <object_component_ref idref="oc-4a"/>
      </symbol>
      <symbol id="sm-30c">
         <name>__TI_decompress_none</name>
         <value>0x3857</value>
         <object_component_ref idref="oc-1b"/>
      </symbol>
      <symbol id="sm-32f">
         <name>__TI_decompress_lzss</name>
         <value>0x3271</value>
         <object_component_ref idref="oc-15"/>
      </symbol>
      <symbol id="sm-3c4">
         <name>_sys_memory</name>
         <value>0x20000a70</value>
         <object_component_ref idref="oc-24"/>
      </symbol>
      <symbol id="sm-3c5">
         <name>free</name>
         <value>0x2cd5</value>
         <object_component_ref idref="oc-165"/>
      </symbol>
      <symbol id="sm-3c6">
         <name>memalign</name>
         <value>0x2ad9</value>
         <object_component_ref idref="oc-2b1"/>
      </symbol>
      <symbol id="sm-3c7">
         <name>calloc</name>
         <value>0x35d1</value>
         <object_component_ref idref="oc-15f"/>
      </symbol>
      <symbol id="sm-3c8">
         <name>malloc</name>
         <value>0x3885</value>
         <object_component_ref idref="oc-211"/>
      </symbol>
      <symbol id="sm-3c9">
         <name>aligned_alloc</name>
         <value>0x2ad9</value>
         <object_component_ref idref="oc-2b1"/>
      </symbol>
      <symbol id="sm-3d8">
         <name>strcmp</name>
         <value>0x37cf</value>
         <object_component_ref idref="oc-149"/>
      </symbol>
      <symbol id="sm-3e6">
         <name>strcpy</name>
         <value>0x37fd</value>
         <object_component_ref idref="oc-14f"/>
      </symbol>
      <symbol id="sm-3f9">
         <name>__stack</name>
         <value>0x20000270</value>
         <object_component_ref idref="oc-27"/>
      </symbol>
      <symbol id="sm-3fa">
         <name>_c_int00_noargs</name>
         <value>0x3675</value>
         <object_component_ref idref="oc-5c"/>
      </symbol>
      <symbol id="sm-55f">
         <name>__TI_printfi</name>
         <value>0xe8d</value>
         <object_component_ref idref="oc-1e8"/>
      </symbol>
      <symbol id="sm-57f">
         <name>frexpl</name>
         <value>0x32d9</value>
         <object_component_ref idref="oc-300"/>
      </symbol>
      <symbol id="sm-580">
         <name>frexp</name>
         <value>0x32d9</value>
         <object_component_ref idref="oc-300"/>
      </symbol>
      <symbol id="sm-59d">
         <name>scalbn</name>
         <value>0x29c9</value>
         <object_component_ref idref="oc-306"/>
      </symbol>
      <symbol id="sm-59e">
         <name>scalbnl</name>
         <value>0x29c9</value>
         <object_component_ref idref="oc-306"/>
      </symbol>
      <symbol id="sm-59f">
         <name>ldexpl</name>
         <value>0x29c9</value>
         <object_component_ref idref="oc-306"/>
      </symbol>
      <symbol id="sm-5a0">
         <name>ldexp</name>
         <value>0x29c9</value>
         <object_component_ref idref="oc-306"/>
      </symbol>
      <symbol id="sm-5aa">
         <name>copysign</name>
         <value>0x3785</value>
         <object_component_ref idref="oc-351"/>
      </symbol>
      <symbol id="sm-5ab">
         <name>copysignl</name>
         <value>0x3785</value>
         <object_component_ref idref="oc-351"/>
      </symbol>
      <symbol id="sm-5b8">
         <name>__aeabi_uldivmod</name>
         <value>0x2f07</value>
         <object_component_ref idref="oc-2d4"/>
      </symbol>
      <symbol id="sm-5c7">
         <name>__aeabi_memset</name>
         <value>0x30ab</value>
         <object_component_ref idref="oc-96"/>
      </symbol>
      <symbol id="sm-5c8">
         <name>memset</name>
         <value>0x30b1</value>
         <object_component_ref idref="oc-96"/>
      </symbol>
      <symbol id="sm-5c9">
         <name>__aeabi_memset8</name>
         <value>0x30ab</value>
         <object_component_ref idref="oc-96"/>
      </symbol>
      <symbol id="sm-5ca">
         <name>__aeabi_memset4</name>
         <value>0x30ab</value>
         <object_component_ref idref="oc-96"/>
      </symbol>
      <symbol id="sm-5cb">
         <name>__aeabi_memclr8</name>
         <value>0x30a9</value>
         <object_component_ref idref="oc-96"/>
      </symbol>
      <symbol id="sm-5cc">
         <name>__aeabi_memclr4</name>
         <value>0x30a9</value>
         <object_component_ref idref="oc-96"/>
      </symbol>
      <symbol id="sm-5cd">
         <name>__aeabi_memclr</name>
         <value>0x30a9</value>
         <object_component_ref idref="oc-96"/>
      </symbol>
      <symbol id="sm-5d7">
         <name>__aeabi_d2iz</name>
         <value>0x3485</value>
         <object_component_ref idref="oc-2da"/>
      </symbol>
      <symbol id="sm-5ff">
         <name>__TI_auto_init_nobinit_nopinit</name>
         <value>0x34cd</value>
         <object_component_ref idref="oc-fd"/>
      </symbol>
      <symbol id="sm-609">
         <name>_system_pre_init</name>
         <value>0x388d</value>
         <object_component_ref idref="oc-9c"/>
      </symbol>
      <symbol id="sm-615">
         <name>C$$EXIT</name>
         <value>0x3891</value>
         <object_component_ref idref="oc-f1"/>
      </symbol>
      <symbol id="sm-616">
         <name>abort</name>
         <value>0x3891</value>
         <object_component_ref idref="oc-f1"/>
      </symbol>
      <symbol id="sm-62b">
         <name>_nop</name>
         <value>0x18db</value>
         <object_component_ref idref="oc-23e"/>
      </symbol>
      <symbol id="sm-62c">
         <name>_lock</name>
         <value>0x20000f00</value>
         <object_component_ref idref="oc-1c0"/>
      </symbol>
      <symbol id="sm-62d">
         <name>_unlock</name>
         <value>0x20000f04</value>
         <object_component_ref idref="oc-1c0"/>
      </symbol>
      <symbol id="sm-63c">
         <name>__TI_ltoa</name>
         <value>0x3393</value>
         <object_component_ref idref="oc-2df"/>
      </symbol>
      <symbol id="sm-653">
         <name>atoi</name>
         <value>0x3439</value>
         <object_component_ref idref="oc-267"/>
      </symbol>
      <symbol id="sm-65e">
         <name>_ctypes_</name>
         <value>0x3894</value>
         <object_component_ref idref="oc-2cf"/>
      </symbol>
      <symbol id="sm-66e">
         <name>memccpy</name>
         <value>0x3769</value>
         <object_component_ref idref="oc-28b"/>
      </symbol>
      <symbol id="sm-67e">
         <name>strchr</name>
         <value>0x37e7</value>
         <object_component_ref idref="oc-30c"/>
      </symbol>
      <symbol id="sm-68c">
         <name>strlen</name>
         <value>0x3811</value>
         <object_component_ref idref="oc-261"/>
      </symbol>
      <symbol id="sm-6a2">
         <name>__aeabi_errno_addr</name>
         <value>0x387d</value>
         <object_component_ref idref="oc-297"/>
      </symbol>
      <symbol id="sm-6a3">
         <name>errno</name>
         <value>0x20000f10</value>
         <object_component_ref idref="oc-31c"/>
      </symbol>
      <symbol id="sm-6bc">
         <name>wcslen</name>
         <value>0x3825</value>
         <object_component_ref idref="oc-291"/>
      </symbol>
      <symbol id="sm-6c6">
         <name>__aeabi_idiv0</name>
         <value>0x262f</value>
         <object_component_ref idref="oc-33d"/>
      </symbol>
      <symbol id="sm-6c7">
         <name>__aeabi_ldiv0</name>
         <value>0x262f</value>
         <object_component_ref idref="oc-33d"/>
      </symbol>
      <symbol id="sm-6ec">
         <name>IntRegister</name>
         <value>0x3641</value>
         <object_component_ref idref="oc-131"/>
      </symbol>
      <symbol id="sm-6ed">
         <name>g_pfnRAMVectors</name>
         <value>0x20000000</value>
         <object_component_ref idref="oc-1dc"/>
      </symbol>
      <symbol id="sm-6ee">
         <name>IntMasterEnable</name>
         <value>0x3837</value>
         <object_component_ref idref="oc-172"/>
      </symbol>
      <symbol id="sm-6f8">
         <name>CPUcpsie</name>
         <value>0x3865</value>
         <object_component_ref idref="oc-225"/>
      </symbol>
      <symbol id="sm-6f9">
         <name>__TI_static_base__</name>
         <value>0x0</value>
      </symbol>
      <symbol id="sm-6fc">
         <name>__mpu_init</name>
         <value>0x0</value>
      </symbol>
      <symbol id="sm-6fd">
         <name>_system_post_cinit</name>
         <value>0x0</value>
      </symbol>
   </symbol_table>
   <title>Link successful</title>
</link_info>
