******************************************************************************
                  TI ARM Linker PC v20.2.4                     
******************************************************************************
>> Linked Tue Jun 14 10:06:56 2022

OUTPUT FILE NAME:   <lab_3.out>
ENTRY POINT SYMBOL: "_c_int00_noargs"  address: 00005dd1


MEMORY CONFIGURATION

         name            origin    length      used     unused   attr    fill
----------------------  --------  ---------  --------  --------  ----  --------
  FLASH                 00000000   00040000  000062f7  00039d09  R  X
  SRAM                  20000000   00008000  0000179a  00006866  RW X


SEGMENT ALLOCATION MAP

run origin  load origin   length   init length attrs members
----------  ----------- ---------- ----------- ----- -------
00000000    00000000    00006300   00006300    r-x
  00000000    00000000    0000026c   0000026c    r-- .intvecs
  0000026c    0000026c    00005d98   00005d98    r-x .text
  00006008    00006008    000002a3   000002a3    r-- .const
  000062b0    000062b0    00000050   00000050    r-- .cinit
20000000    20000000    000017a1   00000000    rw-
  20000000    20000000    0000026c   00000000    rw- .vtable
  2000026c    2000026c    000008bd   00000000    rw- .bss
  20000b30    20000b30    00000800   00000000    rw- .stack
  20001330    20001330    00000400   00000000    rw- .sysmem
  20001730    20001730    00000071   00000000    rw- .data


SECTION ALLOCATION MAP

 output                                  attributes/
section   page    origin      length       input sections
--------  ----  ----------  ----------   ----------------
.intvecs   0    00000000    0000026c     
                  00000000    0000026c     tm4c123gh6pm_startup_ccs.obj (.intvecs)

.text      0    0000026c    00005d98     
                  0000026c    00000c20     open_interface.obj (.text)
                  00000e8c    00000a4e     rtsv7M4_T_le_v4SPD16_eabi.lib : _printfi.c.obj (.text:__TI_printfi)
                  000018da    00000002                                   : _lock.c.obj (.text:_nop)
                  000018dc    000009c0                                   : e_pow.c.obj (.text:pow)
                  0000229c    00000738                                   : k_rem_pio2.c.obj (.text:__kernel_rem_pio2)
                  000029d4    000005dc                                   : s_cos.c.obj (.text:cos)
                  00002fb0    0000052c     main.obj (.text)
                  000034dc    00000328     lcd.obj (.text)
                  00003804    00000270     rtsv7M4_T_le_v4SPD16_eabi.lib : _printfi.c.obj (.text:_pconv_a)
                  00003a74    00000260     libcybotScan.lib : cyBot_Scan.obj (.text)
                  00003cd4    00000248     Timer.obj (.text)
                  00003f1c    000001ec     libcybotScan.lib : ping.obj (.text)
                  00004108    000001d0     rtsv7M4_T_le_v4SPD16_eabi.lib : _printfi.c.obj (.text:_pconv_g)
                  000042d8    000001b6                                   : fd_add_t2.asm.obj (.text)
                  0000448e    00000002                                   : div0.asm.obj (.text)
                  00004490    00000174                                   : k_sin.c.obj (.text:__kernel_sin)
                  00004604    0000016c                                   : k_cos.c.obj (.text:__kernel_cos)
                  00004770    0000015c     libcybotUART.lib : uart.obj (.text)
                  000048cc    00000158     libcybotScan.lib : servo.obj (.text)
                  00004a24    00000158     rtsv7M4_T_le_v4SPD16_eabi.lib : e_sqrt.c.obj (.text:sqrt)
                  00004b7c    0000013c                                   : _printfi.c.obj (.text:_pconv_e)
                  00004cb8    00000136                                   : fd_div_t2.asm.obj (.text)
                  00004dee    00000002     --HOLE-- [fill = 0]
                  00004df0    00000124                                   : _printfi.c.obj (.text:fcvt)
                  00004f14    00000118     libcybotScan.lib : ir.obj (.text)
                  0000502c    00000110     rtsv7M4_T_le_v4SPD16_eabi.lib : s_scalbn.c.obj (.text:scalbn)
                  0000513c    00000100                                   : memory.c.obj (.text:aligned_alloc)
                  0000523c    000000fc                                   : fd_mul_t2.asm.obj (.text)
                  00005338    000000f8                                   : s_floor.c.obj (.text:floor)
                  00005430    000000e4                                   : memory.c.obj (.text:free)
                  00005514    000000b1                                   : _printfi.c.obj (.text:_ltostr)
                  000055c5    00000001     --HOLE-- [fill = 0]
                  000055c6    0000009c                                   : memcpy_t2.asm.obj (.text)
                  00005662    00000096                                   : ull_div_t2.asm.obj (.text)
                  000056f8    00000086                                   : fd_cmp_t2.asm.obj (.text:__aeabi_cdcmple)
                  0000577e    00000086                                   : fd_cmp_t2.asm.obj (.text:__aeabi_cdrcmple)
                  00005804    0000007a                                   : memset_t2.asm.obj (.text)
                  0000587e    00000002     --HOLE-- [fill = 0]
                  00005880    00000070                                   : memory.c.obj (.text:split)
                  000058f0    0000006e                                   : _printfi.c.obj (.text:_mcpy)
                  0000595e    0000006e                                   : fd_tos_t2.asm.obj (.text)
                  000059cc    00000068                                   : copy_decompress_lzss.c.obj (.text:decompress:lzss:__TI_decompress_lzss)
                  00005a34    00000064                                   : s_frexp.c.obj (.text:frexp)
                  00005a98    00000056                                   : _printfi.c.obj (.text:_pconv_f)
                  00005aee    00000054                                   : _ltoa.c.obj (.text:__TI_ltoa)
                  00005b42    00000052                                   : _printfi.c.obj (.text:_ecpy)
                  00005b94    0000004c                                   : atoi.c.obj (.text:atoi)
                  00005be0    00000048                                   : fd_toi_t2.asm.obj (.text)
                  00005c28    00000044                                   : autoinit.c.obj (.text:__TI_auto_init_nobinit_nopinit:__TI_auto_init_nobinit_nopinit)
                  00005c6c    00000040                                   : sprintf.c.obj (.text:sprintf)
                  00005cac    00000040                                   : vsnprintf.c.obj (.text:vsnprintf)
                  00005cec    0000003e                                   : _printfi.c.obj (.text:_fcpy)
                  00005d2a    00000002     --HOLE-- [fill = 0]
                  00005d2c    00000038                                   : memory.c.obj (.text:calloc)
                  00005d64    00000038                                   : fs_tod_t2.asm.obj (.text)
                  00005d9c    00000034     driverlib.lib : interrupt.obj (.text:IntRegister)
                  00005dd0    00000034     rtsv7M4_T_le_v4SPD16_eabi.lib : boot_cortex_m.c.obj (.text:_c_int00_noargs:_c_int00_noargs)
                  00005e04    00000030                                   : vsnprintf.c.obj (.text:_outs)
                  00005e34    0000002e                                   : i_tofd_t2.asm.obj (.text)
                  00005e62    00000002     --HOLE-- [fill = 0]
                  00005e64    00000028                                   : memory.c.obj (.text:free_list_insert)
                  00005e8c    0000001c                                   : memory.c.obj (.text:free_list_remove)
                  00005ea8    0000001c                                   : memccpy.c.obj (.text:memccpy)
                  00005ec4    0000001a                                   : s_copysign.c.obj (.text:copysign)
                  00005ede    00000018                                   : vsnprintf.c.obj (.text:_outc)
                  00005ef6    00000018                                   : sprintf.c.obj (.text:_outs)
                  00005f0e    00000018     open_interface.obj (.text:oi_parseInt)
                  00005f26    00000018     rtsv7M4_T_le_v4SPD16_eabi.lib : strcmp.c.obj (.text:strcmp)
                  00005f3e    00000016                                   : strchr.c.obj (.text:strchr)
                  00005f54    00000014                                   : strcpy.c.obj (.text:strcpy)
                  00005f68    00000014                                   : strlen.c.obj (.text:strlen)
                  00005f7c    00000012                                   : wcslen.c.obj (.text:wcslen)
                  00005f8e    00000010     driverlib.lib : interrupt.obj (.text:IntMasterEnable)
                  00005f9e    00000010     lcd.obj (.text:lcd_clear)
                  00005fae    0000000e     rtsv7M4_T_le_v4SPD16_eabi.lib : copy_decompress_none.c.obj (.text:decompress:none:__TI_decompress_none)
                  00005fbc    0000000c     driverlib.lib : cpu.obj (.text:CPUcpsie)
                  00005fc8    0000000c     rtsv7M4_T_le_v4SPD16_eabi.lib : copy_zero_init.c.obj (.text:decompress:ZI:__TI_zero_init)
                  00005fd4    0000000c     tm4c123gh6pm_startup_ccs.obj (.text)
                  00005fe0    0000000a     rtsv7M4_T_le_v4SPD16_eabi.lib : sprintf.c.obj (.text:_outc)
                  00005fea    00000002     --HOLE-- [fill = 0]
                  00005fec    00000008                                   : errno.c.obj (.text:__aeabi_errno_addr)
                  00005ff4    00000008                                   : memory.c.obj (.text:malloc)
                  00005ffc    00000004                                   : pre_init.c.obj (.text:_system_pre_init)
                  00006000    00000004                                   : exit.c.obj (.text:abort:abort)

.const     0    00006008    000002a3     
                  00006008    00000158     rtsv7M4_T_le_v4SPD16_eabi.lib : k_rem_pio2.c.obj (.const:$O1$$)
                  00006160    00000101                                   : ctype.c.obj (.const:.string:_ctypes_)
                  00006261    00000004     lcd.obj (.const:.string:lineAddress$1)
                  00006265    00000003     --HOLE-- [fill = 0]
                  00006268    00000030     rtsv7M4_T_le_v4SPD16_eabi.lib : e_pow.c.obj (.const:$O1$$)
                  00006298    0000000f     open_interface.obj (.const:.string:$P$T0$3)
                  000062a7    00000004     lcd.obj (.const:.string:lineAddresses$2)

.cinit     0    000062b0    00000050     
                  000062b0    0000001a     (.cinit..data.load) [load image, compression = lzss]
                  000062ca    00000002     --HOLE-- [fill = 0]
                  000062cc    0000000c     (__TI_handler_table)
                  000062d8    00000008     (.cinit..bss.load) [load image, compression = zero_init]
                  000062e0    00000008     (.cinit..vtable.load) [load image, compression = zero_init]
                  000062e8    00000018     (__TI_cinit_table)

.init_array 
*          0    00000000    00000000     UNINITIALIZED

.vtable    0    20000000    0000026c     UNINITIALIZED
                  20000000    0000026c     driverlib.lib : interrupt.obj (.vtable)

.bss       0    2000026c    000008bd     UNINITIALIZED
                  2000026c    000003e8     (.common:str)
                  20000654    0000016c     (.common:data)
                  200007c0    0000016c     (.common:dist)
                  2000092c    00000140     (.common:objects)
                  20000a6c    00000054     lcd.obj (.bss:lastbuffer$3)
                  20000ac0    00000034     (.common:isr_char_buffer)
                  20000af4    00000018     open_interface.obj (.bss:firmware$2)
                  20000b0c    00000004     (.common:_timeout_ticks)
                  20000b10    00000004     (.common:fallingEdge)
                  20000b14    00000004     (.common:isr_int_value)
                  20000b18    00000004     (.common:left_calibration_value)
                  20000b1c    00000004     (.common:pulseLength)
                  20000b20    00000004     (.common:right_calibration_value)
                  20000b24    00000004     (.common:risingEdge)
                  20000b28    00000001     (.common:isRisingEdge)

.stack     0    20000b30    00000800     UNINITIALIZED
                  20000b30    00000004     rtsv7M4_T_le_v4SPD16_eabi.lib : boot_cortex_m.c.obj (.stack)
                  20000b34    000007fc     --HOLE--

.sysmem    0    20001330    00000400     UNINITIALIZED
                  20001330    00000010     rtsv7M4_T_le_v4SPD16_eabi.lib : memory.c.obj (.sysmem)
                  20001340    000003f0     --HOLE--

.data      0    20001730    00000071     UNINITIALIZED
                  20001730    00000034     main.obj (.data)
                  20001764    00000020     open_interface.obj (.data)
                  20001784    00000008     rtsv7M4_T_le_v4SPD16_eabi.lib : _lock.c.obj (.data:$O1$$)
                  2000178c    00000008                                   : memory.c.obj (.data:$O1$$)
                  20001794    00000004     libcybotScan.lib : cyBot_Scan.obj (.data)
                  20001798    00000004     libcybotUART.lib : uart.obj (.data)
                  2000179c    00000004     rtsv7M4_T_le_v4SPD16_eabi.lib : errno.c.obj (.data)
                  200017a0    00000001     Timer.obj (.data)

__llvm_prf_cnts 
*          0    20000000    00000000     UNINITIALIZED

MODULE SUMMARY

       Module                         code    ro data   rw data
       ------                         ----    -------   -------
    .\
       main.obj                       1324    0         2108   
       open_interface.obj             3128    15        56     
       lcd.obj                        824     8         84     
       tm4c123gh6pm_startup_ccs.obj   12      620       0      
       Timer.obj                      584     0         5      
    +--+------------------------------+-------+---------+---------+
       Total:                         5872    643       2253   
                                                               
    ../libcybotScan.lib
       cyBot_Scan.obj                 608     0         4      
       ping.obj                       492     0         13     
       servo.obj                      344     0         0      
       ir.obj                         280     0         4      
    +--+------------------------------+-------+---------+---------+
       Total:                         1724    0         21     
                                                               
    ../libcybotUART.lib
       uart.obj                       348     0         56     
    +--+------------------------------+-------+---------+---------+
       Total:                         348     0         56     
                                                               
    C:/ti/TivaWare_C_Series-2.1.4.178/driverlib/ccs/Debug/driverlib.lib
       interrupt.obj                  68      0         620    
       cpu.obj                        12      0         0      
    +--+------------------------------+-------+---------+---------+
       Total:                         80      0         620    
                                                               
    C:\ti\ccs1031\ccs\tools\compiler\ti-cgt-arm_20.2.4.LTS\lib\rtsv7M4_T_le_v4SPD16_eabi.lib
       _printfi.c.obj                 4851    0         0      
       e_pow.c.obj                    2496    48        0      
       k_rem_pio2.c.obj               1848    344       0      
       s_cos.c.obj                    1500    0         0      
       memory.c.obj                   728     0         8      
       fd_add_t2.asm.obj              438     0         0      
       k_sin.c.obj                    372     0         0      
       k_cos.c.obj                    364     0         0      
       e_sqrt.c.obj                   344     0         0      
       fd_div_t2.asm.obj              310     0         0      
       s_scalbn.c.obj                 272     0         0      
       fd_cmp_t2.asm.obj              268     0         0      
       ctype.c.obj                    0       257       0      
       fd_mul_t2.asm.obj              252     0         0      
       s_floor.c.obj                  248     0         0      
       memcpy_t2.asm.obj              156     0         0      
       ull_div_t2.asm.obj             150     0         0      
       vsnprintf.c.obj                136     0         0      
       memset_t2.asm.obj              122     0         0      
       fd_tos_t2.asm.obj              110     0         0      
       copy_decompress_lzss.c.obj     104     0         0      
       s_frexp.c.obj                  100     0         0      
       sprintf.c.obj                  98      0         0      
       _ltoa.c.obj                    84      0         0      
       atoi.c.obj                     76      0         0      
       fd_toi_t2.asm.obj              72      0         0      
       autoinit.c.obj                 68      0         0      
       fs_tod_t2.asm.obj              56      0         0      
       boot_cortex_m.c.obj            52      0         0      
       i_tofd_t2.asm.obj              46      0         0      
       memccpy.c.obj                  28      0         0      
       s_copysign.c.obj               26      0         0      
       strcmp.c.obj                   24      0         0      
       strchr.c.obj                   22      0         0      
       strcpy.c.obj                   20      0         0      
       strlen.c.obj                   20      0         0      
       wcslen.c.obj                   18      0         0      
       copy_decompress_none.c.obj     14      0         0      
       copy_zero_init.c.obj           12      0         0      
       errno.c.obj                    8       0         4      
       _lock.c.obj                    2       0         8      
       exit.c.obj                     4       0         0      
       pre_init.c.obj                 4       0         0      
       div0.asm.obj                   2       0         0      
    +--+------------------------------+-------+---------+---------+
       Total:                         15925   649       20     
                                                               
       Heap:                          0       0         1024   
       Stack:                         0       0         2048   
       Linker Generated:              0       78        0      
    +--+------------------------------+-------+---------+---------+
       Grand Total:                   23949   1370      6042   


LINKER GENERATED COPY TABLES

__TI_cinit_table @ 000062e8 records: 3, size/record: 8, table size: 24
	.data: load addr=000062b0, load size=0000001a bytes, run addr=20001730, run size=00000071 bytes, compression=lzss
	.bss: load addr=000062d8, load size=00000008 bytes, run addr=2000026c, run size=000008bd bytes, compression=zero_init
	.vtable: load addr=000062e0, load size=00000008 bytes, run addr=20000000, run size=0000026c bytes, compression=zero_init


LINKER GENERATED HANDLER TABLE

__TI_handler_table @ 000062cc records: 3, size/record: 4, table size: 12
	index: 0, handler: __TI_zero_init
	index: 1, handler: __TI_decompress_lzss
	index: 2, handler: __TI_decompress_none


GLOBAL SYMBOLS: SORTED ALPHABETICALLY BY Name 

address   name                          
-------   ----                          
00004fad  ADC0SS0_Handler               
00006001  C$$EXIT                       
00005fbd  CPUcpsie                      
00000bc3  GPIOF_Handler                 
00005f8f  IntMasterEnable               
00005d9d  IntRegister                   
00005fd5  ResetISR                      
0000400d  TIMER3B_Handler               
20001330  __STACK_END                   
00000800  __STACK_SIZE                  
20000d30  __STACK_TOP                   
00000400  __SYSMEM_SIZE                 
000062e8  __TI_CINIT_Base               
00006300  __TI_CINIT_Limit              
000062cc  __TI_Handler_Table_Base       
000062d8  __TI_Handler_Table_Limit      
00005c29  __TI_auto_init_nobinit_nopinit
000059cd  __TI_decompress_lzss          
00005faf  __TI_decompress_none          
00005aef  __TI_ltoa                     
ffffffff  __TI_pprof_out_hndl           
00000e8d  __TI_printfi                  
ffffffff  __TI_prof_data_size           
ffffffff  __TI_prof_data_start          
00000000  __TI_static_base__            
00005fc9  __TI_zero_init                
000056f9  __aeabi_cdcmpeq               
000056f9  __aeabi_cdcmple               
0000577f  __aeabi_cdrcmple              
0000595f  __aeabi_d2f                   
00005be1  __aeabi_d2iz                  
000042e3  __aeabi_dadd                  
00004cb9  __aeabi_ddiv                  
0000523d  __aeabi_dmul                  
000042d9  __aeabi_dsub                  
00005fed  __aeabi_errno_addr            
00005d65  __aeabi_f2d                   
00005e35  __aeabi_i2d                   
0000448f  __aeabi_idiv0                 
0000448f  __aeabi_ldiv0                 
00005805  __aeabi_memclr                
00005805  __aeabi_memclr4               
00005805  __aeabi_memclr8               
000055c7  __aeabi_memcpy                
000055c7  __aeabi_memcpy4               
000055c7  __aeabi_memcpy8               
00005807  __aeabi_memset                
00005807  __aeabi_memset4               
00005807  __aeabi_memset8               
00005663  __aeabi_uldivmod              
ffffffff  __binit__                     
ffffffff  __c_args__                    
00004605  __kernel_cos                  
0000229d  __kernel_rem_pio2             
00004491  __kernel_sin                  
UNDEFED   __mpu_init                    
20000b30  __stack                       
20000000  __start___llvm_prf_cnts       
20000000  __stop___llvm_prf_cnts        
00005dd1  _c_int00_noargs               
00006160  _ctypes_                      
20001784  _lock                         
000018db  _nop                          
200017a0  _running                      
20001330  _sys_memory                   
UNDEFED   _system_post_cinit            
00005ffd  _system_pre_init              
20000b0c  _timeout_ticks                
20001788  _unlock                       
00006001  abort                         
0000513d  aligned_alloc                 
00005b95  atoi                          
ffffffff  binit                         
00005d2d  calloc                        
00005ec5  copysign                      
00005ec5  copysignl                     
000029d5  cos                           
000029d5  cosl                          
20001738  currentRadialSize             
00003b4d  cyBOT_SERVO_cal               
00003adb  cyBOT_Scan                    
00003a83  cyBOT_init_Scan               
20001794  cyBOT_scan_features           
00003a75  cyBOT_scan_version            
00004879  cyBot_UART1_Handler           
0000485f  cyBot_getByte                 
00004771  cyBot_sendByte                
00004841  cyBot_uart_flush              
000047af  cyBot_uart_init               
00004797  cyBot_uart_sendBuffer         
0000477d  cyBot_uart_sendStr            
20000654  data                          
200007c0  dist                          
20001734  endIndex                      
2000179c  errno                         
20000b10  fallingEdge                   
00005339  floor                         
00005339  floorl                        
20001754  found                         
00005431  free                          
00005a35  frexp                         
00005a35  frexpl                        
20000000  g_pfnRAMVectors               
00000000  g_pfnVectors                  
0000097f  go_charge                     
20001750  index                         
00004fc3  ir_enableInterrupt            
00004fa5  ir_getDistance                
00004f7d  ir_getValue                   
00004f15  ir_init                       
20000b28  isRisingEdge                  
20000ac0  isr_char_buffer               
20001798  isr_counter                   
20000b14  isr_int_value                 
00005f9f  lcd_clear                     
000036b1  lcd_gotoLine                  
00003519  lcd_init                      
00003717  lcd_printf                    
000035d9  lcd_putc                      
00003611  lcd_puts                      
000034dd  lcd_reverseNibble             
0000362f  lcd_sendCommand               
0000366d  lcd_sendNibble                
000036d9  lcd_setCursorPos              
0000502d  ldexp                         
0000502d  ldexpl                        
20000b18  left_calibration_value        
00002fb1  main                          
00005ff5  malloc                        
20001760  measure                       
0000513d  memalign                      
00005ea9  memccpy                       
000055c7  memcpy                        
0000580d  memset                        
2000174c  minIndex                      
20001748  minSize                       
20001764  motor_cal_factor_L            
20001768  motor_cal_factor_R            
20001758  notFound                      
2000092c  objects                       
0000026d  oi_alloc                      
00000aa9  oi_checkFirmware              
000002c7  oi_close                      
00000279  oi_free                       
00000ded  oi_getMotorCalibrationLeft    
00000e01  oi_getMotorCalibrationRight   
000002b1  oi_init                       
00000289  oi_init_noupdate              
00000915  oi_loadSong                   
00005f0f  oi_parseInt                   
0000032b  oi_parsePacket                
0000096b  oi_play_song                  
0000084b  oi_setLeds                    
00000db1  oi_setMotorCalibration        
0000088f  oi_setWheels                  
00000b51  oi_shutoff_init               
0000098d  oi_uartInit                   
00000a31  oi_uartReceive                
00000a77  oi_uartSendBuff               
00000a15  oi_uartSendChar               
00000a59  oi_uartSendStr                
000002d9  oi_update                     
20001740  otherAngle                    
0000405f  ping_getDistance              
00003f1d  ping_init                     
00003fa3  ping_trigger                  
000018dd  pow                           
000018dd  powl                          
20000b1c  pulseLength                   
2000173c  radialAngle                   
20000b20  right_calibration_value       
20000b24  risingEdge                    
0000502d  scalbn                        
0000502d  scalbnl                       
000048cd  servo_init                    
0000495d  servo_move                    
000049bd  servo_setPWM                  
00004951  servo_stop                    
00005c6d  sprintf                       
00004a25  sqrt                          
00004a25  sqrtl                         
20001730  startIndex                    
2000026c  str                           
00005f3f  strchr                        
00005f27  strcmp                        
00005f55  strcpy                        
00005f69  strlen                        
00003df3  timer_getMicros               
00003d9b  timer_getMillis               
00003cd5  timer_init                    
00003d77  timer_pause                   
00003d89  timer_resume                  
00003d4d  timer_stop                    
00003e4d  timer_waitMicros              
00003e7f  timer_waitMillis              
2000175c  total                         
00005cad  vsnprintf                     
00005f7d  wcslen                        


GLOBAL SYMBOLS: SORTED BY Symbol Address 

address   name                          
-------   ----                          
00000000  __TI_static_base__            
00000000  g_pfnVectors                  
0000026d  oi_alloc                      
00000279  oi_free                       
00000289  oi_init_noupdate              
000002b1  oi_init                       
000002c7  oi_close                      
000002d9  oi_update                     
0000032b  oi_parsePacket                
00000400  __SYSMEM_SIZE                 
00000800  __STACK_SIZE                  
0000084b  oi_setLeds                    
0000088f  oi_setWheels                  
00000915  oi_loadSong                   
0000096b  oi_play_song                  
0000097f  go_charge                     
0000098d  oi_uartInit                   
00000a15  oi_uartSendChar               
00000a31  oi_uartReceive                
00000a59  oi_uartSendStr                
00000a77  oi_uartSendBuff               
00000aa9  oi_checkFirmware              
00000b51  oi_shutoff_init               
00000bc3  GPIOF_Handler                 
00000db1  oi_setMotorCalibration        
00000ded  oi_getMotorCalibrationLeft    
00000e01  oi_getMotorCalibrationRight   
00000e8d  __TI_printfi                  
000018db  _nop                          
000018dd  pow                           
000018dd  powl                          
0000229d  __kernel_rem_pio2             
000029d5  cos                           
000029d5  cosl                          
00002fb1  main                          
000034dd  lcd_reverseNibble             
00003519  lcd_init                      
000035d9  lcd_putc                      
00003611  lcd_puts                      
0000362f  lcd_sendCommand               
0000366d  lcd_sendNibble                
000036b1  lcd_gotoLine                  
000036d9  lcd_setCursorPos              
00003717  lcd_printf                    
00003a75  cyBOT_scan_version            
00003a83  cyBOT_init_Scan               
00003adb  cyBOT_Scan                    
00003b4d  cyBOT_SERVO_cal               
00003cd5  timer_init                    
00003d4d  timer_stop                    
00003d77  timer_pause                   
00003d89  timer_resume                  
00003d9b  timer_getMillis               
00003df3  timer_getMicros               
00003e4d  timer_waitMicros              
00003e7f  timer_waitMillis              
00003f1d  ping_init                     
00003fa3  ping_trigger                  
0000400d  TIMER3B_Handler               
0000405f  ping_getDistance              
000042d9  __aeabi_dsub                  
000042e3  __aeabi_dadd                  
0000448f  __aeabi_idiv0                 
0000448f  __aeabi_ldiv0                 
00004491  __kernel_sin                  
00004605  __kernel_cos                  
00004771  cyBot_sendByte                
0000477d  cyBot_uart_sendStr            
00004797  cyBot_uart_sendBuffer         
000047af  cyBot_uart_init               
00004841  cyBot_uart_flush              
0000485f  cyBot_getByte                 
00004879  cyBot_UART1_Handler           
000048cd  servo_init                    
00004951  servo_stop                    
0000495d  servo_move                    
000049bd  servo_setPWM                  
00004a25  sqrt                          
00004a25  sqrtl                         
00004cb9  __aeabi_ddiv                  
00004f15  ir_init                       
00004f7d  ir_getValue                   
00004fa5  ir_getDistance                
00004fad  ADC0SS0_Handler               
00004fc3  ir_enableInterrupt            
0000502d  ldexp                         
0000502d  ldexpl                        
0000502d  scalbn                        
0000502d  scalbnl                       
0000513d  aligned_alloc                 
0000513d  memalign                      
0000523d  __aeabi_dmul                  
00005339  floor                         
00005339  floorl                        
00005431  free                          
000055c7  __aeabi_memcpy                
000055c7  __aeabi_memcpy4               
000055c7  __aeabi_memcpy8               
000055c7  memcpy                        
00005663  __aeabi_uldivmod              
000056f9  __aeabi_cdcmpeq               
000056f9  __aeabi_cdcmple               
0000577f  __aeabi_cdrcmple              
00005805  __aeabi_memclr                
00005805  __aeabi_memclr4               
00005805  __aeabi_memclr8               
00005807  __aeabi_memset                
00005807  __aeabi_memset4               
00005807  __aeabi_memset8               
0000580d  memset                        
0000595f  __aeabi_d2f                   
000059cd  __TI_decompress_lzss          
00005a35  frexp                         
00005a35  frexpl                        
00005aef  __TI_ltoa                     
00005b95  atoi                          
00005be1  __aeabi_d2iz                  
00005c29  __TI_auto_init_nobinit_nopinit
00005c6d  sprintf                       
00005cad  vsnprintf                     
00005d2d  calloc                        
00005d65  __aeabi_f2d                   
00005d9d  IntRegister                   
00005dd1  _c_int00_noargs               
00005e35  __aeabi_i2d                   
00005ea9  memccpy                       
00005ec5  copysign                      
00005ec5  copysignl                     
00005f0f  oi_parseInt                   
00005f27  strcmp                        
00005f3f  strchr                        
00005f55  strcpy                        
00005f69  strlen                        
00005f7d  wcslen                        
00005f8f  IntMasterEnable               
00005f9f  lcd_clear                     
00005faf  __TI_decompress_none          
00005fbd  CPUcpsie                      
00005fc9  __TI_zero_init                
00005fd5  ResetISR                      
00005fed  __aeabi_errno_addr            
00005ff5  malloc                        
00005ffd  _system_pre_init              
00006001  C$$EXIT                       
00006001  abort                         
00006160  _ctypes_                      
000062cc  __TI_Handler_Table_Base       
000062d8  __TI_Handler_Table_Limit      
000062e8  __TI_CINIT_Base               
00006300  __TI_CINIT_Limit              
20000000  __start___llvm_prf_cnts       
20000000  __stop___llvm_prf_cnts        
20000000  g_pfnRAMVectors               
2000026c  str                           
20000654  data                          
200007c0  dist                          
2000092c  objects                       
20000ac0  isr_char_buffer               
20000b0c  _timeout_ticks                
20000b10  fallingEdge                   
20000b14  isr_int_value                 
20000b18  left_calibration_value        
20000b1c  pulseLength                   
20000b20  right_calibration_value       
20000b24  risingEdge                    
20000b28  isRisingEdge                  
20000b30  __stack                       
20000d30  __STACK_TOP                   
20001330  __STACK_END                   
20001330  _sys_memory                   
20001730  startIndex                    
20001734  endIndex                      
20001738  currentRadialSize             
2000173c  radialAngle                   
20001740  otherAngle                    
20001748  minSize                       
2000174c  minIndex                      
20001750  index                         
20001754  found                         
20001758  notFound                      
2000175c  total                         
20001760  measure                       
20001764  motor_cal_factor_L            
20001768  motor_cal_factor_R            
20001784  _lock                         
20001788  _unlock                       
20001794  cyBOT_scan_features           
20001798  isr_counter                   
2000179c  errno                         
200017a0  _running                      
ffffffff  __TI_pprof_out_hndl           
ffffffff  __TI_prof_data_size           
ffffffff  __TI_prof_data_start          
ffffffff  __binit__                     
ffffffff  __c_args__                    
ffffffff  binit                         
UNDEFED   __mpu_init                    
UNDEFED   _system_post_cinit            

[198 symbols]
