******************************************************************************
                  TI ARM Linker PC v20.2.4                     
******************************************************************************
>> Linked Tue Jun 21 01:02:26 2022

OUTPUT FILE NAME:   <lab_4.out>
ENTRY POINT SYMBOL: "_c_int00_noargs"  address: 00002789


MEMORY CONFIGURATION

         name            origin    length      used     unused   attr    fill
----------------------  --------  ---------  --------  --------  ----  --------
  FLASH                 00000000   00040000  00002a71  0003d58f  R  X
  SRAM                  20000000   00008000  00000b02  000074fe  RW X


SEGMENT ALLOCATION MAP

run origin  load origin   length   init length attrs members
----------  ----------- ---------- ----------- ----- -------
00000000    00000000    00002a78   00002a78    r-x
  00000000    00000000    0000026c   0000026c    r-- .intvecs
  0000026c    0000026c    000026bc   000026bc    r-x .text
  00002928    00002928    00000109   00000109    r-- .const
  00002a38    00002a38    00000040   00000040    r-- .cinit
20000000    20000000    00000b06   00000000    rw-
  20000000    20000000    0000026c   00000000    rw- .vtable
  20000270    20000270    00000800   00000000    rw- .stack
  20000a70    20000a70    0000008c   00000000    rw- .bss
  20000afc    20000afc    0000000a   00000000    rw- .data


SECTION ALLOCATION MAP

 output                                  attributes/
section   page    origin      length       input sections
--------  ----  ----------  ----------   ----------------
.intvecs   0    00000000    0000026c     
                  00000000    0000026c     tm4c123gh6pm_startup_ccs.obj (.intvecs)

.text      0    0000026c    000026bc     
                  0000026c    00000a4e     rtsv7M4_T_le_v4SPD16_eabi.lib : _printfi.c.obj (.text:__TI_printfi)
                  00000cba    00000002                                   : div0.asm.obj (.text)
                  00000cbc    00000328     lcd.obj (.text)
                  00000fe4    00000270     rtsv7M4_T_le_v4SPD16_eabi.lib : _printfi.c.obj (.text:_pconv_a)
                  00001254    00000248     Timer.obj (.text)
                  0000149c    000001d0     rtsv7M4_T_le_v4SPD16_eabi.lib : _printfi.c.obj (.text:_pconv_g)
                  0000166c    000001b6                                   : fd_add_t2.asm.obj (.text)
                  00001822    00000002     --HOLE-- [fill = 0]
                  00001824    0000015c     libcybotUART.lib : uart.obj (.text)
                  00001980    0000013c     rtsv7M4_T_le_v4SPD16_eabi.lib : _printfi.c.obj (.text:_pconv_e)
                  00001abc    00000136                                   : fd_div_t2.asm.obj (.text)
                  00001bf2    00000002     --HOLE-- [fill = 0]
                  00001bf4    00000124                                   : _printfi.c.obj (.text:fcvt)
                  00001d18    00000110                                   : s_scalbn.c.obj (.text:scalbn)
                  00001e28    000000fc                                   : fd_mul_t2.asm.obj (.text)
                  00001f24    000000b1                                   : _printfi.c.obj (.text:_ltostr)
                  00001fd5    00000003     --HOLE-- [fill = 0]
                  00001fd8    000000b0     lab4_template.obj (.text)
                  00002088    0000009c     rtsv7M4_T_le_v4SPD16_eabi.lib : memcpy_t2.asm.obj (.text)
                  00002124    00000096                                   : ull_div_t2.asm.obj (.text)
                  000021ba    00000086                                   : fd_cmp_t2.asm.obj (.text:__aeabi_cdcmple)
                  00002240    00000086                                   : fd_cmp_t2.asm.obj (.text:__aeabi_cdrcmple)
                  000022c6    00000002     --HOLE-- [fill = 0]
                  000022c8    00000084     button.obj (.text)
                  0000234c    0000007a     rtsv7M4_T_le_v4SPD16_eabi.lib : memset_t2.asm.obj (.text)
                  000023c6    0000006e                                   : _printfi.c.obj (.text:_mcpy)
                  00002434    00000068                                   : copy_decompress_lzss.c.obj (.text:decompress:lzss:__TI_decompress_lzss)
                  0000249c    00000064                                   : s_frexp.c.obj (.text:frexp)
                  00002500    00000056                                   : _printfi.c.obj (.text:_pconv_f)
                  00002556    00000054                                   : _ltoa.c.obj (.text:__TI_ltoa)
                  000025aa    00000052                                   : _printfi.c.obj (.text:_ecpy)
                  000025fc    0000004c                                   : atoi.c.obj (.text:atoi)
                  00002648    00000048                                   : fd_toi_t2.asm.obj (.text)
                  00002690    00000044                                   : autoinit.c.obj (.text:__TI_auto_init_nobinit_nopinit:__TI_auto_init_nobinit_nopinit)
                  000026d4    00000040                                   : vsnprintf.c.obj (.text:vsnprintf)
                  00002714    0000003e                                   : _printfi.c.obj (.text:_fcpy)
                  00002752    00000002     --HOLE-- [fill = 0]
                  00002754    00000034     driverlib.lib : interrupt.obj (.text:IntRegister)
                  00002788    00000034     rtsv7M4_T_le_v4SPD16_eabi.lib : boot_cortex_m.c.obj (.text:_c_int00_noargs:_c_int00_noargs)
                  000027bc    00000030                                   : vsnprintf.c.obj (.text:_outs)
                  000027ec    0000002e                                   : i_tofd_t2.asm.obj (.text)
                  0000281a    0000001c                                   : copy_zero_init.c.obj (.text:decompress:ZI:__TI_zero_init_nomemset:__TI_zero_init_nomemset)
                  00002836    0000001c                                   : memccpy.c.obj (.text:memccpy)
                  00002852    0000001a                                   : s_copysign.c.obj (.text:copysign)
                  0000286c    00000018                                   : vsnprintf.c.obj (.text:_outc)
                  00002884    00000018                                   : strcmp.c.obj (.text:strcmp)
                  0000289c    00000016                                   : strchr.c.obj (.text:strchr)
                  000028b2    00000014                                   : strcpy.c.obj (.text:strcpy)
                  000028c6    00000014                                   : strlen.c.obj (.text:strlen)
                  000028da    00000012                                   : wcslen.c.obj (.text:wcslen)
                  000028ec    00000010     lcd.obj (.text:lcd_clear)
                  000028fc    0000000e     rtsv7M4_T_le_v4SPD16_eabi.lib : copy_decompress_none.c.obj (.text:decompress:none:__TI_decompress_none)
                  0000290a    0000000c     tm4c123gh6pm_startup_ccs.obj (.text)
                  00002916    00000002     --HOLE-- [fill = 0]
                  00002918    00000008     rtsv7M4_T_le_v4SPD16_eabi.lib : errno.c.obj (.text:__aeabi_errno_addr)
                  00002920    00000004                                   : pre_init.c.obj (.text:_system_pre_init)
                  00002924    00000004                                   : exit.c.obj (.text:abort:abort)

.const     0    00002928    00000109     
                  00002928    00000101     rtsv7M4_T_le_v4SPD16_eabi.lib : ctype.c.obj (.const:.string:_ctypes_)
                  00002a29    00000004     lcd.obj (.const:.string:lineAddress$1)
                  00002a2d    00000004     lcd.obj (.const:.string:lineAddresses$2)

.cinit     0    00002a38    00000040     
                  00002a38    0000000c     (__TI_handler_table)
                  00002a44    00000004     --HOLE-- [fill = 0]
                  00002a48    00000008     (.cinit..bss.load) [load image, compression = zero_init]
                  00002a50    00000008     (.cinit..vtable.load) [load image, compression = zero_init]
                  00002a58    00000007     (.cinit..data.load) [load image, compression = lzss]
                  00002a5f    00000001     --HOLE-- [fill = 0]
                  00002a60    00000018     (__TI_cinit_table)

.init_array 
*          0    00000000    00000000     UNINITIALIZED

.vtable    0    20000000    0000026c     UNINITIALIZED
                  20000000    0000026c     driverlib.lib : interrupt.obj (.vtable)

.bss       0    20000a70    0000008c     UNINITIALIZED
                  20000a70    00000054     lcd.obj (.bss:lastbuffer$3)
                  20000ac4    00000034     (.common:isr_char_buffer)
                  20000af8    00000004     (.common:_timeout_ticks)

.data      0    20000afc    0000000a     UNINITIALIZED
                  20000afc    00000004     libcybotUART.lib : uart.obj (.data)
                  20000b00    00000004     rtsv7M4_T_le_v4SPD16_eabi.lib : errno.c.obj (.data)
                  20000b04    00000001     Timer.obj (.data)
                  20000b05    00000001     button.obj (.data)

.stack     0    20000270    00000800     UNINITIALIZED
                  20000270    00000004     rtsv7M4_T_le_v4SPD16_eabi.lib : boot_cortex_m.c.obj (.stack)
                  20000274    000007fc     --HOLE--

__llvm_prf_cnts 
*          0    20000000    00000000     UNINITIALIZED

MODULE SUMMARY

       Module                         code   ro data   rw data
       ------                         ----   -------   -------
    .\
       lcd.obj                        824    8         84     
       tm4c123gh6pm_startup_ccs.obj   12     620       0      
       Timer.obj                      584    0         5      
       lab4_template.obj              176    0         0      
       button.obj                     132    0         1      
    +--+------------------------------+------+---------+---------+
       Total:                         1728   628       90     
                                                              
    ../libcybotUART.lib
       uart.obj                       348    0         56     
    +--+------------------------------+------+---------+---------+
       Total:                         348    0         56     
                                                              
    C:/ti/TivaWare_C_Series-2.1.4.178/driverlib/ccs/Debug/driverlib.lib
       interrupt.obj                  52     0         620    
    +--+------------------------------+------+---------+---------+
       Total:                         52     0         620    
                                                              
    C:\ti\ccs1031\ccs\tools\compiler\ti-cgt-arm_20.2.4.LTS\lib\rtsv7M4_T_le_v4SPD16_eabi.lib
       _printfi.c.obj                 4851   0         0      
       fd_add_t2.asm.obj              438    0         0      
       fd_div_t2.asm.obj              310    0         0      
       s_scalbn.c.obj                 272    0         0      
       fd_cmp_t2.asm.obj              268    0         0      
       ctype.c.obj                    0      257       0      
       fd_mul_t2.asm.obj              252    0         0      
       memcpy_t2.asm.obj              156    0         0      
       ull_div_t2.asm.obj             150    0         0      
       vsnprintf.c.obj                136    0         0      
       memset_t2.asm.obj              122    0         0      
       copy_decompress_lzss.c.obj     104    0         0      
       s_frexp.c.obj                  100    0         0      
       _ltoa.c.obj                    84     0         0      
       atoi.c.obj                     76     0         0      
       fd_toi_t2.asm.obj              72     0         0      
       autoinit.c.obj                 68     0         0      
       boot_cortex_m.c.obj            52     0         0      
       i_tofd_t2.asm.obj              46     0         0      
       copy_zero_init.c.obj           28     0         0      
       memccpy.c.obj                  28     0         0      
       s_copysign.c.obj               26     0         0      
       strcmp.c.obj                   24     0         0      
       strchr.c.obj                   22     0         0      
       strcpy.c.obj                   20     0         0      
       strlen.c.obj                   20     0         0      
       wcslen.c.obj                   18     0         0      
       copy_decompress_none.c.obj     14     0         0      
       errno.c.obj                    8      0         4      
       exit.c.obj                     4      0         0      
       pre_init.c.obj                 4      0         0      
       div0.asm.obj                   2      0         0      
    +--+------------------------------+------+---------+---------+
       Total:                         7775   257       4      
                                                              
       Stack:                         0      0         2048   
       Linker Generated:              0      59        0      
    +--+------------------------------+------+---------+---------+
       Grand Total:                   9903   944       2818   


LINKER GENERATED COPY TABLES

__TI_cinit_table @ 00002a60 records: 3, size/record: 8, table size: 24
	.bss: load addr=00002a48, load size=00000008 bytes, run addr=20000a70, run size=0000008c bytes, compression=zero_init
	.vtable: load addr=00002a50, load size=00000008 bytes, run addr=20000000, run size=0000026c bytes, compression=zero_init
	.data: load addr=00002a58, load size=00000007 bytes, run addr=20000afc, run size=0000000a bytes, compression=lzss


LINKER GENERATED HANDLER TABLE

__TI_handler_table @ 00002a38 records: 3, size/record: 4, table size: 12
	index: 0, handler: __TI_zero_init
	index: 1, handler: __TI_decompress_lzss
	index: 2, handler: __TI_decompress_none


GLOBAL SYMBOLS: SORTED ALPHABETICALLY BY Name 

address   name                          
-------   ----                          
00002925  C$$EXIT                       
00002755  IntRegister                   
0000290b  ResetISR                      
20000a70  __STACK_END                   
00000800  __STACK_SIZE                  
20000470  __STACK_TOP                   
00002a60  __TI_CINIT_Base               
00002a78  __TI_CINIT_Limit              
00002a38  __TI_Handler_Table_Base       
00002a44  __TI_Handler_Table_Limit      
00002691  __TI_auto_init_nobinit_nopinit
00002435  __TI_decompress_lzss          
000028fd  __TI_decompress_none          
00002557  __TI_ltoa                     
ffffffff  __TI_pprof_out_hndl           
0000026d  __TI_printfi                  
ffffffff  __TI_prof_data_size           
ffffffff  __TI_prof_data_start          
00000000  __TI_static_base__            
0000281b  __TI_zero_init_nomemset       
000021bb  __aeabi_cdcmpeq               
000021bb  __aeabi_cdcmple               
00002241  __aeabi_cdrcmple              
00002649  __aeabi_d2iz                  
00001677  __aeabi_dadd                  
00001abd  __aeabi_ddiv                  
00001e29  __aeabi_dmul                  
0000166d  __aeabi_dsub                  
00002919  __aeabi_errno_addr            
000027ed  __aeabi_i2d                   
00000cbb  __aeabi_idiv0                 
00000cbb  __aeabi_ldiv0                 
0000234d  __aeabi_memclr                
0000234d  __aeabi_memclr4               
0000234d  __aeabi_memclr8               
00002089  __aeabi_memcpy                
00002089  __aeabi_memcpy4               
00002089  __aeabi_memcpy8               
0000234f  __aeabi_memset                
0000234f  __aeabi_memset4               
0000234f  __aeabi_memset8               
00002125  __aeabi_uldivmod              
ffffffff  __binit__                     
ffffffff  __c_args__                    
UNDEFED   __mpu_init                    
20000270  __stack                       
20000000  __start___llvm_prf_cnts       
20000000  __stop___llvm_prf_cnts        
00002789  _c_int00_noargs               
00002928  _ctypes_                      
20000b04  _running                      
UNDEFED   _system_post_cinit            
00002921  _system_pre_init              
20000af8  _timeout_ticks                
00002925  abort                         
000025fd  atoi                          
ffffffff  binit                         
00002303  button_getButton              
000022c9  button_init                   
00002853  copysign                      
00002853  copysignl                     
0000192d  cyBot_UART1_Handler           
00001913  cyBot_getByte                 
00001825  cyBot_sendByte                
000018f5  cyBot_uart_flush              
00001863  cyBot_uart_init               
0000184b  cyBot_uart_sendBuffer         
00001831  cyBot_uart_sendStr            
20000b00  errno                         
0000249d  frexp                         
0000249d  frexpl                        
20000000  g_pfnRAMVectors               
00000000  g_pfnVectors                  
20000ac4  isr_char_buffer               
20000afc  isr_counter                   
000028ed  lcd_clear                     
00000e91  lcd_gotoLine                  
00000cf9  lcd_init                      
00000ef7  lcd_printf                    
00000db9  lcd_putc                      
00000df1  lcd_puts                      
00000cbd  lcd_reverseNibble             
00000e0f  lcd_sendCommand               
00000e4d  lcd_sendNibble                
00000eb9  lcd_setCursorPos              
00001d19  ldexp                         
00001d19  ldexpl                        
00001fd9  main                          
00002837  memccpy                       
00002089  memcpy                        
00002355  memset                        
00001d19  scalbn                        
00001d19  scalbnl                       
0000289d  strchr                        
00002885  strcmp                        
000028b3  strcpy                        
000028c7  strlen                        
00001373  timer_getMicros               
0000131b  timer_getMillis               
00001255  timer_init                    
000012f7  timer_pause                   
00001309  timer_resume                  
000012cd  timer_stop                    
000013cd  timer_waitMicros              
000013ff  timer_waitMillis              
000026d5  vsnprintf                     
000028db  wcslen                        


GLOBAL SYMBOLS: SORTED BY Symbol Address 

address   name                          
-------   ----                          
00000000  __TI_static_base__            
00000000  g_pfnVectors                  
0000026d  __TI_printfi                  
00000800  __STACK_SIZE                  
00000cbb  __aeabi_idiv0                 
00000cbb  __aeabi_ldiv0                 
00000cbd  lcd_reverseNibble             
00000cf9  lcd_init                      
00000db9  lcd_putc                      
00000df1  lcd_puts                      
00000e0f  lcd_sendCommand               
00000e4d  lcd_sendNibble                
00000e91  lcd_gotoLine                  
00000eb9  lcd_setCursorPos              
00000ef7  lcd_printf                    
00001255  timer_init                    
000012cd  timer_stop                    
000012f7  timer_pause                   
00001309  timer_resume                  
0000131b  timer_getMillis               
00001373  timer_getMicros               
000013cd  timer_waitMicros              
000013ff  timer_waitMillis              
0000166d  __aeabi_dsub                  
00001677  __aeabi_dadd                  
00001825  cyBot_sendByte                
00001831  cyBot_uart_sendStr            
0000184b  cyBot_uart_sendBuffer         
00001863  cyBot_uart_init               
000018f5  cyBot_uart_flush              
00001913  cyBot_getByte                 
0000192d  cyBot_UART1_Handler           
00001abd  __aeabi_ddiv                  
00001d19  ldexp                         
00001d19  ldexpl                        
00001d19  scalbn                        
00001d19  scalbnl                       
00001e29  __aeabi_dmul                  
00001fd9  main                          
00002089  __aeabi_memcpy                
00002089  __aeabi_memcpy4               
00002089  __aeabi_memcpy8               
00002089  memcpy                        
00002125  __aeabi_uldivmod              
000021bb  __aeabi_cdcmpeq               
000021bb  __aeabi_cdcmple               
00002241  __aeabi_cdrcmple              
000022c9  button_init                   
00002303  button_getButton              
0000234d  __aeabi_memclr                
0000234d  __aeabi_memclr4               
0000234d  __aeabi_memclr8               
0000234f  __aeabi_memset                
0000234f  __aeabi_memset4               
0000234f  __aeabi_memset8               
00002355  memset                        
00002435  __TI_decompress_lzss          
0000249d  frexp                         
0000249d  frexpl                        
00002557  __TI_ltoa                     
000025fd  atoi                          
00002649  __aeabi_d2iz                  
00002691  __TI_auto_init_nobinit_nopinit
000026d5  vsnprintf                     
00002755  IntRegister                   
00002789  _c_int00_noargs               
000027ed  __aeabi_i2d                   
0000281b  __TI_zero_init_nomemset       
00002837  memccpy                       
00002853  copysign                      
00002853  copysignl                     
00002885  strcmp                        
0000289d  strchr                        
000028b3  strcpy                        
000028c7  strlen                        
000028db  wcslen                        
000028ed  lcd_clear                     
000028fd  __TI_decompress_none          
0000290b  ResetISR                      
00002919  __aeabi_errno_addr            
00002921  _system_pre_init              
00002925  C$$EXIT                       
00002925  abort                         
00002928  _ctypes_                      
00002a38  __TI_Handler_Table_Base       
00002a44  __TI_Handler_Table_Limit      
00002a60  __TI_CINIT_Base               
00002a78  __TI_CINIT_Limit              
20000000  __start___llvm_prf_cnts       
20000000  __stop___llvm_prf_cnts        
20000000  g_pfnRAMVectors               
20000270  __stack                       
20000470  __STACK_TOP                   
20000a70  __STACK_END                   
20000ac4  isr_char_buffer               
20000af8  _timeout_ticks                
20000afc  isr_counter                   
20000b00  errno                         
20000b04  _running                      
ffffffff  __TI_pprof_out_hndl           
ffffffff  __TI_prof_data_size           
ffffffff  __TI_prof_data_start          
ffffffff  __binit__                     
ffffffff  __c_args__                    
ffffffff  binit                         
UNDEFED   __mpu_init                    
UNDEFED   _system_post_cinit            

[107 symbols]
